3 [140548354333568] INFO perfrun.launcher <> - Launcher main begin
5 [140548354333568] INFO perfrun.launcher <> - MessageCatalogInit finished
5 [140548354333568] INFO perfrun.launcher <> - Launcher instance created
5 [140548354333568] INFO perfrun.launcher <> - argc = 7; cmdline = /opt/intel/oneapi/vtune/2024.2/bin64/amplxe-runss --ui-output-format xml --ui-output-fd 7 --option-file /export/home/acs/stud/d/dragos.boncan/cannycore/profiling/vtune_results/hybrid_mpi_pthread_P4_T2/config/runss.options 
143 [140548354333568] INFO perfrun.perfcollector <> - SEP tool path: /opt/intel/oneapi/vtune/2024.2/bin64/sep
156 [140548354333568] INFO perfrun.launcher <> - create msngr2::ICliToolContext
157 [140548354333568] INFO perfrun.launcher <> - create file finder object
157 [140548354333568] INFO perfrun.launcher <> - create a result directory: pattern = /export/home/acs/stud/d/dragos.boncan/cannycore/profiling/vtune_results/hybrid_mpi_pthread_P4_T2 pid = 4294967295
161 [140548354333568] INFO perfrun.sdk <> - checked that the directory /export/home/acs/stud/d/dragos.boncan/cannycore/profiling/vtune_results/hybrid_mpi_pthread_P4_T2 is a local directory
870 [140548354333568] INFO perfrun.sdk <> - the directory /export/home/acs/stud/d/dragos.boncan/cannycore/profiling/vtune_results/hybrid_mpi_pthread_P4_T2 is located on a share or its FS ID is unknown 12805120
870 [140548354333568] INFO perfrun.sdk <> - checked that the directory /tmp/amplxe-tmp-dragos.boncan is a local directory
870 [140548354333568] INFO perfrun.sdk <> - the directory /tmp/amplxe-tmp-dragos.boncan is a local directory with FS type ID 61267
871 [140548354333568] INFO perfrun.launcher <> - Create a local result directory /tmp/amplxe-tmp-dragos.boncan/amplxe-res-3376101-47560591396876168 due to the user result path /export/home/acs/stud/d/dragos.boncan/cannycore/profiling/vtune_results/hybrid_mpi_pthread_P4_T2 is located on a share
871 [140548354333568] INFO perfrun.launcher <> - create data directory = /tmp/amplxe-tmp-dragos.boncan/amplxe-res-3376101-47560591396876168/data.0
872 [140548354333568] INFO perfrun.launcher <> - create data directory = /export/home/acs/stud/d/dragos.boncan/cannycore/profiling/vtune_results/hybrid_mpi_pthread_P4_T2/data.0
873 [140548354333568] INFO perfrun.launcher <> - Creating the master collection flag
880 [140548354333568] INFO perfrun.launcher <> - Done creating the master collection flag
902 [140548227118848] INFO perfrun.launcher <> - plugin [remoteplug] was disabled because it doesn't support the given collection type.
903 [140548227118848] INFO perfrun.sdk <> - Allocating TMU :/tmp/amplxe-tmp-dragos.boncan/amplxe-res-3376101-47560591396876168/data.0/systemcollector-3376101-xl270-wn161.grid.pub.ro.sc
903 [140548227118848] INFO perfrun.system <> - Tpss based collection
904 [140548227118848] INFO perfrun.launcher <> - plugin [ptracecollector] was disabled because it doesn't support the given collection type.
904 [140548227118848] INFO perfrun.launcher <> - plugin [gpu] was disabled because it doesn't support the given collection type.
904 [140548227118848] INFO perfrun.launcher <> - plugin [] was disabled because it doesn't support the given collection type.
904 [140548227118848] INFO perfrun.launcher <> - plugin [] was disabled because it doesn't support the given collection type.
904 [140548227118848] INFO perfrun.launcher <> - plugin [] was disabled because it doesn't support the given collection type.
904 [140548227118848] INFO perfrun.mrte <> - system-wide mode is 0
904 [140548227118848] INFO perfrun.mrte <> - Getting  mrte profiling environment ...
922 [140548227118848] INFO perfrun.mrte <> - INTEL_MRTE_DATA_DIR=/tmp/amplxe-tmp-dragos.boncan/amplxe-res-3376101-47560591396876168/data.0
922 [140548227118848] INFO perfrun.mrte <> - INTEL_MRTE_HOST_NAME=xl270-wn161.grid.pub.ro
922 [140548227118848] INFO perfrun.mrte <> - JAVA_TOOL_OPTIONS=-agentlib:amplxe_samplingmrte_javaprof_1.0 -Dsun.boot.library.path=/opt/intel/oneapi/vtune/2024.2/lib32/runtime:/opt/intel/oneapi/vtune/2024.2/lib64/runtime
922 [140548227118848] INFO perfrun.mrte <> - LD_LIBRARY_PATH=/opt/intel/oneapi/vtune/2024.2/lib32/runtime:/opt/intel/oneapi/vtune/2024.2/lib64/runtime:/usr/lib64/openmpi/lib:/usr/local/cuda-11.4/lib64
922 [140548227118848] INFO perfrun.mrte <> - CORECLR_ENABLE_PROFILING=1
922 [140548227118848] INFO perfrun.mrte <> - CORECLR_PROFILER={AA5E4821-E3B1-479c-B7FF-5AD047D22CED}
922 [140548227118848] INFO perfrun.mrte <> - CORECLR_PROFILER_PATH=/opt/intel/oneapi/vtune/2024.2/lib64/libamplxe_samplingmrte_clrprof_1.0.so
922 [140548227118848] INFO perfrun.mrte <> - INTEL_MRTE_PROFILER_MODE=mixed
922 [140548227118848] INFO perfrun.mrte <> - Data directory: /tmp/amplxe-tmp-dragos.boncan/amplxe-res-3376101-47560591396876168/data.0
922 [140548227118848] INFO perfrun.mrte <> - Mrte plugin is initialized
922 [140548227118848] INFO perfrun.launcher <> - plugin [emon] was disabled because it doesn't support the given collection type.
922 [140548227118848] INFO perfrun.launcher <> - plugin [cuscol] was disabled because it doesn't support the given collection type.
922 [140548227118848] INFO perfrun.launcher <> - plugin [stdsrc] was disabled because it doesn't support the given collection type.
922 [140548227118848] INFO perfrun.launcher <> - plugin [sep] was disabled because it doesn't support the given collection type.
922 [140548227118848] INFO perfrun.launcher <> - plugin [vtsspp] was disabled because it doesn't support the given collection type.
922 [140548227118848] INFO perfrun.perfcollector <> - Platform type: 108
922 [140548227118848] INFO perfrun.sdk <> - Reading value (2) from file: /proc/sys/kernel/perf_event_paranoid
922 [140548227118848] INFO perfrun.perfcollector <> - checking access to: /opt/intel/oneapi/vtune/2024.2/bin64/amplxe-perf-priv
923 [140548227118848] INFO perfrun.perfcollector <> - dir found: /sys/bus/event_source/devices/software
923 [140548227118848] INFO perfrun.perfcollector <> - format: pmu format subdir doesn't exist
923 [140548227118848] INFO perfrun.perfcollector <> - hwInfo: not set, pmuFam: software
923 [140548227118848] INFO perfrun.perfcollector <> - pmu added: software, idx: 0
923 [140548227118848] INFO perfrun.perfcollector <> - dir found: /sys/bus/event_source/devices/uncore_imc_5
923 [140548227118848] INFO perfrun.perfcollector <> - format: event: config:0-7, mask:0-7
923 [140548227118848] INFO perfrun.perfcollector <> - format: edge: config:18, mask:18
923 [140548227118848] INFO perfrun.perfcollector <> - format: inv: config:23, mask:23
923 [140548227118848] INFO perfrun.perfcollector <> - format: umask: config:8-15, mask:8-15
923 [140548227118848] INFO perfrun.perfcollector <> - format: thresh: config:24-31, mask:24-31
923 [140548227118848] INFO perfrun.perfcollector <> - hwInfo: PERF_IMC_PMU_DETAILS
923 [140548227118848] INFO perfrun.perfcollector <> - pmu caps: raw,format,events
923 [140548227118848] INFO perfrun.perfcollector <> - pmu added: uncore_imc, idx: 5
923 [140548227118848] INFO perfrun.perfcollector <> - dir found: /sys/bus/event_source/devices/uncore_sbox_2
923 [140548227118848] INFO perfrun.perfcollector <> - format: event: config:0-7, mask:0-7
923 [140548227118848] INFO perfrun.perfcollector <> - format: edge: config:18, mask:18
923 [140548227118848] INFO perfrun.perfcollector <> - format: inv: config:23, mask:23
923 [140548227118848] INFO perfrun.perfcollector <> - format: umask: config:8-15, mask:8-15
923 [140548227118848] INFO perfrun.perfcollector <> - format: tid_en: config:19, mask:19
923 [140548227118848] INFO perfrun.perfcollector <> - format: thresh: config:24-31, mask:24-31
923 [140548227118848] INFO perfrun.perfcollector <> - hwInfo: not set, pmuFam: uncore_sbox
923 [140548227118848] INFO perfrun.perfcollector <> - pmu caps: raw,format
923 [140548227118848] INFO perfrun.perfcollector <> - pmu added: uncore_sbox, idx: 2
923 [140548227118848] INFO perfrun.perfcollector <> - dir found: /sys/bus/event_source/devices/uncore_cbox_8
923 [140548227118848] INFO perfrun.perfcollector <> - format: event: config:0-7, mask:0-7
924 [140548227118848] INFO perfrun.perfcollector <> - format: filter_link: config1:6-8, mask:6-8
924 [140548227118848] INFO perfrun.perfcollector <> - format: filter_c6: config1:61, mask:61
924 [140548227118848] INFO perfrun.perfcollector <> - format: edge: config:18, mask:18
924 [140548227118848] INFO perfrun.perfcollector <> - format: filter_isoc: config1:63, mask:63
924 [140548227118848] INFO perfrun.perfcollector <> - format: filter_tid: config1:0-5, mask:0-5
924 [140548227118848] INFO perfrun.perfcollector <> - format: filter_nid: config1:32-47, mask:32-47
924 [140548227118848] INFO perfrun.perfcollector <> - format: filter_nc: config1:62, mask:62
924 [140548227118848] INFO perfrun.perfcollector <> - format: umask: config:8-15, mask:8-15
924 [140548227118848] INFO perfrun.perfcollector <> - format: tid_en: config:19, mask:19
924 [140548227118848] INFO perfrun.perfcollector <> - format: thresh: config:24-31, mask:24-31
924 [140548227118848] INFO perfrun.perfcollector <> - format: filter_state: config1:17-23, mask:17-23
924 [140548227118848] INFO perfrun.perfcollector <> - format: filter_opc: config1:52-60, mask:52-60
924 [140548227118848] INFO perfrun.perfcollector <> - hwInfo: PERF_CBOX_PMU_DETAILS
924 [140548227118848] INFO perfrun.perfcollector <> - pmu caps: raw,format
924 [140548227118848] INFO perfrun.perfcollector <> - pmu added: uncore_cbox, idx: 8
924 [140548227118848] INFO perfrun.perfcollector <> - dir found: /sys/bus/event_source/devices/uncore_cbox_13
924 [140548227118848] INFO perfrun.perfcollector <> - format: event: config:0-7, mask:0-7
924 [140548227118848] INFO perfrun.perfcollector <> - format: filter_link: config1:6-8, mask:6-8
924 [140548227118848] INFO perfrun.perfcollector <> - format: filter_c6: config1:61, mask:61
924 [140548227118848] INFO perfrun.perfcollector <> - format: edge: config:18, mask:18
924 [140548227118848] INFO perfrun.perfcollector <> - format: filter_isoc: config1:63, mask:63
924 [140548227118848] INFO perfrun.perfcollector <> - format: filter_tid: config1:0-5, mask:0-5
925 [140548227118848] INFO perfrun.perfcollector <> - format: filter_nid: config1:32-47, mask:32-47
925 [140548227118848] INFO perfrun.perfcollector <> - format: filter_nc: config1:62, mask:62
925 [140548227118848] INFO perfrun.perfcollector <> - format: umask: config:8-15, mask:8-15
925 [140548227118848] INFO perfrun.perfcollector <> - format: tid_en: config:19, mask:19
925 [140548227118848] INFO perfrun.perfcollector <> - format: thresh: config:24-31, mask:24-31
925 [140548227118848] INFO perfrun.perfcollector <> - format: filter_state: config1:17-23, mask:17-23
925 [140548227118848] INFO perfrun.perfcollector <> - format: filter_opc: config1:52-60, mask:52-60
925 [140548227118848] INFO perfrun.perfcollector <> - hwInfo: PERF_CBOX_PMU_DETAILS
925 [140548227118848] INFO perfrun.perfcollector <> - pmu caps: raw,format
925 [140548227118848] INFO perfrun.perfcollector <> - pmu added: uncore_cbox, idx: 13
925 [140548227118848] INFO perfrun.perfcollector <> - dir found: /sys/bus/event_source/devices/uncore_r2pcie
925 [140548227118848] INFO perfrun.perfcollector <> - format: event: config:0-7, mask:0-7
925 [140548227118848] INFO perfrun.perfcollector <> - format: edge: config:18, mask:18
925 [140548227118848] INFO perfrun.perfcollector <> - format: inv: config:23, mask:23
925 [140548227118848] INFO perfrun.perfcollector <> - format: umask: config:8-15, mask:8-15
925 [140548227118848] INFO perfrun.perfcollector <> - format: thresh: config:24-31, mask:24-31
925 [140548227118848] INFO perfrun.perfcollector <> - hwInfo: not set, pmuFam: uncore_r2pcie
925 [140548227118848] INFO perfrun.perfcollector <> - pmu caps: raw,format
925 [140548227118848] INFO perfrun.perfcollector <> - pmu added: uncore_r2pcie, idx: 0
925 [140548227118848] INFO perfrun.perfcollector <> - dir found: /sys/bus/event_source/devices/uncore_sbox_0
926 [140548227118848] INFO perfrun.perfcollector <> - format: event: config:0-7, mask:0-7
926 [140548227118848] INFO perfrun.perfcollector <> - format: edge: config:18, mask:18
926 [140548227118848] INFO perfrun.perfcollector <> - format: inv: config:23, mask:23
926 [140548227118848] INFO perfrun.perfcollector <> - format: umask: config:8-15, mask:8-15
926 [140548227118848] INFO perfrun.perfcollector <> - format: tid_en: config:19, mask:19
926 [140548227118848] INFO perfrun.perfcollector <> - format: thresh: config:24-31, mask:24-31
926 [140548227118848] INFO perfrun.perfcollector <> - hwInfo: not set, pmuFam: uncore_sbox
926 [140548227118848] INFO perfrun.perfcollector <> - pmu caps: raw,format
926 [140548227118848] INFO perfrun.perfcollector <> - pmu added: uncore_sbox, idx: 0
926 [140548227118848] INFO perfrun.perfcollector <> - dir found: /sys/bus/event_source/devices/uncore_cbox_6
926 [140548227118848] INFO perfrun.perfcollector <> - format: event: config:0-7, mask:0-7
926 [140548227118848] INFO perfrun.perfcollector <> - format: filter_link: config1:6-8, mask:6-8
926 [140548227118848] INFO perfrun.perfcollector <> - format: filter_c6: config1:61, mask:61
926 [140548227118848] INFO perfrun.perfcollector <> - format: edge: config:18, mask:18
926 [140548227118848] INFO perfrun.perfcollector <> - format: filter_isoc: config1:63, mask:63
926 [140548227118848] INFO perfrun.perfcollector <> - format: filter_tid: config1:0-5, mask:0-5
926 [140548227118848] INFO perfrun.perfcollector <> - format: filter_nid: config1:32-47, mask:32-47
926 [140548227118848] INFO perfrun.perfcollector <> - format: filter_nc: config1:62, mask:62
926 [140548227118848] INFO perfrun.perfcollector <> - format: umask: config:8-15, mask:8-15
926 [140548227118848] INFO perfrun.perfcollector <> - format: tid_en: config:19, mask:19
926 [140548227118848] INFO perfrun.perfcollector <> - format: thresh: config:24-31, mask:24-31
926 [140548227118848] INFO perfrun.perfcollector <> - format: filter_state: config1:17-23, mask:17-23
926 [140548227118848] INFO perfrun.perfcollector <> - format: filter_opc: config1:52-60, mask:52-60
926 [140548227118848] INFO perfrun.perfcollector <> - hwInfo: PERF_CBOX_PMU_DETAILS
927 [140548227118848] INFO perfrun.perfcollector <> - pmu caps: raw,format
927 [140548227118848] INFO perfrun.perfcollector <> - pmu added: uncore_cbox, idx: 6
927 [140548227118848] INFO perfrun.perfcollector <> - dir found: /sys/bus/event_source/devices/uncore_imc_1
927 [140548227118848] INFO perfrun.perfcollector <> - format: event: config:0-7, mask:0-7
927 [140548227118848] INFO perfrun.perfcollector <> - format: edge: config:18, mask:18
927 [140548227118848] INFO perfrun.perfcollector <> - format: inv: config:23, mask:23
927 [140548227118848] INFO perfrun.perfcollector <> - format: umask: config:8-15, mask:8-15
927 [140548227118848] INFO perfrun.perfcollector <> - format: thresh: config:24-31, mask:24-31
927 [140548227118848] INFO perfrun.perfcollector <> - hwInfo: PERF_IMC_PMU_DETAILS
927 [140548227118848] INFO perfrun.perfcollector <> - pmu caps: raw,format,events
927 [140548227118848] INFO perfrun.perfcollector <> - pmu added: uncore_imc, idx: 1
927 [140548227118848] INFO perfrun.perfcollector <> - dir found: /sys/bus/event_source/devices/power
927 [140548227118848] INFO perfrun.perfcollector <> - format: event: config:0-7, mask:0-7
927 [140548227118848] INFO perfrun.perfcollector <> - hwInfo: not set, pmuFam: power
927 [140548227118848] INFO perfrun.perfcollector <> - pmu caps: raw,format,events
927 [140548227118848] INFO perfrun.perfcollector <> - pmu added: power, idx: 0
927 [140548227118848] INFO perfrun.perfcollector <> - dir found: /sys/bus/event_source/devices/uncore_cbox_11
927 [140548227118848] INFO perfrun.perfcollector <> - format: event: config:0-7, mask:0-7
927 [140548227118848] INFO perfrun.perfcollector <> - format: filter_link: config1:6-8, mask:6-8
927 [140548227118848] INFO perfrun.perfcollector <> - format: filter_c6: config1:61, mask:61
927 [140548227118848] INFO perfrun.perfcollector <> - format: edge: config:18, mask:18
927 [140548227118848] INFO perfrun.perfcollector <> - format: filter_isoc: config1:63, mask:63
927 [140548227118848] INFO perfrun.perfcollector <> - format: filter_tid: config1:0-5, mask:0-5
927 [140548227118848] INFO perfrun.perfcollector <> - format: filter_nid: config1:32-47, mask:32-47
927 [140548227118848] INFO perfrun.perfcollector <> - format: filter_nc: config1:62, mask:62
927 [140548227118848] INFO perfrun.perfcollector <> - format: umask: config:8-15, mask:8-15
928 [140548227118848] INFO perfrun.perfcollector <> - format: tid_en: config:19, mask:19
928 [140548227118848] INFO perfrun.perfcollector <> - format: thresh: config:24-31, mask:24-31
928 [140548227118848] INFO perfrun.perfcollector <> - format: filter_state: config1:17-23, mask:17-23
928 [140548227118848] INFO perfrun.perfcollector <> - format: filter_opc: config1:52-60, mask:52-60
928 [140548227118848] INFO perfrun.perfcollector <> - hwInfo: PERF_CBOX_PMU_DETAILS
928 [140548227118848] INFO perfrun.perfcollector <> - pmu caps: raw,format
928 [140548227118848] INFO perfrun.perfcollector <> - pmu added: uncore_cbox, idx: 11
928 [140548227118848] INFO perfrun.perfcollector <> - dir found: /sys/bus/event_source/devices/uncore_cbox_4
928 [140548227118848] INFO perfrun.perfcollector <> - format: event: config:0-7, mask:0-7
928 [140548227118848] INFO perfrun.perfcollector <> - format: filter_link: config1:6-8, mask:6-8
928 [140548227118848] INFO perfrun.perfcollector <> - format: filter_c6: config1:61, mask:61
928 [140548227118848] INFO perfrun.perfcollector <> - format: edge: config:18, mask:18
928 [140548227118848] INFO perfrun.perfcollector <> - format: filter_isoc: config1:63, mask:63
928 [140548227118848] INFO perfrun.perfcollector <> - format: filter_tid: config1:0-5, mask:0-5
928 [140548227118848] INFO perfrun.perfcollector <> - format: filter_nid: config1:32-47, mask:32-47
928 [140548227118848] INFO perfrun.perfcollector <> - format: filter_nc: config1:62, mask:62
928 [140548227118848] INFO perfrun.perfcollector <> - format: umask: config:8-15, mask:8-15
928 [140548227118848] INFO perfrun.perfcollector <> - format: tid_en: config:19, mask:19
928 [140548227118848] INFO perfrun.perfcollector <> - format: thresh: config:24-31, mask:24-31
928 [140548227118848] INFO perfrun.perfcollector <> - format: filter_state: config1:17-23, mask:17-23
928 [140548227118848] INFO perfrun.perfcollector <> - format: filter_opc: config1:52-60, mask:52-60
928 [140548227118848] INFO perfrun.perfcollector <> - hwInfo: PERF_CBOX_PMU_DETAILS
928 [140548227118848] INFO perfrun.perfcollector <> - pmu caps: raw,format
928 [140548227118848] INFO perfrun.perfcollector <> - pmu added: uncore_cbox, idx: 4
928 [140548227118848] INFO perfrun.perfcollector <> - dir found: /sys/bus/event_source/devices/uprobe
929 [140548227118848] INFO perfrun.perfcollector <> - format: retprobe: config:0, mask:0
929 [140548227118848] INFO perfrun.perfcollector <> - hwInfo: not set, pmuFam: uprobe
929 [140548227118848] INFO perfrun.perfcollector <> - pmu caps: raw,format
929 [140548227118848] INFO perfrun.perfcollector <> - pmu added: uprobe, idx: 0
929 [140548227118848] INFO perfrun.perfcollector <> - dir found: /sys/bus/event_source/devices/cpu
929 [140548227118848] INFO perfrun.perfcollector <> - format: event: config:0-7, mask:0-7
929 [140548227118848] INFO perfrun.perfcollector <> - format: pc: config:19, mask:19
929 [140548227118848] INFO perfrun.perfcollector <> - format: in_tx: config:32, mask:32
929 [140548227118848] INFO perfrun.perfcollector <> - format: edge: config:18, mask:18
929 [140548227118848] INFO perfrun.perfcollector <> - format: any: config:21, mask:21
929 [140548227118848] INFO perfrun.perfcollector <> - format: offcore_rsp: config1:0-63, mask:0-63
929 [140548227118848] INFO perfrun.perfcollector <> - format: in_tx_cp: config:33, mask:33
929 [140548227118848] INFO perfrun.perfcollector <> - format: ldlat: config1:0-15, mask:0-15
929 [140548227118848] INFO perfrun.perfcollector <> - format: inv: config:23, mask:23
929 [140548227118848] INFO perfrun.perfcollector <> - format: umask: config:8-15, mask:8-15
929 [140548227118848] INFO perfrun.perfcollector <> - format: cmask: config:24-31, mask:24-31
929 [140548227118848] INFO perfrun.perfcollector <> - hwInfo: PERF_CPU_PMU_DETAILS
929 [140548227118848] INFO perfrun.perfcollector <> - pmu caps: raw,format,events,ldlat,offcore_rsp
929 [140548227118848] INFO perfrun.perfcollector <> - pmu added: cpu, idx: 0
929 [140548227118848] INFO perfrun.perfcollector <> - dir found: /sys/bus/event_source/devices/uncore_r3qpi_0
929 [140548227118848] INFO perfrun.perfcollector <> - format: event: config:0-7, mask:0-7
929 [140548227118848] INFO perfrun.perfcollector <> - format: edge: config:18, mask:18
929 [140548227118848] INFO perfrun.perfcollector <> - format: inv: config:23, mask:23
929 [140548227118848] INFO perfrun.perfcollector <> - format: umask: config:8-15, mask:8-15
929 [140548227118848] INFO perfrun.perfcollector <> - format: thresh: config:24-31, mask:24-31
930 [140548227118848] INFO perfrun.perfcollector <> - hwInfo: not set, pmuFam: uncore_r3qpi
930 [140548227118848] INFO perfrun.perfcollector <> - pmu caps: raw,format
930 [140548227118848] INFO perfrun.perfcollector <> - pmu added: uncore_r3qpi, idx: 0
930 [140548227118848] INFO perfrun.perfcollector <> - dir found: /sys/bus/event_source/devices/cstate_core
930 [140548227118848] INFO perfrun.perfcollector <> - format: event: config:0-63, mask:0-63
930 [140548227118848] INFO perfrun.perfcollector <> - hwInfo: not set, pmuFam: cstate_core
930 [140548227118848] INFO perfrun.perfcollector <> - pmu caps: raw,format,events
930 [140548227118848] INFO perfrun.perfcollector <> - pmu added: cstate_core, idx: 0
930 [140548227118848] INFO perfrun.perfcollector <> - dir found: /sys/bus/event_source/devices/uncore_cbox_2
930 [140548227118848] INFO perfrun.perfcollector <> - format: event: config:0-7, mask:0-7
930 [140548227118848] INFO perfrun.perfcollector <> - format: filter_link: config1:6-8, mask:6-8
930 [140548227118848] INFO perfrun.perfcollector <> - format: filter_c6: config1:61, mask:61
930 [140548227118848] INFO perfrun.perfcollector <> - format: edge: config:18, mask:18
930 [140548227118848] INFO perfrun.perfcollector <> - format: filter_isoc: config1:63, mask:63
930 [140548227118848] INFO perfrun.perfcollector <> - format: filter_tid: config1:0-5, mask:0-5
930 [140548227118848] INFO perfrun.perfcollector <> - format: filter_nid: config1:32-47, mask:32-47
930 [140548227118848] INFO perfrun.perfcollector <> - format: filter_nc: config1:62, mask:62
930 [140548227118848] INFO perfrun.perfcollector <> - format: umask: config:8-15, mask:8-15
930 [140548227118848] INFO perfrun.perfcollector <> - format: tid_en: config:19, mask:19
930 [140548227118848] INFO perfrun.perfcollector <> - format: thresh: config:24-31, mask:24-31
930 [140548227118848] INFO perfrun.perfcollector <> - format: filter_state: config1:17-23, mask:17-23
930 [140548227118848] INFO perfrun.perfcollector <> - format: filter_opc: config1:52-60, mask:52-60
930 [140548227118848] INFO perfrun.perfcollector <> - hwInfo: PERF_CBOX_PMU_DETAILS
930 [140548227118848] INFO perfrun.perfcollector <> - pmu caps: raw,format
930 [140548227118848] INFO perfrun.perfcollector <> - pmu added: uncore_cbox, idx: 2
930 [140548227118848] INFO perfrun.perfcollector <> - dir found: /sys/bus/event_source/devices/breakpoint
930 [140548227118848] INFO perfrun.perfcollector <> - format: pmu format subdir doesn't exist
930 [140548227118848] INFO perfrun.perfcollector <> - hwInfo: not set, pmuFam: breakpoint
931 [140548227118848] INFO perfrun.perfcollector <> - pmu added: breakpoint, idx: 0
931 [140548227118848] INFO perfrun.perfcollector <> - dir found: /sys/bus/event_source/devices/uncore_ha_0
931 [140548227118848] INFO perfrun.perfcollector <> - format: event: config:0-7, mask:0-7
931 [140548227118848] INFO perfrun.perfcollector <> - format: edge: config:18, mask:18
931 [140548227118848] INFO perfrun.perfcollector <> - format: inv: config:23, mask:23
931 [140548227118848] INFO perfrun.perfcollector <> - format: umask: config:8-15, mask:8-15
931 [140548227118848] INFO perfrun.perfcollector <> - format: thresh: config:24-31, mask:24-31
931 [140548227118848] INFO perfrun.perfcollector <> - hwInfo: not set, pmuFam: uncore_ha
931 [140548227118848] INFO perfrun.perfcollector <> - pmu caps: raw,format
931 [140548227118848] INFO perfrun.perfcollector <> - pmu added: uncore_ha, idx: 0
931 [140548227118848] INFO perfrun.perfcollector <> - dir found: /sys/bus/event_source/devices/uncore_cbox_0
931 [140548227118848] INFO perfrun.perfcollector <> - format: event: config:0-7, mask:0-7
931 [140548227118848] INFO perfrun.perfcollector <> - format: filter_link: config1:6-8, mask:6-8
931 [140548227118848] INFO perfrun.perfcollector <> - format: filter_c6: config1:61, mask:61
931 [140548227118848] INFO perfrun.perfcollector <> - format: edge: config:18, mask:18
931 [140548227118848] INFO perfrun.perfcollector <> - format: filter_isoc: config1:63, mask:63
931 [140548227118848] INFO perfrun.perfcollector <> - format: filter_tid: config1:0-5, mask:0-5
931 [140548227118848] INFO perfrun.perfcollector <> - format: filter_nid: config1:32-47, mask:32-47
931 [140548227118848] INFO perfrun.perfcollector <> - format: filter_nc: config1:62, mask:62
931 [140548227118848] INFO perfrun.perfcollector <> - format: umask: config:8-15, mask:8-15
931 [140548227118848] INFO perfrun.perfcollector <> - format: tid_en: config:19, mask:19
931 [140548227118848] INFO perfrun.perfcollector <> - format: thresh: config:24-31, mask:24-31
932 [140548227118848] INFO perfrun.perfcollector <> - format: filter_state: config1:17-23, mask:17-23
932 [140548227118848] INFO perfrun.perfcollector <> - format: filter_opc: config1:52-60, mask:52-60
932 [140548227118848] INFO perfrun.perfcollector <> - hwInfo: PERF_CBOX_PMU_DETAILS
932 [140548227118848] INFO perfrun.perfcollector <> - pmu caps: raw,format
932 [140548227118848] INFO perfrun.perfcollector <> - pmu added: uncore_cbox, idx: 0
932 [140548227118848] INFO perfrun.perfcollector <> - dir found: /sys/bus/event_source/devices/tracepoint
932 [140548227118848] INFO perfrun.perfcollector <> - format: pmu format subdir doesn't exist
932 [140548227118848] INFO perfrun.perfcollector <> - hwInfo: not set, pmuFam: tracepoint
932 [140548227118848] INFO perfrun.perfcollector <> - pmu added: tracepoint, idx: 0
932 [140548227118848] INFO perfrun.perfcollector <> - dir found: /sys/bus/event_source/devices/uncore_sbox_3
932 [140548227118848] INFO perfrun.perfcollector <> - format: event: config:0-7, mask:0-7
932 [140548227118848] INFO perfrun.perfcollector <> - format: edge: config:18, mask:18
932 [140548227118848] INFO perfrun.perfcollector <> - format: inv: config:23, mask:23
932 [140548227118848] INFO perfrun.perfcollector <> - format: umask: config:8-15, mask:8-15
932 [140548227118848] INFO perfrun.perfcollector <> - format: tid_en: config:19, mask:19
932 [140548227118848] INFO perfrun.perfcollector <> - format: thresh: config:24-31, mask:24-31
932 [140548227118848] INFO perfrun.perfcollector <> - hwInfo: not set, pmuFam: uncore_sbox
932 [140548227118848] INFO perfrun.perfcollector <> - pmu caps: raw,format
932 [140548227118848] INFO perfrun.perfcollector <> - pmu added: uncore_sbox, idx: 3
932 [140548227118848] INFO perfrun.perfcollector <> - dir found: /sys/bus/event_source/devices/uncore_cbox_9
932 [140548227118848] INFO perfrun.perfcollector <> - format: event: config:0-7, mask:0-7
932 [140548227118848] INFO perfrun.perfcollector <> - format: filter_link: config1:6-8, mask:6-8
932 [140548227118848] INFO perfrun.perfcollector <> - format: filter_c6: config1:61, mask:61
932 [140548227118848] INFO perfrun.perfcollector <> - format: edge: config:18, mask:18
932 [140548227118848] INFO perfrun.perfcollector <> - format: filter_isoc: config1:63, mask:63
932 [140548227118848] INFO perfrun.perfcollector <> - format: filter_tid: config1:0-5, mask:0-5
932 [140548227118848] INFO perfrun.perfcollector <> - format: filter_nid: config1:32-47, mask:32-47
933 [140548227118848] INFO perfrun.perfcollector <> - format: filter_nc: config1:62, mask:62
933 [140548227118848] INFO perfrun.perfcollector <> - format: umask: config:8-15, mask:8-15
933 [140548227118848] INFO perfrun.perfcollector <> - format: tid_en: config:19, mask:19
933 [140548227118848] INFO perfrun.perfcollector <> - format: thresh: config:24-31, mask:24-31
933 [140548227118848] INFO perfrun.perfcollector <> - format: filter_state: config1:17-23, mask:17-23
933 [140548227118848] INFO perfrun.perfcollector <> - format: filter_opc: config1:52-60, mask:52-60
933 [140548227118848] INFO perfrun.perfcollector <> - hwInfo: PERF_CBOX_PMU_DETAILS
933 [140548227118848] INFO perfrun.perfcollector <> - pmu caps: raw,format
933 [140548227118848] INFO perfrun.perfcollector <> - pmu added: uncore_cbox, idx: 9
933 [140548227118848] INFO perfrun.perfcollector <> - dir found: /sys/bus/event_source/devices/cstate_pkg
933 [140548227118848] INFO perfrun.perfcollector <> - format: event: config:0-63, mask:0-63
933 [140548227118848] INFO perfrun.perfcollector <> - hwInfo: not set, pmuFam: cstate_pkg
933 [140548227118848] INFO perfrun.perfcollector <> - pmu caps: raw,format,events
933 [140548227118848] INFO perfrun.perfcollector <> - pmu added: cstate_pkg, idx: 0
933 [140548227118848] INFO perfrun.perfcollector <> - dir found: /sys/bus/event_source/devices/uncore_imc_4
933 [140548227118848] INFO perfrun.perfcollector <> - format: event: config:0-7, mask:0-7
933 [140548227118848] INFO perfrun.perfcollector <> - format: edge: config:18, mask:18
933 [140548227118848] INFO perfrun.perfcollector <> - format: inv: config:23, mask:23
933 [140548227118848] INFO perfrun.perfcollector <> - format: umask: config:8-15, mask:8-15
933 [140548227118848] INFO perfrun.perfcollector <> - format: thresh: config:24-31, mask:24-31
933 [140548227118848] INFO perfrun.perfcollector <> - hwInfo: PERF_IMC_PMU_DETAILS
933 [140548227118848] INFO perfrun.perfcollector <> - pmu caps: raw,format,events
933 [140548227118848] INFO perfrun.perfcollector <> - pmu added: uncore_imc, idx: 4
933 [140548227118848] INFO perfrun.perfcollector <> - dir found: /sys/bus/event_source/devices/uncore_ubox
933 [140548227118848] INFO perfrun.perfcollector <> - format: event: config:0-7, mask:0-7
933 [140548227118848] INFO perfrun.perfcollector <> - format: edge: config:18, mask:18
934 [140548227118848] INFO perfrun.perfcollector <> - format: inv: config:23, mask:23
934 [140548227118848] INFO perfrun.perfcollector <> - format: umask: config:8-15, mask:8-15
934 [140548227118848] INFO perfrun.perfcollector <> - format: thresh: config:24-28, mask:24-28
934 [140548227118848] INFO perfrun.perfcollector <> - hwInfo: not set, pmuFam: uncore_ubox
934 [140548227118848] INFO perfrun.perfcollector <> - pmu caps: raw,format
934 [140548227118848] INFO perfrun.perfcollector <> - pmu added: uncore_ubox, idx: 0
934 [140548227118848] INFO perfrun.perfcollector <> - dir found: /sys/bus/event_source/devices/uncore_sbox_1
934 [140548227118848] INFO perfrun.perfcollector <> - format: event: config:0-7, mask:0-7
934 [140548227118848] INFO perfrun.perfcollector <> - format: edge: config:18, mask:18
934 [140548227118848] INFO perfrun.perfcollector <> - format: inv: config:23, mask:23
934 [140548227118848] INFO perfrun.perfcollector <> - format: umask: config:8-15, mask:8-15
934 [140548227118848] INFO perfrun.perfcollector <> - format: tid_en: config:19, mask:19
934 [140548227118848] INFO perfrun.perfcollector <> - format: thresh: config:24-31, mask:24-31
934 [140548227118848] INFO perfrun.perfcollector <> - hwInfo: not set, pmuFam: uncore_sbox
934 [140548227118848] INFO perfrun.perfcollector <> - pmu caps: raw,format
934 [140548227118848] INFO perfrun.perfcollector <> - pmu added: uncore_sbox, idx: 1
934 [140548227118848] INFO perfrun.perfcollector <> - dir found: /sys/bus/event_source/devices/uncore_cbox_7
934 [140548227118848] INFO perfrun.perfcollector <> - format: event: config:0-7, mask:0-7
934 [140548227118848] INFO perfrun.perfcollector <> - format: filter_link: config1:6-8, mask:6-8
934 [140548227118848] INFO perfrun.perfcollector <> - format: filter_c6: config1:61, mask:61
934 [140548227118848] INFO perfrun.perfcollector <> - format: edge: config:18, mask:18
934 [140548227118848] INFO perfrun.perfcollector <> - format: filter_isoc: config1:63, mask:63
934 [140548227118848] INFO perfrun.perfcollector <> - format: filter_tid: config1:0-5, mask:0-5
934 [140548227118848] INFO perfrun.perfcollector <> - format: filter_nid: config1:32-47, mask:32-47
935 [140548227118848] INFO perfrun.perfcollector <> - format: filter_nc: config1:62, mask:62
935 [140548227118848] INFO perfrun.perfcollector <> - format: umask: config:8-15, mask:8-15
935 [140548227118848] INFO perfrun.perfcollector <> - format: tid_en: config:19, mask:19
935 [140548227118848] INFO perfrun.perfcollector <> - format: thresh: config:24-31, mask:24-31
935 [140548227118848] INFO perfrun.perfcollector <> - format: filter_state: config1:17-23, mask:17-23
935 [140548227118848] INFO perfrun.perfcollector <> - format: filter_opc: config1:52-60, mask:52-60
935 [140548227118848] INFO perfrun.perfcollector <> - hwInfo: PERF_CBOX_PMU_DETAILS
935 [140548227118848] INFO perfrun.perfcollector <> - pmu caps: raw,format
935 [140548227118848] INFO perfrun.perfcollector <> - pmu added: uncore_cbox, idx: 7
935 [140548227118848] INFO perfrun.perfcollector <> - dir found: /sys/bus/event_source/devices/uncore_cbox_12
935 [140548227118848] INFO perfrun.perfcollector <> - format: event: config:0-7, mask:0-7
935 [140548227118848] INFO perfrun.perfcollector <> - format: filter_link: config1:6-8, mask:6-8
935 [140548227118848] INFO perfrun.perfcollector <> - format: filter_c6: config1:61, mask:61
935 [140548227118848] INFO perfrun.perfcollector <> - format: edge: config:18, mask:18
935 [140548227118848] INFO perfrun.perfcollector <> - format: filter_isoc: config1:63, mask:63
935 [140548227118848] INFO perfrun.perfcollector <> - format: filter_tid: config1:0-5, mask:0-5
935 [140548227118848] INFO perfrun.perfcollector <> - format: filter_nid: config1:32-47, mask:32-47
935 [140548227118848] INFO perfrun.perfcollector <> - format: filter_nc: config1:62, mask:62
935 [140548227118848] INFO perfrun.perfcollector <> - format: umask: config:8-15, mask:8-15
935 [140548227118848] INFO perfrun.perfcollector <> - format: tid_en: config:19, mask:19
935 [140548227118848] INFO perfrun.perfcollector <> - format: thresh: config:24-31, mask:24-31
935 [140548227118848] INFO perfrun.perfcollector <> - format: filter_state: config1:17-23, mask:17-23
935 [140548227118848] INFO perfrun.perfcollector <> - format: filter_opc: config1:52-60, mask:52-60
936 [140548227118848] INFO perfrun.perfcollector <> - hwInfo: PERF_CBOX_PMU_DETAILS
936 [140548227118848] INFO perfrun.perfcollector <> - pmu caps: raw,format
936 [140548227118848] INFO perfrun.perfcollector <> - pmu added: uncore_cbox, idx: 12
936 [140548227118848] INFO perfrun.perfcollector <> - dir found: /sys/bus/event_source/devices/kprobe
936 [140548227118848] INFO perfrun.perfcollector <> - format: retprobe: config:0, mask:0
936 [140548227118848] INFO perfrun.perfcollector <> - hwInfo: not set, pmuFam: kprobe
936 [140548227118848] INFO perfrun.perfcollector <> - pmu caps: raw,format
936 [140548227118848] INFO perfrun.perfcollector <> - pmu added: kprobe, idx: 0
936 [140548227118848] INFO perfrun.perfcollector <> - dir found: /sys/bus/event_source/devices/uncore_cbox_5
936 [140548227118848] INFO perfrun.perfcollector <> - format: event: config:0-7, mask:0-7
936 [140548227118848] INFO perfrun.perfcollector <> - format: filter_link: config1:6-8, mask:6-8
936 [140548227118848] INFO perfrun.perfcollector <> - format: filter_c6: config1:61, mask:61
936 [140548227118848] INFO perfrun.perfcollector <> - format: edge: config:18, mask:18
936 [140548227118848] INFO perfrun.perfcollector <> - format: filter_isoc: config1:63, mask:63
936 [140548227118848] INFO perfrun.perfcollector <> - format: filter_tid: config1:0-5, mask:0-5
936 [140548227118848] INFO perfrun.perfcollector <> - format: filter_nid: config1:32-47, mask:32-47
936 [140548227118848] INFO perfrun.perfcollector <> - format: filter_nc: config1:62, mask:62
936 [140548227118848] INFO perfrun.perfcollector <> - format: umask: config:8-15, mask:8-15
936 [140548227118848] INFO perfrun.perfcollector <> - format: tid_en: config:19, mask:19
936 [140548227118848] INFO perfrun.perfcollector <> - format: thresh: config:24-31, mask:24-31
936 [140548227118848] INFO perfrun.perfcollector <> - format: filter_state: config1:17-23, mask:17-23
936 [140548227118848] INFO perfrun.perfcollector <> - format: filter_opc: config1:52-60, mask:52-60
936 [140548227118848] INFO perfrun.perfcollector <> - hwInfo: PERF_CBOX_PMU_DETAILS
936 [140548227118848] INFO perfrun.perfcollector <> - pmu caps: raw,format
936 [140548227118848] INFO perfrun.perfcollector <> - pmu added: uncore_cbox, idx: 5
936 [140548227118848] INFO perfrun.perfcollector <> - dir found: /sys/bus/event_source/devices/uncore_imc_0
937 [140548227118848] INFO perfrun.perfcollector <> - format: event: config:0-7, mask:0-7
937 [140548227118848] INFO perfrun.perfcollector <> - format: edge: config:18, mask:18
937 [140548227118848] INFO perfrun.perfcollector <> - format: inv: config:23, mask:23
937 [140548227118848] INFO perfrun.perfcollector <> - format: umask: config:8-15, mask:8-15
937 [140548227118848] INFO perfrun.perfcollector <> - format: thresh: config:24-31, mask:24-31
937 [140548227118848] INFO perfrun.perfcollector <> - hwInfo: PERF_IMC_PMU_DETAILS
937 [140548227118848] INFO perfrun.perfcollector <> - pmu caps: raw,format,events
937 [140548227118848] INFO perfrun.perfcollector <> - pmu added: uncore_imc, idx: 0
937 [140548227118848] INFO perfrun.perfcollector <> - dir found: /sys/bus/event_source/devices/uncore_cbox_10
937 [140548227118848] INFO perfrun.perfcollector <> - format: event: config:0-7, mask:0-7
937 [140548227118848] INFO perfrun.perfcollector <> - format: filter_link: config1:6-8, mask:6-8
937 [140548227118848] INFO perfrun.perfcollector <> - format: filter_c6: config1:61, mask:61
937 [140548227118848] INFO perfrun.perfcollector <> - format: edge: config:18, mask:18
937 [140548227118848] INFO perfrun.perfcollector <> - format: filter_isoc: config1:63, mask:63
937 [140548227118848] INFO perfrun.perfcollector <> - format: filter_tid: config1:0-5, mask:0-5
937 [140548227118848] INFO perfrun.perfcollector <> - format: filter_nid: config1:32-47, mask:32-47
937 [140548227118848] INFO perfrun.perfcollector <> - format: filter_nc: config1:62, mask:62
937 [140548227118848] INFO perfrun.perfcollector <> - format: umask: config:8-15, mask:8-15
937 [140548227118848] INFO perfrun.perfcollector <> - format: tid_en: config:19, mask:19
937 [140548227118848] INFO perfrun.perfcollector <> - format: thresh: config:24-31, mask:24-31
937 [140548227118848] INFO perfrun.perfcollector <> - format: filter_state: config1:17-23, mask:17-23
937 [140548227118848] INFO perfrun.perfcollector <> - format: filter_opc: config1:52-60, mask:52-60
937 [140548227118848] INFO perfrun.perfcollector <> - hwInfo: PERF_CBOX_PMU_DETAILS
937 [140548227118848] INFO perfrun.perfcollector <> - pmu caps: raw,format
937 [140548227118848] INFO perfrun.perfcollector <> - pmu added: uncore_cbox, idx: 10
937 [140548227118848] INFO perfrun.perfcollector <> - dir found: /sys/bus/event_source/devices/uncore_pcu
938 [140548227118848] INFO perfrun.perfcollector <> - format: filter_band2: config1:16-23, mask:16-23
938 [140548227118848] INFO perfrun.perfcollector <> - format: event: config:0-7, mask:0-7
938 [140548227118848] INFO perfrun.perfcollector <> - format: filter_band0: config1:0-7, mask:0-7
938 [140548227118848] INFO perfrun.perfcollector <> - format: edge: config:18, mask:18
938 [140548227118848] INFO perfrun.perfcollector <> - format: occ_invert: config:30, mask:30
938 [140548227118848] INFO perfrun.perfcollector <> - format: occ_edge: config:14-51, mask:14-51
938 [140548227118848] INFO perfrun.perfcollector <> - format: filter_band3: config1:24-31, mask:24-31
938 [140548227118848] INFO perfrun.perfcollector <> - format: filter_band1: config1:8-15, mask:8-15
938 [140548227118848] INFO perfrun.perfcollector <> - format: inv: config:23, mask:23
938 [140548227118848] INFO perfrun.perfcollector <> - format: thresh: config:24-28, mask:24-28
938 [140548227118848] INFO perfrun.perfcollector <> - format: occ_sel: config:14-15, mask:14-15
938 [140548227118848] INFO perfrun.perfcollector <> - hwInfo: not set, pmuFam: uncore_pcu
938 [140548227118848] INFO perfrun.perfcollector <> - pmu caps: raw,format
938 [140548227118848] INFO perfrun.perfcollector <> - pmu added: uncore_pcu, idx: 0
938 [140548227118848] INFO perfrun.perfcollector <> - dir found: /sys/bus/event_source/devices/uncore_r3qpi_1
938 [140548227118848] INFO perfrun.perfcollector <> - format: event: config:0-7, mask:0-7
938 [140548227118848] INFO perfrun.perfcollector <> - format: edge: config:18, mask:18
938 [140548227118848] INFO perfrun.perfcollector <> - format: inv: config:23, mask:23
938 [140548227118848] INFO perfrun.perfcollector <> - format: umask: config:8-15, mask:8-15
938 [140548227118848] INFO perfrun.perfcollector <> - format: thresh: config:24-31, mask:24-31
938 [140548227118848] INFO perfrun.perfcollector <> - hwInfo: not set, pmuFam: uncore_r3qpi
938 [140548227118848] INFO perfrun.perfcollector <> - pmu caps: raw,format
938 [140548227118848] INFO perfrun.perfcollector <> - pmu added: uncore_r3qpi, idx: 1
938 [140548227118848] INFO perfrun.perfcollector <> - dir found: /sys/bus/event_source/devices/msr
939 [140548227118848] INFO perfrun.perfcollector <> - format: event: config:0-63, mask:0-63
939 [140548227118848] INFO perfrun.perfcollector <> - hwInfo: not set, pmuFam: msr
939 [140548227118848] INFO perfrun.perfcollector <> - pmu caps: raw,format,events
939 [140548227118848] INFO perfrun.perfcollector <> - pmu added: msr, idx: 0
939 [140548227118848] INFO perfrun.perfcollector <> - dir found: /sys/bus/event_source/devices/uncore_cbox_3
939 [140548227118848] INFO perfrun.perfcollector <> - format: event: config:0-7, mask:0-7
939 [140548227118848] INFO perfrun.perfcollector <> - format: filter_link: config1:6-8, mask:6-8
939 [140548227118848] INFO perfrun.perfcollector <> - format: filter_c6: config1:61, mask:61
939 [140548227118848] INFO perfrun.perfcollector <> - format: edge: config:18, mask:18
939 [140548227118848] INFO perfrun.perfcollector <> - format: filter_isoc: config1:63, mask:63
939 [140548227118848] INFO perfrun.perfcollector <> - format: filter_tid: config1:0-5, mask:0-5
939 [140548227118848] INFO perfrun.perfcollector <> - format: filter_nid: config1:32-47, mask:32-47
939 [140548227118848] INFO perfrun.perfcollector <> - format: filter_nc: config1:62, mask:62
939 [140548227118848] INFO perfrun.perfcollector <> - format: umask: config:8-15, mask:8-15
939 [140548227118848] INFO perfrun.perfcollector <> - format: tid_en: config:19, mask:19
939 [140548227118848] INFO perfrun.perfcollector <> - format: thresh: config:24-31, mask:24-31
939 [140548227118848] INFO perfrun.perfcollector <> - format: filter_state: config1:17-23, mask:17-23
939 [140548227118848] INFO perfrun.perfcollector <> - format: filter_opc: config1:52-60, mask:52-60
939 [140548227118848] INFO perfrun.perfcollector <> - hwInfo: PERF_CBOX_PMU_DETAILS
939 [140548227118848] INFO perfrun.perfcollector <> - pmu caps: raw,format
939 [140548227118848] INFO perfrun.perfcollector <> - pmu added: uncore_cbox, idx: 3
939 [140548227118848] INFO perfrun.perfcollector <> - dir found: /sys/bus/event_source/devices/intel_pt
939 [140548227118848] INFO perfrun.perfcollector <> - format: ptw: config:12, mask:12
939 [140548227118848] INFO perfrun.perfcollector <> - format: event: config:31, mask:31
940 [140548227118848] INFO perfrun.perfcollector <> - format: cyc_thresh: config:19-22, mask:19-22
940 [140548227118848] INFO perfrun.perfcollector <> - format: pt: config:0, mask:0
940 [140548227118848] INFO perfrun.perfcollector <> - format: notnt: config:55, mask:55
940 [140548227118848] INFO perfrun.perfcollector <> - format: branch: config:13, mask:13
940 [140548227118848] INFO perfrun.perfcollector <> - format: tsc: config:10, mask:10
940 [140548227118848] INFO perfrun.perfcollector <> - format: pwr_evt: config:4, mask:4
940 [140548227118848] INFO perfrun.perfcollector <> - format: fup_on_ptw: config:5, mask:5
940 [140548227118848] INFO perfrun.perfcollector <> - format: cyc: config:1, mask:1
940 [140548227118848] INFO perfrun.perfcollector <> - format: noretcomp: config:11, mask:11
940 [140548227118848] INFO perfrun.perfcollector <> - format: mtc: config:9, mask:9
940 [140548227118848] INFO perfrun.perfcollector <> - format: psb_period: config:24-27, mask:24-27
940 [140548227118848] INFO perfrun.perfcollector <> - format: mtc_period: config:14-17, mask:14-17
940 [140548227118848] INFO perfrun.perfcollector <> - hwInfo: not set, pmuFam: intel_pt
940 [140548227118848] INFO perfrun.perfcollector <> - pmu caps: raw,format
940 [140548227118848] INFO perfrun.perfcollector <> - pmu added: intel_pt, idx: 0
940 [140548227118848] INFO perfrun.perfcollector <> - dir found: /sys/bus/event_source/devices/uncore_ha_1
940 [140548227118848] INFO perfrun.perfcollector <> - format: event: config:0-7, mask:0-7
940 [140548227118848] INFO perfrun.perfcollector <> - format: edge: config:18, mask:18
940 [140548227118848] INFO perfrun.perfcollector <> - format: inv: config:23, mask:23
940 [140548227118848] INFO perfrun.perfcollector <> - format: umask: config:8-15, mask:8-15
940 [140548227118848] INFO perfrun.perfcollector <> - format: thresh: config:24-31, mask:24-31
940 [140548227118848] INFO perfrun.perfcollector <> - hwInfo: not set, pmuFam: uncore_ha
940 [140548227118848] INFO perfrun.perfcollector <> - pmu caps: raw,format
940 [140548227118848] INFO perfrun.perfcollector <> - pmu added: uncore_ha, idx: 1
940 [140548227118848] INFO perfrun.perfcollector <> - dir found: /sys/bus/event_source/devices/uncore_cbox_1
941 [140548227118848] INFO perfrun.perfcollector <> - format: event: config:0-7, mask:0-7
941 [140548227118848] INFO perfrun.perfcollector <> - format: filter_link: config1:6-8, mask:6-8
941 [140548227118848] INFO perfrun.perfcollector <> - format: filter_c6: config1:61, mask:61
941 [140548227118848] INFO perfrun.perfcollector <> - format: edge: config:18, mask:18
941 [140548227118848] INFO perfrun.perfcollector <> - format: filter_isoc: config1:63, mask:63
941 [140548227118848] INFO perfrun.perfcollector <> - format: filter_tid: config1:0-5, mask:0-5
941 [140548227118848] INFO perfrun.perfcollector <> - format: filter_nid: config1:32-47, mask:32-47
941 [140548227118848] INFO perfrun.perfcollector <> - format: filter_nc: config1:62, mask:62
941 [140548227118848] INFO perfrun.perfcollector <> - format: umask: config:8-15, mask:8-15
941 [140548227118848] INFO perfrun.perfcollector <> - format: tid_en: config:19, mask:19
941 [140548227118848] INFO perfrun.perfcollector <> - format: thresh: config:24-31, mask:24-31
941 [140548227118848] INFO perfrun.perfcollector <> - format: filter_state: config1:17-23, mask:17-23
941 [140548227118848] INFO perfrun.perfcollector <> - format: filter_opc: config1:52-60, mask:52-60
941 [140548227118848] INFO perfrun.perfcollector <> - hwInfo: PERF_CBOX_PMU_DETAILS
941 [140548227118848] INFO perfrun.perfcollector <> - pmu caps: raw,format
941 [140548227118848] INFO perfrun.perfcollector <> - pmu added: uncore_cbox, idx: 1
941 [140548227118848] INFO perfrun.perfcollector <> - Perf tool path: /opt/intel/oneapi/vtune/2024.2/bin64/amplxe-perf
941 [140548227118848] INFO perfrun.perfcollector <> - Data directory: /tmp/amplxe-tmp-dragos.boncan/amplxe-res-3376101-47560591396876168/data.0
941 [140548227118848] INFO perfrun.perfcollector <> - Temp directory: /tmp/amplxe-tmp-dragos.boncan
941 [140548227118848] INFO perfrun.perfcollector <> - Perf sync path: /opt/intel/oneapi/vtune/2024.2/bin64/amplxe-perf-sync
941 [140548227118848] INFO perfrun.perfcollector <> - Hypervisor = None
941 [140548227118848] INFO perfrun.perfcollector <> - Counting mode is requested
941 [140548227118848] WARN perfrun.launcher <> - Messenger::say: Only user space will be profiled due to credentials lack. Consider changing /proc/sys/kernel/perf_event_paranoid file for enabling kernel space profiling.
941 [140548227118848] INFO perfrun.perfcollector <> - Sample after multiplier: 1
941 [140548227118848] INFO perfrun.sdk <> - runCmd: /opt/intel/oneapi/vtune/2024.2/bin64/sep -dry-run -sam 1 -ec CPU_CLK_UNHALTED.THREAD,CPU_CLK_UNHALTED.REF_TSC:sample:sa=2400000,INST_RETIRED.ANY:sample:sa=2400000,CPU_CLK_UNHALTED.REF_XCLK,CPU_CLK_UNHALTED.ONE_THREAD_ACTIVE,FP_ARITH_INST_RETIRED.SCALAR_SINGLE,FP_ARITH_INST_RETIRED.128B_PACKED_SINGLE,FP_ARITH_INST_RETIRED.256B_PACKED_SINGLE,FP_ARITH_INST_RETIRED.SCALAR_DOUBLE,FP_ARITH_INST_RETIRED.128B_PACKED_DOUBLE,FP_ARITH_INST_RETIRED.256B_PACKED_DOUBLE,INST_RETIRED.X87,UOPS_RETIRED.RETIRE_SLOTS:sample:sa=2000003,UOPS_EXECUTED.THREAD -experimental
942 [140548227118848] INFO perfrun.sdk <> - runCmd started PID 3376105
975 [140548227118848] INFO perfrun.perfcollector <> - SepDryRun RC = true
976 [140548227118848] INFO perfrun.perfcollector <> - Loading SEP event configuration
976 [140548227118848] INFO perfrun.perfcollector <> - pmu: cpu
976 [140548227118848] INFO perfrun.perfcollector <> - group_id: 0
976 [140548227118848] INFO perfrun.perfcollector <> - event_id: 2: INST_RETIRED.ANY
976 [140548227118848] INFO perfrun.perfcollector <> - event_id: 0: CPU_CLK_UNHALTED.THREAD
976 [140548227118848] INFO perfrun.perfcollector <> - event_id: 1: CPU_CLK_UNHALTED.REF_TSC
976 [140548227118848] INFO perfrun.perfcollector <> - event_id: 3: CPU_CLK_UNHALTED.REF_XCLK
976 [140548227118848] INFO perfrun.perfcollector <> - event_id: 4: CPU_CLK_UNHALTED.ONE_THREAD_ACTIVE
976 [140548227118848] INFO perfrun.perfcollector <> - event_id: 5: FP_ARITH_INST_RETIRED.SCALAR_SINGLE
976 [140548227118848] INFO perfrun.perfcollector <> - event_id: 6: FP_ARITH_INST_RETIRED.128B_PACKED_SINGLE
976 [140548227118848] INFO perfrun.perfcollector <> - event_id: 3: cccr: addr: 186, value: 53013c
976 [140548227118848] INFO perfrun.perfcollector <> - event_id: 4: cccr: addr: 187, value: 53023c
976 [140548227118848] INFO perfrun.perfcollector <> - event_id: 5: cccr: addr: 188, value: 5302c7
976 [140548227118848] INFO perfrun.perfcollector <> - event_id: 6: cccr: addr: 189, value: 5308c7
976 [140548227118848] INFO perfrun.perfcollector <> - event_id: 2: data: addr: 309, value: ffffffffffdb6100
976 [140548227118848] INFO perfrun.perfcollector <> - event_id: 0: data: addr: 30a, value: ffffffffffe17b7d
976 [140548227118848] INFO perfrun.perfcollector <> - event_id: 1: data: addr: 30b, value: ffffffffffdb6100
976 [140548227118848] INFO perfrun.perfcollector <> - event_id: 3: data: addr: c1, value: fffffffffffe795d
976 [140548227118848] INFO perfrun.perfcollector <> - event_id: 4: data: addr: c2, value: fffffffffffe795d
976 [140548227118848] INFO perfrun.perfcollector <> - event_id: 5: data: addr: c3, value: ffffffffffe17b7d
976 [140548227118848] INFO perfrun.perfcollector <> - event_id: 6: data: addr: c4, value: ffffffffffe17b7d
976 [140548227118848] INFO perfrun.perfcollector <> - group_id: 1
976 [140548227118848] INFO perfrun.perfcollector <> - event_id: 2: INST_RETIRED.ANY
976 [140548227118848] INFO perfrun.perfcollector <> - event_id: 0: CPU_CLK_UNHALTED.THREAD
976 [140548227118848] INFO perfrun.perfcollector <> - event_id: 1: CPU_CLK_UNHALTED.REF_TSC
976 [140548227118848] INFO perfrun.perfcollector <> - event_id: 7: FP_ARITH_INST_RETIRED.256B_PACKED_SINGLE
976 [140548227118848] INFO perfrun.perfcollector <> - event_id: 8: FP_ARITH_INST_RETIRED.SCALAR_DOUBLE
976 [140548227118848] INFO perfrun.perfcollector <> - event_id: 9: FP_ARITH_INST_RETIRED.128B_PACKED_DOUBLE
976 [140548227118848] INFO perfrun.perfcollector <> - event_id: 10: FP_ARITH_INST_RETIRED.256B_PACKED_DOUBLE
976 [140548227118848] INFO perfrun.perfcollector <> - event_id: 7: cccr: addr: 186, value: 5320c7
976 [140548227118848] INFO perfrun.perfcollector <> - event_id: 8: cccr: addr: 187, value: 5301c7
976 [140548227118848] INFO perfrun.perfcollector <> - event_id: 9: cccr: addr: 188, value: 5304c7
976 [140548227118848] INFO perfrun.perfcollector <> - event_id: 10: cccr: addr: 189, value: 5310c7
976 [140548227118848] INFO perfrun.perfcollector <> - event_id: 2: data: addr: 309, value: ffffffffffdb6100
976 [140548227118848] INFO perfrun.perfcollector <> - event_id: 0: data: addr: 30a, value: ffffffffffe17b7d
976 [140548227118848] INFO perfrun.perfcollector <> - event_id: 1: data: addr: 30b, value: ffffffffffdb6100
976 [140548227118848] INFO perfrun.perfcollector <> - event_id: 7: data: addr: c1, value: ffffffffffe17b7d
976 [140548227118848] INFO perfrun.perfcollector <> - event_id: 8: data: addr: c2, value: ffffffffffe17b7d
976 [140548227118848] INFO perfrun.perfcollector <> - event_id: 9: data: addr: c3, value: ffffffffffe17b7d
976 [140548227118848] INFO perfrun.perfcollector <> - event_id: 10: data: addr: c4, value: ffffffffffe17b7d
976 [140548227118848] INFO perfrun.perfcollector <> - group_id: 2
976 [140548227118848] INFO perfrun.perfcollector <> - event_id: 2: INST_RETIRED.ANY
976 [140548227118848] INFO perfrun.perfcollector <> - event_id: 0: CPU_CLK_UNHALTED.THREAD
976 [140548227118848] INFO perfrun.perfcollector <> - event_id: 1: CPU_CLK_UNHALTED.REF_TSC
976 [140548227118848] INFO perfrun.perfcollector <> - event_id: 11: INST_RETIRED.X87
976 [140548227118848] INFO perfrun.perfcollector <> - event_id: 12: UOPS_RETIRED.RETIRE_SLOTS
976 [140548227118848] INFO perfrun.perfcollector <> - event_id: 13: UOPS_EXECUTED.THREAD
976 [140548227118848] INFO perfrun.perfcollector <> - event_id: 11: cccr: addr: 186, value: 5302c0
976 [140548227118848] INFO perfrun.perfcollector <> - event_id: 12: cccr: addr: 187, value: 5302c2
976 [140548227118848] INFO perfrun.perfcollector <> - event_id: 13: cccr: addr: 188, value: 5301b1
976 [140548227118848] INFO perfrun.perfcollector <> - event_id: 2: data: addr: 309, value: ffffffffffdb6100
976 [140548227118848] INFO perfrun.perfcollector <> - event_id: 0: data: addr: 30a, value: ffffffffffe17b7d
976 [140548227118848] INFO perfrun.perfcollector <> - event_id: 1: data: addr: 30b, value: ffffffffffdb6100
976 [140548227118848] INFO perfrun.perfcollector <> - event_id: 11: data: addr: c1, value: ffffffffffe17b7d
976 [140548227118848] INFO perfrun.perfcollector <> - event_id: 12: data: addr: c2, value: ffffffffffe17b7d
976 [140548227118848] INFO perfrun.perfcollector <> - event_id: 13: data: addr: c3, value: ffffffffffe17b7d
976 [140548227118848] INFO perfrun.perfcollector <> - Converting events to Perf format
976 [140548227118848] INFO perfrun.perfcollector <> - event: 0: CPU_CLK_UNHALTED.THREAD
977 [140548227118848] INFO perfrun.perfcollector <> - cccr: addr: ffffffff, value: 0
977 [140548227118848] INFO perfrun.perfcollector <> - data: addr: 30a, value: ffffffffffe17b7d
977 [140548227118848] INFO perfrun.perfcollector <> - pmu config: cpu
977 [140548227118848] INFO perfrun.perfcollector <> - config: any: 0
977 [140548227118848] INFO perfrun.perfcollector <> - config: cmask: 0
977 [140548227118848] INFO perfrun.perfcollector <> - config: edge: 0
977 [140548227118848] INFO perfrun.perfcollector <> - config: event: 3c
977 [140548227118848] INFO perfrun.perfcollector <> - config: in_tx: 0
977 [140548227118848] INFO perfrun.perfcollector <> - config: in_tx_cp: 0
977 [140548227118848] INFO perfrun.perfcollector <> - config: inv: 0
977 [140548227118848] INFO perfrun.perfcollector <> - config1: ldlat: 0
977 [140548227118848] INFO perfrun.perfcollector <> - config1: offcore_rsp: 0
977 [140548227118848] INFO perfrun.perfcollector <> - config: pc: 0
977 [140548227118848] INFO perfrun.perfcollector <> - config: umask: 0
977 [140548227118848] INFO perfrun.perfcollector <> - format: cpu/event=0x3c,name='CPU_CLK_UNHALTED.THREAD'/D
977 [140548227118848] INFO perfrun.perfcollector <> - event: 1: CPU_CLK_UNHALTED.REF_TSC
977 [140548227118848] INFO perfrun.perfcollector <> - cccr: addr: ffffffff, value: 0
977 [140548227118848] INFO perfrun.perfcollector <> - data: addr: 30b, value: ffffffffffdb6100
977 [140548227118848] INFO perfrun.perfcollector <> - pmu config: cpu
977 [140548227118848] INFO perfrun.perfcollector <> - config: any: 0
977 [140548227118848] INFO perfrun.perfcollector <> - config: cmask: 0
977 [140548227118848] INFO perfrun.perfcollector <> - config: edge: 0
977 [140548227118848] INFO perfrun.perfcollector <> - config: event: 0
977 [140548227118848] INFO perfrun.perfcollector <> - config: in_tx: 0
977 [140548227118848] INFO perfrun.perfcollector <> - config: in_tx_cp: 0
977 [140548227118848] INFO perfrun.perfcollector <> - config: inv: 0
977 [140548227118848] INFO perfrun.perfcollector <> - config1: ldlat: 0
977 [140548227118848] INFO perfrun.perfcollector <> - config1: offcore_rsp: 0
977 [140548227118848] INFO perfrun.perfcollector <> - config: pc: 0
977 [140548227118848] INFO perfrun.perfcollector <> - config: umask: 3
977 [140548227118848] INFO perfrun.perfcollector <> - format: cpu/umask=0x3,name='CPU_CLK_UNHALTED.REF_TSC'/D
977 [140548227118848] INFO perfrun.perfcollector <> - event: 2: INST_RETIRED.ANY
977 [140548227118848] INFO perfrun.perfcollector <> - cccr: addr: ffffffff, value: 0
977 [140548227118848] INFO perfrun.perfcollector <> - data: addr: 309, value: ffffffffffdb6100
977 [140548227118848] INFO perfrun.perfcollector <> - pmu config: cpu
977 [140548227118848] INFO perfrun.perfcollector <> - config: any: 0
977 [140548227118848] INFO perfrun.perfcollector <> - config: cmask: 0
977 [140548227118848] INFO perfrun.perfcollector <> - config: edge: 0
977 [140548227118848] INFO perfrun.perfcollector <> - config: event: c0
977 [140548227118848] INFO perfrun.perfcollector <> - config: in_tx: 0
977 [140548227118848] INFO perfrun.perfcollector <> - config: in_tx_cp: 0
977 [140548227118848] INFO perfrun.perfcollector <> - config: inv: 0
977 [140548227118848] INFO perfrun.perfcollector <> - config1: ldlat: 0
977 [140548227118848] INFO perfrun.perfcollector <> - config1: offcore_rsp: 0
977 [140548227118848] INFO perfrun.perfcollector <> - config: pc: 0
977 [140548227118848] INFO perfrun.perfcollector <> - config: umask: 0
977 [140548227118848] INFO perfrun.perfcollector <> - format: cpu/event=0xc0,name='INST_RETIRED.ANY'/D
977 [140548227118848] INFO perfrun.perfcollector <> - event: 3: CPU_CLK_UNHALTED.REF_XCLK
977 [140548227118848] INFO perfrun.perfcollector <> - cccr: addr: 186, value: 53013c
977 [140548227118848] INFO perfrun.perfcollector <> - data: addr: c1, value: fffffffffffe795d
977 [140548227118848] INFO perfrun.perfcollector <> - pmu config: cpu
977 [140548227118848] INFO perfrun.perfcollector <> - config: any: 0
977 [140548227118848] INFO perfrun.perfcollector <> - config: cmask: 0
977 [140548227118848] INFO perfrun.perfcollector <> - config: edge: 0
977 [140548227118848] INFO perfrun.perfcollector <> - config: event: 3c
977 [140548227118848] INFO perfrun.perfcollector <> - config: in_tx: 0
977 [140548227118848] INFO perfrun.perfcollector <> - config: in_tx_cp: 0
977 [140548227118848] INFO perfrun.perfcollector <> - config: inv: 0
977 [140548227118848] INFO perfrun.perfcollector <> - config1: ldlat: 0
977 [140548227118848] INFO perfrun.perfcollector <> - config1: offcore_rsp: 0
977 [140548227118848] INFO perfrun.perfcollector <> - config: pc: 0
977 [140548227118848] INFO perfrun.perfcollector <> - config: umask: 1
977 [140548227118848] INFO perfrun.perfcollector <> - format: cpu/event=0x3c,umask=0x1,name='CPU_CLK_UNHALTED.REF_XCLK'/
977 [140548227118848] INFO perfrun.perfcollector <> - event: 4: CPU_CLK_UNHALTED.ONE_THREAD_ACTIVE
977 [140548227118848] INFO perfrun.perfcollector <> - cccr: addr: 187, value: 53023c
977 [140548227118848] INFO perfrun.perfcollector <> - data: addr: c2, value: fffffffffffe795d
977 [140548227118848] INFO perfrun.perfcollector <> - pmu config: cpu
977 [140548227118848] INFO perfrun.perfcollector <> - config: any: 0
977 [140548227118848] INFO perfrun.perfcollector <> - config: cmask: 0
977 [140548227118848] INFO perfrun.perfcollector <> - config: edge: 0
977 [140548227118848] INFO perfrun.perfcollector <> - config: event: 3c
977 [140548227118848] INFO perfrun.perfcollector <> - config: in_tx: 0
977 [140548227118848] INFO perfrun.perfcollector <> - config: in_tx_cp: 0
977 [140548227118848] INFO perfrun.perfcollector <> - config: inv: 0
977 [140548227118848] INFO perfrun.perfcollector <> - config1: ldlat: 0
977 [140548227118848] INFO perfrun.perfcollector <> - config1: offcore_rsp: 0
977 [140548227118848] INFO perfrun.perfcollector <> - config: pc: 0
977 [140548227118848] INFO perfrun.perfcollector <> - config: umask: 2
977 [140548227118848] INFO perfrun.perfcollector <> - format: cpu/event=0x3c,umask=0x2,name='CPU_CLK_UNHALTED.ONE_THREAD_ACTIVE'/
977 [140548227118848] INFO perfrun.perfcollector <> - event: 5: FP_ARITH_INST_RETIRED.SCALAR_SINGLE
977 [140548227118848] INFO perfrun.perfcollector <> - cccr: addr: 188, value: 5302c7
977 [140548227118848] INFO perfrun.perfcollector <> - data: addr: c3, value: ffffffffffe17b7d
977 [140548227118848] INFO perfrun.perfcollector <> - pmu config: cpu
977 [140548227118848] INFO perfrun.perfcollector <> - config: any: 0
977 [140548227118848] INFO perfrun.perfcollector <> - config: cmask: 0
977 [140548227118848] INFO perfrun.perfcollector <> - config: edge: 0
977 [140548227118848] INFO perfrun.perfcollector <> - config: event: c7
977 [140548227118848] INFO perfrun.perfcollector <> - config: in_tx: 0
977 [140548227118848] INFO perfrun.perfcollector <> - config: in_tx_cp: 0
977 [140548227118848] INFO perfrun.perfcollector <> - config: inv: 0
977 [140548227118848] INFO perfrun.perfcollector <> - config1: ldlat: 0
977 [140548227118848] INFO perfrun.perfcollector <> - config1: offcore_rsp: 0
977 [140548227118848] INFO perfrun.perfcollector <> - config: pc: 0
977 [140548227118848] INFO perfrun.perfcollector <> - config: umask: 2
977 [140548227118848] INFO perfrun.perfcollector <> - format: cpu/event=0xc7,umask=0x2,name='FP_ARITH_INST_RETIRED.SCALAR_SINGLE'/
977 [140548227118848] INFO perfrun.perfcollector <> - event: 6: FP_ARITH_INST_RETIRED.128B_PACKED_SINGLE
977 [140548227118848] INFO perfrun.perfcollector <> - cccr: addr: 189, value: 5308c7
977 [140548227118848] INFO perfrun.perfcollector <> - data: addr: c4, value: ffffffffffe17b7d
977 [140548227118848] INFO perfrun.perfcollector <> - pmu config: cpu
977 [140548227118848] INFO perfrun.perfcollector <> - config: any: 0
977 [140548227118848] INFO perfrun.perfcollector <> - config: cmask: 0
977 [140548227118848] INFO perfrun.perfcollector <> - config: edge: 0
977 [140548227118848] INFO perfrun.perfcollector <> - config: event: c7
977 [140548227118848] INFO perfrun.perfcollector <> - config: in_tx: 0
977 [140548227118848] INFO perfrun.perfcollector <> - config: in_tx_cp: 0
977 [140548227118848] INFO perfrun.perfcollector <> - config: inv: 0
977 [140548227118848] INFO perfrun.perfcollector <> - config1: ldlat: 0
977 [140548227118848] INFO perfrun.perfcollector <> - config1: offcore_rsp: 0
977 [140548227118848] INFO perfrun.perfcollector <> - config: pc: 0
977 [140548227118848] INFO perfrun.perfcollector <> - config: umask: 8
977 [140548227118848] INFO perfrun.perfcollector <> - format: cpu/event=0xc7,umask=0x8,name='FP_ARITH_INST_RETIRED.128B_PACKED_SINGLE'/
977 [140548227118848] INFO perfrun.perfcollector <> - event: 7: FP_ARITH_INST_RETIRED.256B_PACKED_SINGLE
977 [140548227118848] INFO perfrun.perfcollector <> - cccr: addr: 186, value: 5320c7
977 [140548227118848] INFO perfrun.perfcollector <> - data: addr: c1, value: ffffffffffe17b7d
977 [140548227118848] INFO perfrun.perfcollector <> - pmu config: cpu
977 [140548227118848] INFO perfrun.perfcollector <> - config: any: 0
977 [140548227118848] INFO perfrun.perfcollector <> - config: cmask: 0
977 [140548227118848] INFO perfrun.perfcollector <> - config: edge: 0
977 [140548227118848] INFO perfrun.perfcollector <> - config: event: c7
977 [140548227118848] INFO perfrun.perfcollector <> - config: in_tx: 0
977 [140548227118848] INFO perfrun.perfcollector <> - config: in_tx_cp: 0
977 [140548227118848] INFO perfrun.perfcollector <> - config: inv: 0
977 [140548227118848] INFO perfrun.perfcollector <> - config1: ldlat: 0
977 [140548227118848] INFO perfrun.perfcollector <> - config1: offcore_rsp: 0
977 [140548227118848] INFO perfrun.perfcollector <> - config: pc: 0
977 [140548227118848] INFO perfrun.perfcollector <> - config: umask: 20
977 [140548227118848] INFO perfrun.perfcollector <> - format: cpu/event=0xc7,umask=0x20,name='FP_ARITH_INST_RETIRED.256B_PACKED_SINGLE'/
977 [140548227118848] INFO perfrun.perfcollector <> - event: 8: FP_ARITH_INST_RETIRED.SCALAR_DOUBLE
977 [140548227118848] INFO perfrun.perfcollector <> - cccr: addr: 187, value: 5301c7
977 [140548227118848] INFO perfrun.perfcollector <> - data: addr: c2, value: ffffffffffe17b7d
977 [140548227118848] INFO perfrun.perfcollector <> - pmu config: cpu
977 [140548227118848] INFO perfrun.perfcollector <> - config: any: 0
977 [140548227118848] INFO perfrun.perfcollector <> - config: cmask: 0
977 [140548227118848] INFO perfrun.perfcollector <> - config: edge: 0
977 [140548227118848] INFO perfrun.perfcollector <> - config: event: c7
977 [140548227118848] INFO perfrun.perfcollector <> - config: in_tx: 0
977 [140548227118848] INFO perfrun.perfcollector <> - config: in_tx_cp: 0
977 [140548227118848] INFO perfrun.perfcollector <> - config: inv: 0
978 [140548227118848] INFO perfrun.perfcollector <> - config1: ldlat: 0
978 [140548227118848] INFO perfrun.perfcollector <> - config1: offcore_rsp: 0
978 [140548227118848] INFO perfrun.perfcollector <> - config: pc: 0
978 [140548227118848] INFO perfrun.perfcollector <> - config: umask: 1
978 [140548227118848] INFO perfrun.perfcollector <> - format: cpu/event=0xc7,umask=0x1,name='FP_ARITH_INST_RETIRED.SCALAR_DOUBLE'/
978 [140548227118848] INFO perfrun.perfcollector <> - event: 9: FP_ARITH_INST_RETIRED.128B_PACKED_DOUBLE
978 [140548227118848] INFO perfrun.perfcollector <> - cccr: addr: 188, value: 5304c7
978 [140548227118848] INFO perfrun.perfcollector <> - data: addr: c3, value: ffffffffffe17b7d
978 [140548227118848] INFO perfrun.perfcollector <> - pmu config: cpu
978 [140548227118848] INFO perfrun.perfcollector <> - config: any: 0
978 [140548227118848] INFO perfrun.perfcollector <> - config: cmask: 0
978 [140548227118848] INFO perfrun.perfcollector <> - config: edge: 0
978 [140548227118848] INFO perfrun.perfcollector <> - config: event: c7
978 [140548227118848] INFO perfrun.perfcollector <> - config: in_tx: 0
978 [140548227118848] INFO perfrun.perfcollector <> - config: in_tx_cp: 0
978 [140548227118848] INFO perfrun.perfcollector <> - config: inv: 0
978 [140548227118848] INFO perfrun.perfcollector <> - config1: ldlat: 0
978 [140548227118848] INFO perfrun.perfcollector <> - config1: offcore_rsp: 0
978 [140548227118848] INFO perfrun.perfcollector <> - config: pc: 0
978 [140548227118848] INFO perfrun.perfcollector <> - config: umask: 4
978 [140548227118848] INFO perfrun.perfcollector <> - format: cpu/event=0xc7,umask=0x4,name='FP_ARITH_INST_RETIRED.128B_PACKED_DOUBLE'/
978 [140548227118848] INFO perfrun.perfcollector <> - event: 10: FP_ARITH_INST_RETIRED.256B_PACKED_DOUBLE
978 [140548227118848] INFO perfrun.perfcollector <> - cccr: addr: 189, value: 5310c7
978 [140548227118848] INFO perfrun.perfcollector <> - data: addr: c4, value: ffffffffffe17b7d
978 [140548227118848] INFO perfrun.perfcollector <> - pmu config: cpu
978 [140548227118848] INFO perfrun.perfcollector <> - config: any: 0
978 [140548227118848] INFO perfrun.perfcollector <> - config: cmask: 0
978 [140548227118848] INFO perfrun.perfcollector <> - config: edge: 0
978 [140548227118848] INFO perfrun.perfcollector <> - config: event: c7
978 [140548227118848] INFO perfrun.perfcollector <> - config: in_tx: 0
978 [140548227118848] INFO perfrun.perfcollector <> - config: in_tx_cp: 0
978 [140548227118848] INFO perfrun.perfcollector <> - config: inv: 0
978 [140548227118848] INFO perfrun.perfcollector <> - config1: ldlat: 0
978 [140548227118848] INFO perfrun.perfcollector <> - config1: offcore_rsp: 0
978 [140548227118848] INFO perfrun.perfcollector <> - config: pc: 0
978 [140548227118848] INFO perfrun.perfcollector <> - config: umask: 10
978 [140548227118848] INFO perfrun.perfcollector <> - format: cpu/event=0xc7,umask=0x10,name='FP_ARITH_INST_RETIRED.256B_PACKED_DOUBLE'/
978 [140548227118848] INFO perfrun.perfcollector <> - event: 11: INST_RETIRED.X87
978 [140548227118848] INFO perfrun.perfcollector <> - cccr: addr: 186, value: 5302c0
978 [140548227118848] INFO perfrun.perfcollector <> - data: addr: c1, value: ffffffffffe17b7d
978 [140548227118848] INFO perfrun.perfcollector <> - pmu config: cpu
978 [140548227118848] INFO perfrun.perfcollector <> - config: any: 0
978 [140548227118848] INFO perfrun.perfcollector <> - config: cmask: 0
978 [140548227118848] INFO perfrun.perfcollector <> - config: edge: 0
978 [140548227118848] INFO perfrun.perfcollector <> - config: event: c0
978 [140548227118848] INFO perfrun.perfcollector <> - config: in_tx: 0
978 [140548227118848] INFO perfrun.perfcollector <> - config: in_tx_cp: 0
978 [140548227118848] INFO perfrun.perfcollector <> - config: inv: 0
978 [140548227118848] INFO perfrun.perfcollector <> - config1: ldlat: 0
978 [140548227118848] INFO perfrun.perfcollector <> - config1: offcore_rsp: 0
978 [140548227118848] INFO perfrun.perfcollector <> - config: pc: 0
978 [140548227118848] INFO perfrun.perfcollector <> - config: umask: 2
978 [140548227118848] INFO perfrun.perfcollector <> - format: cpu/event=0xc0,umask=0x2,name='INST_RETIRED.X87'/
978 [140548227118848] INFO perfrun.perfcollector <> - event: 12: UOPS_RETIRED.RETIRE_SLOTS
978 [140548227118848] INFO perfrun.perfcollector <> - cccr: addr: 187, value: 5302c2
978 [140548227118848] INFO perfrun.perfcollector <> - data: addr: c2, value: ffffffffffe17b7d
978 [140548227118848] INFO perfrun.perfcollector <> - pmu config: cpu
978 [140548227118848] INFO perfrun.perfcollector <> - config: any: 0
978 [140548227118848] INFO perfrun.perfcollector <> - config: cmask: 0
978 [140548227118848] INFO perfrun.perfcollector <> - config: edge: 0
978 [140548227118848] INFO perfrun.perfcollector <> - config: event: c2
978 [140548227118848] INFO perfrun.perfcollector <> - config: in_tx: 0
978 [140548227118848] INFO perfrun.perfcollector <> - config: in_tx_cp: 0
978 [140548227118848] INFO perfrun.perfcollector <> - config: inv: 0
978 [140548227118848] INFO perfrun.perfcollector <> - config1: ldlat: 0
978 [140548227118848] INFO perfrun.perfcollector <> - config1: offcore_rsp: 0
978 [140548227118848] INFO perfrun.perfcollector <> - config: pc: 0
978 [140548227118848] INFO perfrun.perfcollector <> - config: umask: 2
978 [140548227118848] INFO perfrun.perfcollector <> - format: cpu/event=0xc2,umask=0x2,name='UOPS_RETIRED.RETIRE_SLOTS'/
978 [140548227118848] INFO perfrun.perfcollector <> - event: 13: UOPS_EXECUTED.THREAD
978 [140548227118848] INFO perfrun.perfcollector <> - cccr: addr: 188, value: 5301b1
978 [140548227118848] INFO perfrun.perfcollector <> - data: addr: c3, value: ffffffffffe17b7d
978 [140548227118848] INFO perfrun.perfcollector <> - pmu config: cpu
978 [140548227118848] INFO perfrun.perfcollector <> - config: any: 0
978 [140548227118848] INFO perfrun.perfcollector <> - config: cmask: 0
978 [140548227118848] INFO perfrun.perfcollector <> - config: edge: 0
978 [140548227118848] INFO perfrun.perfcollector <> - config: event: b1
978 [140548227118848] INFO perfrun.perfcollector <> - config: in_tx: 0
978 [140548227118848] INFO perfrun.perfcollector <> - config: in_tx_cp: 0
978 [140548227118848] INFO perfrun.perfcollector <> - config: inv: 0
978 [140548227118848] INFO perfrun.perfcollector <> - config1: ldlat: 0
978 [140548227118848] INFO perfrun.perfcollector <> - config1: offcore_rsp: 0
978 [140548227118848] INFO perfrun.perfcollector <> - config: pc: 0
978 [140548227118848] INFO perfrun.perfcollector <> - config: umask: 1
978 [140548227118848] INFO perfrun.perfcollector <> - format: cpu/event=0xb1,umask=0x1,name='UOPS_EXECUTED.THREAD'/
978 [140548227118848] INFO perfrun.perfcollector <> - event: cpu/event=0x3c,name='CPU_CLK_UNHALTED.THREAD'/Du, added for counting
978 [140548227118848] INFO perfrun.perfcollector <> - event: cpu/umask=0x3,name='CPU_CLK_UNHALTED.REF_TSC'/Du, added for counting
978 [140548227118848] INFO perfrun.perfcollector <> - event: cpu/event=0xc0,name='INST_RETIRED.ANY'/Du, added for counting
978 [140548227118848] INFO perfrun.perfcollector <> - event: cpu/event=0x3c,umask=0x1,name='CPU_CLK_UNHALTED.REF_XCLK'/u, added for counting
978 [140548227118848] INFO perfrun.perfcollector <> - event: cpu/event=0x3c,umask=0x2,name='CPU_CLK_UNHALTED.ONE_THREAD_ACTIVE'/u, added for counting
978 [140548227118848] INFO perfrun.perfcollector <> - event: cpu/event=0xc7,umask=0x2,name='FP_ARITH_INST_RETIRED.SCALAR_SINGLE'/u, added for counting
978 [140548227118848] INFO perfrun.perfcollector <> - event: cpu/event=0xc7,umask=0x8,name='FP_ARITH_INST_RETIRED.128B_PACKED_SINGLE'/u, added for counting
978 [140548227118848] INFO perfrun.perfcollector <> - event: cpu/event=0xc7,umask=0x20,name='FP_ARITH_INST_RETIRED.256B_PACKED_SINGLE'/u, added for counting
978 [140548227118848] INFO perfrun.perfcollector <> - event: cpu/event=0xc7,umask=0x1,name='FP_ARITH_INST_RETIRED.SCALAR_DOUBLE'/u, added for counting
978 [140548227118848] INFO perfrun.perfcollector <> - event: cpu/event=0xc7,umask=0x4,name='FP_ARITH_INST_RETIRED.128B_PACKED_DOUBLE'/u, added for counting
978 [140548227118848] INFO perfrun.perfcollector <> - event: cpu/event=0xc7,umask=0x10,name='FP_ARITH_INST_RETIRED.256B_PACKED_DOUBLE'/u, added for counting
978 [140548227118848] INFO perfrun.perfcollector <> - event: cpu/event=0xc0,umask=0x2,name='INST_RETIRED.X87'/u, added for counting
978 [140548227118848] INFO perfrun.perfcollector <> - event: cpu/event=0xc2,umask=0x2,name='UOPS_RETIRED.RETIRE_SLOTS'/u, added for counting
978 [140548227118848] INFO perfrun.perfcollector <> - event: cpu/event=0xb1,umask=0x1,name='UOPS_EXECUTED.THREAD'/u, added for counting
978 [140548227118848] INFO perfrun.perfcollector <> - attaching to pid: 4294967295, m_mode: 10, mode: 3
978 [140548077971200] INFO perfrun.perfcollector <> - Perf stat trace pipe capacity: read = 1048576, write = 1048576
982 [140548077971200] INFO perfrun.sdk <> - runCmd: /opt/intel/oneapi/vtune/2024.2/bin64/amplxe-perf stat -v --log-fd 12 --scale -x ; -e cpu/event=0x3c,name='CPU_CLK_UNHALTED.THREAD'/Du,cpu/umask=0x3,name='CPU_CLK_UNHALTED.REF_TSC'/Du,cpu/event=0xc0,name='INST_RETIRED.ANY'/Du,cpu/event=0x3c,umask=0x1,name='CPU_CLK_UNHALTED.REF_XCLK'/u,cpu/event=0x3c,umask=0x2,name='CPU_CLK_UNHALTED.ONE_THREAD_ACTIVE'/u,cpu/event=0xc7,umask=0x2,name='FP_ARITH_INST_RETIRED.SCALAR_SINGLE'/u,cpu/event=0xc7,umask=0x8,name='FP_ARITH_INST_RETIRED.128B_PACKED_SINGLE'/u,cpu/event=0xc7,umask=0x20,name='FP_ARITH_INST_RETIRED.256B_PACKED_SINGLE'/u,cpu/event=0xc7,umask=0x1,name='FP_ARITH_INST_RETIRED.SCALAR_DOUBLE'/u,cpu/event=0xc7,umask=0x4,name='FP_ARITH_INST_RETIRED.128B_PACKED_DOUBLE'/u,cpu/event=0xc7,umask=0x10,name='FP_ARITH_INST_RETIRED.256B_PACKED_DOUBLE'/u,cpu/event=0xc0,umask=0x2,name='INST_RETIRED.X87'/u,cpu/event=0xc2,umask=0x2,name='UOPS_RETIRED.RETIRE_SLOTS'/u,cpu/event=0xb1,umask=0x1,name='UOPS_EXECUTED.THREAD'/u /opt/intel/oneapi/vtune/2024.2/bin64/amplxe-perf-sync dryrun sys
982 [140548077971200] INFO perfrun.sdk <> - runCmd started PID 3376108
1110 [140548077971200] INFO perfrun.perfcollector <> - Monitor: runCmd RC = true
1110 [140548227118848] INFO perfrun.launcher <> - plugin [aoclprofile] was disabled because it doesn't support the given collection type.
1110 [140548227118848] INFO perfrun.tpss <> - initialize tpss controller
1110 [140548227118848] INFO perfrun.tpss <> - configure collection mode: value = cpu:counters:nostack
1111 [140548227118848] INFO perfrun.tpss <> - configure collection mode: value = cpu:stack
1111 [140548227118848] INFO perfrun.tpss <> - default obj-size-min=1024
1111 [140548227118848] INFO perfrun.tpss <> - default hash-table-size=0
1111 [140548227118848] INFO perfrun.launcher <> - plugin [media] was disabled because it doesn't support the given collection type.
1111 [140548227118848] INFO perfrun.launcher <> - plugin [] was disabled because it doesn't support the given collection type.
1111 [140548227118848] INFO perfrun.launcher <> - plugin [] was disabled because it doesn't support the given collection type.
1111 [140548227118848] INFO perfrun.launcher <> - plugin [parallelfs] was disabled because it doesn't support the given collection type.
1111 [140548227118848] INFO perfrun.launcher <> - plugin [power] was disabled because it doesn't support the given collection type.
1111 [140548227118848] INFO perfrun.launcher <> - plugin [] was disabled because it doesn't support the given collection type.
1111 [140548227118848] INFO perfrun.launcher <> - plugin [ipmwatch] was disabled because it doesn't support the given collection type.
1111 [140548227118848] INFO perfrun.launcher <> - plugin [os_counters] was disabled because it doesn't support the given collection type.
1111 [140548227118848] INFO perfrun.launcher <> - plugin [l0_metrics] was disabled because it doesn't support the given collection type.
1111 [140548354333568] INFO perfrun.launcher <> - set environment variable: LD_LIBRARY_PATH = /opt/intel/oneapi/vtune/2024.2/lib32/runtime:/opt/intel/oneapi/vtune/2024.2/lib64/runtime:/usr/lib64/openmpi/lib:/usr/local/cuda-11.4/lib64
1111 [140548354333568] INFO perfrun.launcher <> - set environment variable: INTEL_LIBITTNOTIFY32 = /opt/intel/oneapi/vtune/2024.2/lib32/runtime/libittnotify_collector.so
1111 [140548354333568] INFO perfrun.launcher <> - set environment variable: INTEL_LIBITTNOTIFY64 = /opt/intel/oneapi/vtune/2024.2/lib64/runtime/libittnotify_collector.so
1111 [140548354333568] INFO perfrun.launcher <> - set environment variable: INTEL_ITTNOTIFY_GROUPS = 
1111 [140548354333568] INFO perfrun.launcher <> - set environment variable: INTEL_JIT_PROFILER32 = /opt/intel/oneapi/vtune/2024.2/lib32/runtime/libittnotify_collector.so
1111 [140548354333568] INFO perfrun.launcher <> - set environment variable: INTEL_JIT_PROFILER64 = /opt/intel/oneapi/vtune/2024.2/lib64/runtime/libittnotify_collector.so
1111 [140548354333568] INFO perfrun.launcher <> - set environment variable: CCL_ITT_LEVEL = 1
1111 [140548354333568] INFO perfrun.launcher <> - set environment variable: ENABLE_JITPROFILING = 1
1112 [140548354333568] INFO perfrun.launcher <> - set environment variable: CL_CONFIG_USE_VTUNE = True
1112 [140548354333568] INFO perfrun.launcher <> - set environment variable: KMP_FORKJOIN_FRAMES = 0
1112 [140548354333568] INFO perfrun.launcher <> - set environment variable: KMP_FORKJOIN_FRAMES_MODE = 0
1112 [140548354333568] INFO perfrun.launcher <> - set environment variable: INTEL_MRTE_DATA_DIR = /tmp/amplxe-tmp-dragos.boncan/amplxe-res-3376101-47560591396876168/data.0
1112 [140548354333568] INFO perfrun.launcher <> - set environment variable: INTEL_MRTE_HOST_NAME = xl270-wn161.grid.pub.ro
1112 [140548354333568] INFO perfrun.launcher <> - set environment variable: JAVA_TOOL_OPTIONS = -agentlib:amplxe_samplingmrte_javaprof_1.0 -Dsun.boot.library.path=/opt/intel/oneapi/vtune/2024.2/lib32/runtime:/opt/intel/oneapi/vtune/2024.2/lib64/runtime
1112 [140548354333568] INFO perfrun.launcher <> - set environment variable: LD_LIBRARY_PATH = /opt/intel/oneapi/vtune/2024.2/lib32/runtime:/opt/intel/oneapi/vtune/2024.2/lib64/runtime:/usr/lib64/openmpi/lib:/usr/local/cuda-11.4/lib64
1112 [140548354333568] INFO perfrun.launcher <> - set environment variable: CORECLR_ENABLE_PROFILING = 1
1112 [140548354333568] INFO perfrun.launcher <> - set environment variable: CORECLR_PROFILER = {AA5E4821-E3B1-479c-B7FF-5AD047D22CED}
1112 [140548354333568] INFO perfrun.launcher <> - set environment variable: CORECLR_PROFILER_PATH = /opt/intel/oneapi/vtune/2024.2/lib64/libamplxe_samplingmrte_clrprof_1.0.so
1112 [140548354333568] INFO perfrun.launcher <> - set environment variable: INTEL_MRTE_PROFILER_MODE = mixed
1112 [140548354333568] INFO perfrun.launcher <> - RpcServer: run RPC server to handle requests
1113 [140548354333568] INFO perfrun.launcher <> - Launcher: command line to start before modification = mpirun -np 4 --oversubscribe ./Canny_mpi_pthreads/Canny_mpi_pthreads images/input/1_earth_8k.jpg images/output/output_vtune.png 15 45 9 1.5 2
1113 [140548354333568] INFO perfrun.launcher <> - Launcher: command line to start after modification = /opt/intel/oneapi/vtune/2024.2/bin64/pin -error_file /tmp/amplxe-tmp-dragos.boncan/amplxe-res-3376101-47560591396876168/data.0/pinerr.tpsslog -detach_reattach -follow_execv -tool_load_option deepbind -t64 /opt/intel/oneapi/vtune/2024.2/lib64/libtpsstool.so -t /opt/intel/oneapi/vtune/2024.2/lib32/libtpsstool.so -server_name tpss_ipc.3376101 -prd_dir /opt/intel/oneapi/vtune/2024.2 -- mpirun -np 4 --oversubscribe ./Canny_mpi_pthreads/Canny_mpi_pthreads images/input/1_earth_8k.jpg images/output/output_vtune.png 15 45 9 1.5 2
1113 [140548354333568] INFO perfrun.launcher <> - ProcessCreator object was created
1114 [140548354333568] INFO perfrun.launcher <> - Launcher: the process was started in suspend mode
1137 [140548227118848] WARN perfrun.system <> - Could not do anything with /sys/kernel/debug/kvm: boost::filesystem::status: Permission denied [system:13]: "/sys/kernel/debug/kvm", at file: vcs/perfrun1/plugins/system/src/trace_writer.cpp:787
1137 [140548227118848] WARN perfrun.system <> - Folder "/var/run/libvirt/qemu/"doesn't exist, at file: vcs/perfrun1/plugins/system/src/trace_writer.cpp:800
1149 [140548227118848] WARN perfrun.sdk <> - Failed to find xl binary on any of the system paths: /bin, /sbin, /usr/bin, /usr/sbin., at file: vcs/perfrun1/sdk/src/utils.cpp:204
1149 [140548227118848] WARN perfrun.system <> - Could not start ContainerMapping collector, at file: vcs/perfrun1/plugins/system/src/controller.cpp:448
1155 [140548227118848] INFO perfrun.vdso <> - Helper runtool '/opt/intel/oneapi/vtune/2024.2/bin32/amplxe-runss -dump-vdso -r /tmp/amplxe-tmp-dragos.boncan/amplxe-res-3376101-47560591396876168 --tmp-dir /tmp/amplxe-tmp-dragos.boncan' returned 1
1370 [140548227118848] INFO perfrun.vdso <> - Helper runtool '/opt/intel/oneapi/vtune/2024.2/bin64/amplxe-runss -dump-vdso -r /tmp/amplxe-tmp-dragos.boncan/amplxe-res-3376101-47560591396876168 --tmp-dir /tmp/amplxe-tmp-dragos.boncan' returned 0
1370 [140548227118848] INFO perfrun.itt <> - start itt controller for pid #3376111
1371 [140548227118848] INFO perfrun.perfcollector <> - attaching to pid: 3376111, m_mode: 10, mode: 11
1371 [140548052793088] INFO perfrun.perfcollector <> - Perf stat trace pipe capacity: read = 1048576, write = 1048576
1374 [140548052793088] INFO perfrun.sdk <> - runCmd: /opt/intel/oneapi/vtune/2024.2/bin64/amplxe-perf stat -v --log-fd 23 --control=fd:24,27 --scale -x ; -p 3376111 -e cpu/event=0x3c,name='CPU_CLK_UNHALTED.THREAD'/Du,cpu/umask=0x3,name='CPU_CLK_UNHALTED.REF_TSC'/Du,cpu/event=0xc0,name='INST_RETIRED.ANY'/Du,cpu/event=0x3c,umask=0x1,name='CPU_CLK_UNHALTED.REF_XCLK'/u,cpu/event=0x3c,umask=0x2,name='CPU_CLK_UNHALTED.ONE_THREAD_ACTIVE'/u,cpu/event=0xc7,umask=0x2,name='FP_ARITH_INST_RETIRED.SCALAR_SINGLE'/u,cpu/event=0xc7,umask=0x8,name='FP_ARITH_INST_RETIRED.128B_PACKED_SINGLE'/u,cpu/event=0xc7,umask=0x20,name='FP_ARITH_INST_RETIRED.256B_PACKED_SINGLE'/u,cpu/event=0xc7,umask=0x1,name='FP_ARITH_INST_RETIRED.SCALAR_DOUBLE'/u,cpu/event=0xc7,umask=0x4,name='FP_ARITH_INST_RETIRED.128B_PACKED_DOUBLE'/u,cpu/event=0xc7,umask=0x10,name='FP_ARITH_INST_RETIRED.256B_PACKED_DOUBLE'/u,cpu/event=0xc0,umask=0x2,name='INST_RETIRED.X87'/u,cpu/event=0xc2,umask=0x2,name='UOPS_RETIRED.RETIRE_SLOTS'/u,cpu/event=0xb1,umask=0x1,name='UOPS_EXECUTED.THREAD'/u /opt/intel/oneapi/vtune/2024.2/bin64/amplxe-perf-sync sync sys
1375 [140548052793088] INFO perfrun.sdk <> - runCmd started PID 3376119
1484 [140548227118848] INFO perfrun.tpss <> - start tpss controller for pid #3376111
1536 [140548354333568] INFO perfrun.launcher <> - Launcher: all plugins were started
1536 [140548354333568] INFO perfrun.launcher <> - DirectoryMonitor object was created
1536 [140548354333568] INFO perfrun.launcher <> - DirectoryMonitor: a callback was added
1536 [140548354333568] INFO perfrun.launcher <> - DirectoryMonitor was started with pingTime = 1000
1536 [140548354333568] INFO perfrun.launcher <> - DeadlineTimer is going to be constructed
1536 [140548354333568] INFO perfrun.launcher <> - DeadlineTimer: a callback was added
1627 [140548354333568] INFO perfrun.launcher <> - Launcher: resume the profiled application and  wait its termination or stop command
6339 [140548354333568] INFO perfrun.launcher <> - Launcher: the profiled application was terminated  with exit code = 0
6358 [140548227118848] INFO perfrun.itt <> - detach itt controller
6358 [140548227118848] INFO perfrun.itt <> - detach itt controller done
6360 [140548052793088] INFO perfrun.perfcollector <> - Monitor: runCmd RC = true
6360 [140548227118848] INFO perfrun.perfcollector <> - Monitor: state = 3, error = 1
6360 [140548227118848] INFO perfrun.tpss <> - stop tpss controller
6361 [140548227118848] INFO perfrun.sdk <> - De-allocating TMU: /tmp/amplxe-tmp-dragos.boncan/amplxe-res-3376101-47560591396876168/data.0/systemcollector-3376101-xl270-wn161.grid.pub.ro.sc
6361 [140548227118848] INFO perfrun.system <> - closed the system trace file: /tmp/amplxe-tmp-dragos.boncan/amplxe-res-3376101-47560591396876168/data.0/systemcollector-3376101-xl270-wn161.grid.pub.ro.sc
6361 [140548354333568] INFO perfrun.launcher <> - Launcher: all plugins were stopped.
6361 [140548354333568] INFO perfrun.launcher <> - DeadlineTimer is going to be destroyed
6361 [140548354333568] INFO perfrun.launcher <> - DeadlineTimer was destroyed
6362 [140548354333568] INFO perfrun.launcher <> - DirectoryMonitor object was destroyed
6362 [140548354333568] WARN perfrun.launcher <> - Stop command is ignored because it is received when collection is already stopped, at file: vcs/perfrun1/launcher/src/command_handler.cpp:226
6426 [140548354333568] INFO perfrun.launcher <> - Application exit code: 0
6426 [140548354333568] INFO perfrun.launcher <> - Exit code: 0
