3 [139668290763648] INFO perfrun.launcher <> - Launcher main begin
5 [139668290763648] INFO perfrun.launcher <> - MessageCatalogInit finished
5 [139668290763648] INFO perfrun.launcher <> - Launcher instance created
5 [139668290763648] INFO perfrun.launcher <> - argc = 6; cmdline = /opt/intel/oneapi/vtune/2024.2/bin64/amplxe-runss -dump-vdso -r /tmp/amplxe-tmp-dragos.boncan/amplxe-res-3350368-47531327786401784 --tmp-dir /tmp/amplxe-tmp-dragos.boncan 
141 [139668290763648] INFO perfrun.perfcollector <> - SEP tool path: /opt/intel/oneapi/vtune/2024.2/bin64/sep
151 [139668290763648] INFO perfrun.launcher <> - create msngr2::ICliToolContext
151 [139668290763648] INFO perfrun.launcher <> - create file finder object
174 [139668163548928] INFO perfrun.launcher <> - plugin [remoteplug] was disabled because it doesn't support the given collection type.
174 [139668163548928] INFO perfrun.launcher <> - plugin [system] was disabled because it doesn't support the given collection type.
175 [139668163548928] INFO perfrun.vdso <> - dumping [vdso] pseudomodule
176 [139668163548928] INFO perfrun.launcher <> - plugin [itt] was disabled because it doesn't support the given collection type.
176 [139668163548928] INFO perfrun.launcher <> - plugin [ptracecollector] was disabled because it doesn't support the given collection type.
176 [139668163548928] INFO perfrun.launcher <> - plugin [gpu] was disabled because it doesn't support the given collection type.
176 [139668163548928] INFO perfrun.launcher <> - plugin [] was disabled because it doesn't support the given collection type.
176 [139668163548928] INFO perfrun.launcher <> - plugin [] was disabled because it doesn't support the given collection type.
176 [139668163548928] INFO perfrun.launcher <> - plugin [] was disabled because it doesn't support the given collection type.
176 [139668163548928] INFO perfrun.launcher <> - plugin [mrte] was disabled because it doesn't support the given collection type.
176 [139668163548928] INFO perfrun.launcher <> - plugin [emon] was disabled because it doesn't support the given collection type.
176 [139668163548928] INFO perfrun.launcher <> - plugin [cuscol] was disabled because it doesn't support the given collection type.
176 [139668163548928] INFO perfrun.launcher <> - plugin [stdsrc] was disabled because it doesn't support the given collection type.
176 [139668163548928] INFO perfrun.launcher <> - plugin [sep] was disabled because it doesn't support the given collection type.
176 [139668163548928] INFO perfrun.launcher <> - plugin [vtsspp] was disabled because it doesn't support the given collection type.
176 [139668163548928] INFO perfrun.launcher <> - plugin [perf] was disabled because it doesn't support the given collection type.
176 [139668163548928] INFO perfrun.launcher <> - plugin [aoclprofile] was disabled because it doesn't support the given collection type.
176 [139668163548928] INFO perfrun.launcher <> - plugin [tpss] was disabled because it doesn't support the given collection type.
176 [139668163548928] INFO perfrun.launcher <> - plugin [media] was disabled because it doesn't support the given collection type.
176 [139668163548928] INFO perfrun.launcher <> - plugin [] was disabled because it doesn't support the given collection type.
176 [139668163548928] INFO perfrun.launcher <> - plugin [] was disabled because it doesn't support the given collection type.
176 [139668163548928] INFO perfrun.launcher <> - plugin [parallelfs] was disabled because it doesn't support the given collection type.
176 [139668163548928] INFO perfrun.launcher <> - plugin [power] was disabled because it doesn't support the given collection type.
176 [139668163548928] INFO perfrun.launcher <> - plugin [] was disabled because it doesn't support the given collection type.
176 [139668163548928] INFO perfrun.launcher <> - plugin [ipmwatch] was disabled because it doesn't support the given collection type.
176 [139668163548928] INFO perfrun.launcher <> - plugin [os_counters] was disabled because it doesn't support the given collection type.
176 [139668163548928] INFO perfrun.launcher <> - plugin [l0_metrics] was disabled because it doesn't support the given collection type.
176 [139668290763648] INFO perfrun.launcher <> - Application exit code: 0
176 [139668290763648] INFO perfrun.launcher <> - Exit code: 0
