3 [139937451182976] INFO perfrun.launcher <> - Launcher main begin
5 [139937451182976] INFO perfrun.launcher <> - MessageCatalogInit finished
5 [139937451182976] INFO perfrun.launcher <> - Launcher instance created
5 [139937451182976] INFO perfrun.launcher <> - argc = 7; cmdline = /opt/intel/oneapi/vtune/2024.2/bin64/amplxe-runss --ui-output-format xml --ui-output-fd 6 --option-file /export/home/acs/stud/d/dragos.boncan/cannycore/profiling/pthreads_hotspots/config/runss.options 
144 [139937451182976] INFO perfrun.perfcollector <> - SEP tool path: /opt/intel/oneapi/vtune/2024.2/bin64/sep
157 [139937451182976] INFO perfrun.launcher <> - create msngr2::ICliToolContext
158 [139937451182976] INFO perfrun.launcher <> - create file finder object
158 [139937451182976] INFO perfrun.launcher <> - create a result directory: pattern = /export/home/acs/stud/d/dragos.boncan/cannycore/profiling/pthreads_hotspots pid = 4294967295
162 [139937451182976] INFO perfrun.sdk <> - checked that the directory /export/home/acs/stud/d/dragos.boncan/cannycore/profiling/pthreads_hotspots is a local directory
162 [139937451182976] INFO perfrun.sdk <> - the directory /export/home/acs/stud/d/dragos.boncan/cannycore/profiling/pthreads_hotspots is located on a share or its FS ID is unknown 12805120
162 [139937451182976] INFO perfrun.sdk <> - checked that the directory /tmp/amplxe-tmp-dragos.boncan is a local directory
162 [139937451182976] INFO perfrun.sdk <> - the directory /tmp/amplxe-tmp-dragos.boncan is a local directory with FS type ID 61267
163 [139937451182976] INFO perfrun.launcher <> - Create a local result directory /tmp/amplxe-tmp-dragos.boncan/amplxe-res-3367958-47539215412901384 due to the user result path /export/home/acs/stud/d/dragos.boncan/cannycore/profiling/pthreads_hotspots is located on a share
164 [139937451182976] INFO perfrun.launcher <> - create data directory = /tmp/amplxe-tmp-dragos.boncan/amplxe-res-3367958-47539215412901384/data.0
165 [139937451182976] INFO perfrun.launcher <> - create data directory = /export/home/acs/stud/d/dragos.boncan/cannycore/profiling/pthreads_hotspots/data.0
165 [139937451182976] INFO perfrun.launcher <> - Creating the master collection flag
175 [139937451182976] INFO perfrun.launcher <> - Done creating the master collection flag
198 [139937323968256] INFO perfrun.launcher <> - plugin [remoteplug] was disabled because it doesn't support the given collection type.
199 [139937323968256] INFO perfrun.sdk <> - Allocating TMU :/tmp/amplxe-tmp-dragos.boncan/amplxe-res-3367958-47539215412901384/data.0/systemcollector-3367958-xl270-wn161.grid.pub.ro.sc
199 [139937323968256] INFO perfrun.system <> - Tpss based collection
200 [139937323968256] INFO perfrun.launcher <> - plugin [ptracecollector] was disabled because it doesn't support the given collection type.
200 [139937323968256] INFO perfrun.launcher <> - plugin [gpu] was disabled because it doesn't support the given collection type.
200 [139937323968256] INFO perfrun.launcher <> - plugin [] was disabled because it doesn't support the given collection type.
200 [139937323968256] INFO perfrun.launcher <> - plugin [] was disabled because it doesn't support the given collection type.
200 [139937323968256] INFO perfrun.launcher <> - plugin [] was disabled because it doesn't support the given collection type.
200 [139937323968256] INFO perfrun.mrte <> - system-wide mode is 0
200 [139937323968256] INFO perfrun.mrte <> - Getting  mrte profiling environment ...
218 [139937323968256] INFO perfrun.mrte <> - INTEL_MRTE_DATA_DIR=/tmp/amplxe-tmp-dragos.boncan/amplxe-res-3367958-47539215412901384/data.0
218 [139937323968256] INFO perfrun.mrte <> - INTEL_MRTE_HOST_NAME=xl270-wn161.grid.pub.ro
218 [139937323968256] INFO perfrun.mrte <> - JAVA_TOOL_OPTIONS=-agentlib:amplxe_samplingmrte_javaprof_1.0 -Dsun.boot.library.path=/opt/intel/oneapi/vtune/2024.2/lib32/runtime:/opt/intel/oneapi/vtune/2024.2/lib64/runtime
218 [139937323968256] INFO perfrun.mrte <> - LD_LIBRARY_PATH=/opt/intel/oneapi/vtune/2024.2/lib32/runtime:/opt/intel/oneapi/vtune/2024.2/lib64/runtime:/usr/lib64/openmpi/lib:/usr/local/cuda-11.4/lib64
218 [139937323968256] INFO perfrun.mrte <> - CORECLR_ENABLE_PROFILING=1
218 [139937323968256] INFO perfrun.mrte <> - CORECLR_PROFILER={AA5E4821-E3B1-479c-B7FF-5AD047D22CED}
218 [139937323968256] INFO perfrun.mrte <> - CORECLR_PROFILER_PATH=/opt/intel/oneapi/vtune/2024.2/lib64/libamplxe_samplingmrte_clrprof_1.0.so
218 [139937323968256] INFO perfrun.mrte <> - INTEL_MRTE_PROFILER_MODE=mixed
218 [139937323968256] INFO perfrun.mrte <> - Data directory: /tmp/amplxe-tmp-dragos.boncan/amplxe-res-3367958-47539215412901384/data.0
218 [139937323968256] INFO perfrun.mrte <> - Mrte plugin is initialized
218 [139937323968256] INFO perfrun.launcher <> - plugin [emon] was disabled because it doesn't support the given collection type.
218 [139937323968256] INFO perfrun.launcher <> - plugin [cuscol] was disabled because it doesn't support the given collection type.
218 [139937323968256] INFO perfrun.launcher <> - plugin [stdsrc] was disabled because it doesn't support the given collection type.
218 [139937323968256] INFO perfrun.launcher <> - plugin [sep] was disabled because it doesn't support the given collection type.
218 [139937323968256] INFO perfrun.launcher <> - plugin [vtsspp] was disabled because it doesn't support the given collection type.
218 [139937323968256] INFO perfrun.perfcollector <> - Platform type: 108
218 [139937323968256] INFO perfrun.sdk <> - Reading value (2) from file: /proc/sys/kernel/perf_event_paranoid
218 [139937323968256] INFO perfrun.perfcollector <> - checking access to: /opt/intel/oneapi/vtune/2024.2/bin64/amplxe-perf-priv
218 [139937323968256] INFO perfrun.perfcollector <> - dir found: /sys/bus/event_source/devices/software
218 [139937323968256] INFO perfrun.perfcollector <> - format: pmu format subdir doesn't exist
218 [139937323968256] INFO perfrun.perfcollector <> - hwInfo: not set, pmuFam: software
219 [139937323968256] INFO perfrun.perfcollector <> - pmu added: software, idx: 0
219 [139937323968256] INFO perfrun.perfcollector <> - dir found: /sys/bus/event_source/devices/uncore_imc_5
219 [139937323968256] INFO perfrun.perfcollector <> - format: event: config:0-7, mask:0-7
219 [139937323968256] INFO perfrun.perfcollector <> - format: edge: config:18, mask:18
219 [139937323968256] INFO perfrun.perfcollector <> - format: inv: config:23, mask:23
219 [139937323968256] INFO perfrun.perfcollector <> - format: umask: config:8-15, mask:8-15
219 [139937323968256] INFO perfrun.perfcollector <> - format: thresh: config:24-31, mask:24-31
219 [139937323968256] INFO perfrun.perfcollector <> - hwInfo: PERF_IMC_PMU_DETAILS
219 [139937323968256] INFO perfrun.perfcollector <> - pmu caps: raw,format,events
219 [139937323968256] INFO perfrun.perfcollector <> - pmu added: uncore_imc, idx: 5
219 [139937323968256] INFO perfrun.perfcollector <> - dir found: /sys/bus/event_source/devices/uncore_sbox_2
219 [139937323968256] INFO perfrun.perfcollector <> - format: event: config:0-7, mask:0-7
219 [139937323968256] INFO perfrun.perfcollector <> - format: edge: config:18, mask:18
219 [139937323968256] INFO perfrun.perfcollector <> - format: inv: config:23, mask:23
219 [139937323968256] INFO perfrun.perfcollector <> - format: umask: config:8-15, mask:8-15
219 [139937323968256] INFO perfrun.perfcollector <> - format: tid_en: config:19, mask:19
219 [139937323968256] INFO perfrun.perfcollector <> - format: thresh: config:24-31, mask:24-31
219 [139937323968256] INFO perfrun.perfcollector <> - hwInfo: not set, pmuFam: uncore_sbox
219 [139937323968256] INFO perfrun.perfcollector <> - pmu caps: raw,format
219 [139937323968256] INFO perfrun.perfcollector <> - pmu added: uncore_sbox, idx: 2
219 [139937323968256] INFO perfrun.perfcollector <> - dir found: /sys/bus/event_source/devices/uncore_cbox_8
219 [139937323968256] INFO perfrun.perfcollector <> - format: event: config:0-7, mask:0-7
219 [139937323968256] INFO perfrun.perfcollector <> - format: filter_link: config1:6-8, mask:6-8
220 [139937323968256] INFO perfrun.perfcollector <> - format: filter_c6: config1:61, mask:61
220 [139937323968256] INFO perfrun.perfcollector <> - format: edge: config:18, mask:18
220 [139937323968256] INFO perfrun.perfcollector <> - format: filter_isoc: config1:63, mask:63
220 [139937323968256] INFO perfrun.perfcollector <> - format: filter_tid: config1:0-5, mask:0-5
220 [139937323968256] INFO perfrun.perfcollector <> - format: filter_nid: config1:32-47, mask:32-47
220 [139937323968256] INFO perfrun.perfcollector <> - format: filter_nc: config1:62, mask:62
220 [139937323968256] INFO perfrun.perfcollector <> - format: umask: config:8-15, mask:8-15
220 [139937323968256] INFO perfrun.perfcollector <> - format: tid_en: config:19, mask:19
220 [139937323968256] INFO perfrun.perfcollector <> - format: thresh: config:24-31, mask:24-31
220 [139937323968256] INFO perfrun.perfcollector <> - format: filter_state: config1:17-23, mask:17-23
220 [139937323968256] INFO perfrun.perfcollector <> - format: filter_opc: config1:52-60, mask:52-60
220 [139937323968256] INFO perfrun.perfcollector <> - hwInfo: PERF_CBOX_PMU_DETAILS
220 [139937323968256] INFO perfrun.perfcollector <> - pmu caps: raw,format
220 [139937323968256] INFO perfrun.perfcollector <> - pmu added: uncore_cbox, idx: 8
220 [139937323968256] INFO perfrun.perfcollector <> - dir found: /sys/bus/event_source/devices/uncore_cbox_13
220 [139937323968256] INFO perfrun.perfcollector <> - format: event: config:0-7, mask:0-7
220 [139937323968256] INFO perfrun.perfcollector <> - format: filter_link: config1:6-8, mask:6-8
220 [139937323968256] INFO perfrun.perfcollector <> - format: filter_c6: config1:61, mask:61
220 [139937323968256] INFO perfrun.perfcollector <> - format: edge: config:18, mask:18
220 [139937323968256] INFO perfrun.perfcollector <> - format: filter_isoc: config1:63, mask:63
220 [139937323968256] INFO perfrun.perfcollector <> - format: filter_tid: config1:0-5, mask:0-5
221 [139937323968256] INFO perfrun.perfcollector <> - format: filter_nid: config1:32-47, mask:32-47
221 [139937323968256] INFO perfrun.perfcollector <> - format: filter_nc: config1:62, mask:62
221 [139937323968256] INFO perfrun.perfcollector <> - format: umask: config:8-15, mask:8-15
221 [139937323968256] INFO perfrun.perfcollector <> - format: tid_en: config:19, mask:19
221 [139937323968256] INFO perfrun.perfcollector <> - format: thresh: config:24-31, mask:24-31
221 [139937323968256] INFO perfrun.perfcollector <> - format: filter_state: config1:17-23, mask:17-23
221 [139937323968256] INFO perfrun.perfcollector <> - format: filter_opc: config1:52-60, mask:52-60
221 [139937323968256] INFO perfrun.perfcollector <> - hwInfo: PERF_CBOX_PMU_DETAILS
221 [139937323968256] INFO perfrun.perfcollector <> - pmu caps: raw,format
221 [139937323968256] INFO perfrun.perfcollector <> - pmu added: uncore_cbox, idx: 13
221 [139937323968256] INFO perfrun.perfcollector <> - dir found: /sys/bus/event_source/devices/uncore_r2pcie
221 [139937323968256] INFO perfrun.perfcollector <> - format: event: config:0-7, mask:0-7
221 [139937323968256] INFO perfrun.perfcollector <> - format: edge: config:18, mask:18
221 [139937323968256] INFO perfrun.perfcollector <> - format: inv: config:23, mask:23
221 [139937323968256] INFO perfrun.perfcollector <> - format: umask: config:8-15, mask:8-15
221 [139937323968256] INFO perfrun.perfcollector <> - format: thresh: config:24-31, mask:24-31
221 [139937323968256] INFO perfrun.perfcollector <> - hwInfo: not set, pmuFam: uncore_r2pcie
221 [139937323968256] INFO perfrun.perfcollector <> - pmu caps: raw,format
221 [139937323968256] INFO perfrun.perfcollector <> - pmu added: uncore_r2pcie, idx: 0
221 [139937323968256] INFO perfrun.perfcollector <> - dir found: /sys/bus/event_source/devices/uncore_sbox_0
222 [139937323968256] INFO perfrun.perfcollector <> - format: event: config:0-7, mask:0-7
222 [139937323968256] INFO perfrun.perfcollector <> - format: edge: config:18, mask:18
222 [139937323968256] INFO perfrun.perfcollector <> - format: inv: config:23, mask:23
222 [139937323968256] INFO perfrun.perfcollector <> - format: umask: config:8-15, mask:8-15
222 [139937323968256] INFO perfrun.perfcollector <> - format: tid_en: config:19, mask:19
222 [139937323968256] INFO perfrun.perfcollector <> - format: thresh: config:24-31, mask:24-31
222 [139937323968256] INFO perfrun.perfcollector <> - hwInfo: not set, pmuFam: uncore_sbox
222 [139937323968256] INFO perfrun.perfcollector <> - pmu caps: raw,format
222 [139937323968256] INFO perfrun.perfcollector <> - pmu added: uncore_sbox, idx: 0
222 [139937323968256] INFO perfrun.perfcollector <> - dir found: /sys/bus/event_source/devices/uncore_cbox_6
222 [139937323968256] INFO perfrun.perfcollector <> - format: event: config:0-7, mask:0-7
222 [139937323968256] INFO perfrun.perfcollector <> - format: filter_link: config1:6-8, mask:6-8
222 [139937323968256] INFO perfrun.perfcollector <> - format: filter_c6: config1:61, mask:61
222 [139937323968256] INFO perfrun.perfcollector <> - format: edge: config:18, mask:18
222 [139937323968256] INFO perfrun.perfcollector <> - format: filter_isoc: config1:63, mask:63
222 [139937323968256] INFO perfrun.perfcollector <> - format: filter_tid: config1:0-5, mask:0-5
222 [139937323968256] INFO perfrun.perfcollector <> - format: filter_nid: config1:32-47, mask:32-47
222 [139937323968256] INFO perfrun.perfcollector <> - format: filter_nc: config1:62, mask:62
222 [139937323968256] INFO perfrun.perfcollector <> - format: umask: config:8-15, mask:8-15
222 [139937323968256] INFO perfrun.perfcollector <> - format: tid_en: config:19, mask:19
222 [139937323968256] INFO perfrun.perfcollector <> - format: thresh: config:24-31, mask:24-31
223 [139937323968256] INFO perfrun.perfcollector <> - format: filter_state: config1:17-23, mask:17-23
223 [139937323968256] INFO perfrun.perfcollector <> - format: filter_opc: config1:52-60, mask:52-60
223 [139937323968256] INFO perfrun.perfcollector <> - hwInfo: PERF_CBOX_PMU_DETAILS
223 [139937323968256] INFO perfrun.perfcollector <> - pmu caps: raw,format
223 [139937323968256] INFO perfrun.perfcollector <> - pmu added: uncore_cbox, idx: 6
223 [139937323968256] INFO perfrun.perfcollector <> - dir found: /sys/bus/event_source/devices/uncore_imc_1
223 [139937323968256] INFO perfrun.perfcollector <> - format: event: config:0-7, mask:0-7
223 [139937323968256] INFO perfrun.perfcollector <> - format: edge: config:18, mask:18
223 [139937323968256] INFO perfrun.perfcollector <> - format: inv: config:23, mask:23
223 [139937323968256] INFO perfrun.perfcollector <> - format: umask: config:8-15, mask:8-15
223 [139937323968256] INFO perfrun.perfcollector <> - format: thresh: config:24-31, mask:24-31
223 [139937323968256] INFO perfrun.perfcollector <> - hwInfo: PERF_IMC_PMU_DETAILS
223 [139937323968256] INFO perfrun.perfcollector <> - pmu caps: raw,format,events
223 [139937323968256] INFO perfrun.perfcollector <> - pmu added: uncore_imc, idx: 1
223 [139937323968256] INFO perfrun.perfcollector <> - dir found: /sys/bus/event_source/devices/power
223 [139937323968256] INFO perfrun.perfcollector <> - format: event: config:0-7, mask:0-7
223 [139937323968256] INFO perfrun.perfcollector <> - hwInfo: not set, pmuFam: power
223 [139937323968256] INFO perfrun.perfcollector <> - pmu caps: raw,format,events
223 [139937323968256] INFO perfrun.perfcollector <> - pmu added: power, idx: 0
223 [139937323968256] INFO perfrun.perfcollector <> - dir found: /sys/bus/event_source/devices/uncore_cbox_11
223 [139937323968256] INFO perfrun.perfcollector <> - format: event: config:0-7, mask:0-7
223 [139937323968256] INFO perfrun.perfcollector <> - format: filter_link: config1:6-8, mask:6-8
223 [139937323968256] INFO perfrun.perfcollector <> - format: filter_c6: config1:61, mask:61
223 [139937323968256] INFO perfrun.perfcollector <> - format: edge: config:18, mask:18
223 [139937323968256] INFO perfrun.perfcollector <> - format: filter_isoc: config1:63, mask:63
223 [139937323968256] INFO perfrun.perfcollector <> - format: filter_tid: config1:0-5, mask:0-5
224 [139937323968256] INFO perfrun.perfcollector <> - format: filter_nid: config1:32-47, mask:32-47
224 [139937323968256] INFO perfrun.perfcollector <> - format: filter_nc: config1:62, mask:62
224 [139937323968256] INFO perfrun.perfcollector <> - format: umask: config:8-15, mask:8-15
224 [139937323968256] INFO perfrun.perfcollector <> - format: tid_en: config:19, mask:19
224 [139937323968256] INFO perfrun.perfcollector <> - format: thresh: config:24-31, mask:24-31
224 [139937323968256] INFO perfrun.perfcollector <> - format: filter_state: config1:17-23, mask:17-23
224 [139937323968256] INFO perfrun.perfcollector <> - format: filter_opc: config1:52-60, mask:52-60
224 [139937323968256] INFO perfrun.perfcollector <> - hwInfo: PERF_CBOX_PMU_DETAILS
224 [139937323968256] INFO perfrun.perfcollector <> - pmu caps: raw,format
224 [139937323968256] INFO perfrun.perfcollector <> - pmu added: uncore_cbox, idx: 11
224 [139937323968256] INFO perfrun.perfcollector <> - dir found: /sys/bus/event_source/devices/uncore_cbox_4
224 [139937323968256] INFO perfrun.perfcollector <> - format: event: config:0-7, mask:0-7
224 [139937323968256] INFO perfrun.perfcollector <> - format: filter_link: config1:6-8, mask:6-8
224 [139937323968256] INFO perfrun.perfcollector <> - format: filter_c6: config1:61, mask:61
224 [139937323968256] INFO perfrun.perfcollector <> - format: edge: config:18, mask:18
224 [139937323968256] INFO perfrun.perfcollector <> - format: filter_isoc: config1:63, mask:63
224 [139937323968256] INFO perfrun.perfcollector <> - format: filter_tid: config1:0-5, mask:0-5
224 [139937323968256] INFO perfrun.perfcollector <> - format: filter_nid: config1:32-47, mask:32-47
224 [139937323968256] INFO perfrun.perfcollector <> - format: filter_nc: config1:62, mask:62
224 [139937323968256] INFO perfrun.perfcollector <> - format: umask: config:8-15, mask:8-15
224 [139937323968256] INFO perfrun.perfcollector <> - format: tid_en: config:19, mask:19
224 [139937323968256] INFO perfrun.perfcollector <> - format: thresh: config:24-31, mask:24-31
225 [139937323968256] INFO perfrun.perfcollector <> - format: filter_state: config1:17-23, mask:17-23
225 [139937323968256] INFO perfrun.perfcollector <> - format: filter_opc: config1:52-60, mask:52-60
225 [139937323968256] INFO perfrun.perfcollector <> - hwInfo: PERF_CBOX_PMU_DETAILS
225 [139937323968256] INFO perfrun.perfcollector <> - pmu caps: raw,format
225 [139937323968256] INFO perfrun.perfcollector <> - pmu added: uncore_cbox, idx: 4
225 [139937323968256] INFO perfrun.perfcollector <> - dir found: /sys/bus/event_source/devices/uprobe
225 [139937323968256] INFO perfrun.perfcollector <> - format: retprobe: config:0, mask:0
225 [139937323968256] INFO perfrun.perfcollector <> - hwInfo: not set, pmuFam: uprobe
225 [139937323968256] INFO perfrun.perfcollector <> - pmu caps: raw,format
225 [139937323968256] INFO perfrun.perfcollector <> - pmu added: uprobe, idx: 0
225 [139937323968256] INFO perfrun.perfcollector <> - dir found: /sys/bus/event_source/devices/cpu
225 [139937323968256] INFO perfrun.perfcollector <> - format: event: config:0-7, mask:0-7
225 [139937323968256] INFO perfrun.perfcollector <> - format: pc: config:19, mask:19
225 [139937323968256] INFO perfrun.perfcollector <> - format: in_tx: config:32, mask:32
225 [139937323968256] INFO perfrun.perfcollector <> - format: edge: config:18, mask:18
225 [139937323968256] INFO perfrun.perfcollector <> - format: any: config:21, mask:21
225 [139937323968256] INFO perfrun.perfcollector <> - format: offcore_rsp: config1:0-63, mask:0-63
225 [139937323968256] INFO perfrun.perfcollector <> - format: in_tx_cp: config:33, mask:33
225 [139937323968256] INFO perfrun.perfcollector <> - format: ldlat: config1:0-15, mask:0-15
225 [139937323968256] INFO perfrun.perfcollector <> - format: inv: config:23, mask:23
225 [139937323968256] INFO perfrun.perfcollector <> - format: umask: config:8-15, mask:8-15
225 [139937323968256] INFO perfrun.perfcollector <> - format: cmask: config:24-31, mask:24-31
225 [139937323968256] INFO perfrun.perfcollector <> - hwInfo: PERF_CPU_PMU_DETAILS
225 [139937323968256] INFO perfrun.perfcollector <> - pmu caps: raw,format,events,ldlat,offcore_rsp
225 [139937323968256] INFO perfrun.perfcollector <> - pmu added: cpu, idx: 0
225 [139937323968256] INFO perfrun.perfcollector <> - dir found: /sys/bus/event_source/devices/uncore_r3qpi_0
226 [139937323968256] INFO perfrun.perfcollector <> - format: event: config:0-7, mask:0-7
226 [139937323968256] INFO perfrun.perfcollector <> - format: edge: config:18, mask:18
226 [139937323968256] INFO perfrun.perfcollector <> - format: inv: config:23, mask:23
226 [139937323968256] INFO perfrun.perfcollector <> - format: umask: config:8-15, mask:8-15
226 [139937323968256] INFO perfrun.perfcollector <> - format: thresh: config:24-31, mask:24-31
226 [139937323968256] INFO perfrun.perfcollector <> - hwInfo: not set, pmuFam: uncore_r3qpi
226 [139937323968256] INFO perfrun.perfcollector <> - pmu caps: raw,format
226 [139937323968256] INFO perfrun.perfcollector <> - pmu added: uncore_r3qpi, idx: 0
226 [139937323968256] INFO perfrun.perfcollector <> - dir found: /sys/bus/event_source/devices/cstate_core
226 [139937323968256] INFO perfrun.perfcollector <> - format: event: config:0-63, mask:0-63
226 [139937323968256] INFO perfrun.perfcollector <> - hwInfo: not set, pmuFam: cstate_core
226 [139937323968256] INFO perfrun.perfcollector <> - pmu caps: raw,format,events
226 [139937323968256] INFO perfrun.perfcollector <> - pmu added: cstate_core, idx: 0
226 [139937323968256] INFO perfrun.perfcollector <> - dir found: /sys/bus/event_source/devices/uncore_cbox_2
226 [139937323968256] INFO perfrun.perfcollector <> - format: event: config:0-7, mask:0-7
226 [139937323968256] INFO perfrun.perfcollector <> - format: filter_link: config1:6-8, mask:6-8
226 [139937323968256] INFO perfrun.perfcollector <> - format: filter_c6: config1:61, mask:61
226 [139937323968256] INFO perfrun.perfcollector <> - format: edge: config:18, mask:18
226 [139937323968256] INFO perfrun.perfcollector <> - format: filter_isoc: config1:63, mask:63
226 [139937323968256] INFO perfrun.perfcollector <> - format: filter_tid: config1:0-5, mask:0-5
226 [139937323968256] INFO perfrun.perfcollector <> - format: filter_nid: config1:32-47, mask:32-47
226 [139937323968256] INFO perfrun.perfcollector <> - format: filter_nc: config1:62, mask:62
227 [139937323968256] INFO perfrun.perfcollector <> - format: umask: config:8-15, mask:8-15
227 [139937323968256] INFO perfrun.perfcollector <> - format: tid_en: config:19, mask:19
227 [139937323968256] INFO perfrun.perfcollector <> - format: thresh: config:24-31, mask:24-31
227 [139937323968256] INFO perfrun.perfcollector <> - format: filter_state: config1:17-23, mask:17-23
227 [139937323968256] INFO perfrun.perfcollector <> - format: filter_opc: config1:52-60, mask:52-60
227 [139937323968256] INFO perfrun.perfcollector <> - hwInfo: PERF_CBOX_PMU_DETAILS
227 [139937323968256] INFO perfrun.perfcollector <> - pmu caps: raw,format
227 [139937323968256] INFO perfrun.perfcollector <> - pmu added: uncore_cbox, idx: 2
227 [139937323968256] INFO perfrun.perfcollector <> - dir found: /sys/bus/event_source/devices/breakpoint
227 [139937323968256] INFO perfrun.perfcollector <> - format: pmu format subdir doesn't exist
227 [139937323968256] INFO perfrun.perfcollector <> - hwInfo: not set, pmuFam: breakpoint
227 [139937323968256] INFO perfrun.perfcollector <> - pmu added: breakpoint, idx: 0
227 [139937323968256] INFO perfrun.perfcollector <> - dir found: /sys/bus/event_source/devices/uncore_ha_0
227 [139937323968256] INFO perfrun.perfcollector <> - format: event: config:0-7, mask:0-7
227 [139937323968256] INFO perfrun.perfcollector <> - format: edge: config:18, mask:18
227 [139937323968256] INFO perfrun.perfcollector <> - format: inv: config:23, mask:23
227 [139937323968256] INFO perfrun.perfcollector <> - format: umask: config:8-15, mask:8-15
227 [139937323968256] INFO perfrun.perfcollector <> - format: thresh: config:24-31, mask:24-31
227 [139937323968256] INFO perfrun.perfcollector <> - hwInfo: not set, pmuFam: uncore_ha
227 [139937323968256] INFO perfrun.perfcollector <> - pmu caps: raw,format
227 [139937323968256] INFO perfrun.perfcollector <> - pmu added: uncore_ha, idx: 0
227 [139937323968256] INFO perfrun.perfcollector <> - dir found: /sys/bus/event_source/devices/uncore_cbox_0
227 [139937323968256] INFO perfrun.perfcollector <> - format: event: config:0-7, mask:0-7
227 [139937323968256] INFO perfrun.perfcollector <> - format: filter_link: config1:6-8, mask:6-8
227 [139937323968256] INFO perfrun.perfcollector <> - format: filter_c6: config1:61, mask:61
227 [139937323968256] INFO perfrun.perfcollector <> - format: edge: config:18, mask:18
228 [139937323968256] INFO perfrun.perfcollector <> - format: filter_isoc: config1:63, mask:63
228 [139937323968256] INFO perfrun.perfcollector <> - format: filter_tid: config1:0-5, mask:0-5
228 [139937323968256] INFO perfrun.perfcollector <> - format: filter_nid: config1:32-47, mask:32-47
228 [139937323968256] INFO perfrun.perfcollector <> - format: filter_nc: config1:62, mask:62
228 [139937323968256] INFO perfrun.perfcollector <> - format: umask: config:8-15, mask:8-15
228 [139937323968256] INFO perfrun.perfcollector <> - format: tid_en: config:19, mask:19
228 [139937323968256] INFO perfrun.perfcollector <> - format: thresh: config:24-31, mask:24-31
228 [139937323968256] INFO perfrun.perfcollector <> - format: filter_state: config1:17-23, mask:17-23
228 [139937323968256] INFO perfrun.perfcollector <> - format: filter_opc: config1:52-60, mask:52-60
228 [139937323968256] INFO perfrun.perfcollector <> - hwInfo: PERF_CBOX_PMU_DETAILS
228 [139937323968256] INFO perfrun.perfcollector <> - pmu caps: raw,format
228 [139937323968256] INFO perfrun.perfcollector <> - pmu added: uncore_cbox, idx: 0
228 [139937323968256] INFO perfrun.perfcollector <> - dir found: /sys/bus/event_source/devices/tracepoint
228 [139937323968256] INFO perfrun.perfcollector <> - format: pmu format subdir doesn't exist
228 [139937323968256] INFO perfrun.perfcollector <> - hwInfo: not set, pmuFam: tracepoint
228 [139937323968256] INFO perfrun.perfcollector <> - pmu added: tracepoint, idx: 0
228 [139937323968256] INFO perfrun.perfcollector <> - dir found: /sys/bus/event_source/devices/uncore_sbox_3
228 [139937323968256] INFO perfrun.perfcollector <> - format: event: config:0-7, mask:0-7
228 [139937323968256] INFO perfrun.perfcollector <> - format: edge: config:18, mask:18
228 [139937323968256] INFO perfrun.perfcollector <> - format: inv: config:23, mask:23
228 [139937323968256] INFO perfrun.perfcollector <> - format: umask: config:8-15, mask:8-15
229 [139937323968256] INFO perfrun.perfcollector <> - format: tid_en: config:19, mask:19
229 [139937323968256] INFO perfrun.perfcollector <> - format: thresh: config:24-31, mask:24-31
229 [139937323968256] INFO perfrun.perfcollector <> - hwInfo: not set, pmuFam: uncore_sbox
229 [139937323968256] INFO perfrun.perfcollector <> - pmu caps: raw,format
229 [139937323968256] INFO perfrun.perfcollector <> - pmu added: uncore_sbox, idx: 3
229 [139937323968256] INFO perfrun.perfcollector <> - dir found: /sys/bus/event_source/devices/uncore_cbox_9
229 [139937323968256] INFO perfrun.perfcollector <> - format: event: config:0-7, mask:0-7
229 [139937323968256] INFO perfrun.perfcollector <> - format: filter_link: config1:6-8, mask:6-8
229 [139937323968256] INFO perfrun.perfcollector <> - format: filter_c6: config1:61, mask:61
229 [139937323968256] INFO perfrun.perfcollector <> - format: edge: config:18, mask:18
229 [139937323968256] INFO perfrun.perfcollector <> - format: filter_isoc: config1:63, mask:63
229 [139937323968256] INFO perfrun.perfcollector <> - format: filter_tid: config1:0-5, mask:0-5
229 [139937323968256] INFO perfrun.perfcollector <> - format: filter_nid: config1:32-47, mask:32-47
229 [139937323968256] INFO perfrun.perfcollector <> - format: filter_nc: config1:62, mask:62
229 [139937323968256] INFO perfrun.perfcollector <> - format: umask: config:8-15, mask:8-15
229 [139937323968256] INFO perfrun.perfcollector <> - format: tid_en: config:19, mask:19
229 [139937323968256] INFO perfrun.perfcollector <> - format: thresh: config:24-31, mask:24-31
229 [139937323968256] INFO perfrun.perfcollector <> - format: filter_state: config1:17-23, mask:17-23
229 [139937323968256] INFO perfrun.perfcollector <> - format: filter_opc: config1:52-60, mask:52-60
229 [139937323968256] INFO perfrun.perfcollector <> - hwInfo: PERF_CBOX_PMU_DETAILS
229 [139937323968256] INFO perfrun.perfcollector <> - pmu caps: raw,format
229 [139937323968256] INFO perfrun.perfcollector <> - pmu added: uncore_cbox, idx: 9
229 [139937323968256] INFO perfrun.perfcollector <> - dir found: /sys/bus/event_source/devices/cstate_pkg
229 [139937323968256] INFO perfrun.perfcollector <> - format: event: config:0-63, mask:0-63
230 [139937323968256] INFO perfrun.perfcollector <> - hwInfo: not set, pmuFam: cstate_pkg
230 [139937323968256] INFO perfrun.perfcollector <> - pmu caps: raw,format,events
230 [139937323968256] INFO perfrun.perfcollector <> - pmu added: cstate_pkg, idx: 0
230 [139937323968256] INFO perfrun.perfcollector <> - dir found: /sys/bus/event_source/devices/uncore_imc_4
230 [139937323968256] INFO perfrun.perfcollector <> - format: event: config:0-7, mask:0-7
230 [139937323968256] INFO perfrun.perfcollector <> - format: edge: config:18, mask:18
230 [139937323968256] INFO perfrun.perfcollector <> - format: inv: config:23, mask:23
230 [139937323968256] INFO perfrun.perfcollector <> - format: umask: config:8-15, mask:8-15
230 [139937323968256] INFO perfrun.perfcollector <> - format: thresh: config:24-31, mask:24-31
230 [139937323968256] INFO perfrun.perfcollector <> - hwInfo: PERF_IMC_PMU_DETAILS
230 [139937323968256] INFO perfrun.perfcollector <> - pmu caps: raw,format,events
230 [139937323968256] INFO perfrun.perfcollector <> - pmu added: uncore_imc, idx: 4
230 [139937323968256] INFO perfrun.perfcollector <> - dir found: /sys/bus/event_source/devices/uncore_ubox
230 [139937323968256] INFO perfrun.perfcollector <> - format: event: config:0-7, mask:0-7
230 [139937323968256] INFO perfrun.perfcollector <> - format: edge: config:18, mask:18
230 [139937323968256] INFO perfrun.perfcollector <> - format: inv: config:23, mask:23
230 [139937323968256] INFO perfrun.perfcollector <> - format: umask: config:8-15, mask:8-15
230 [139937323968256] INFO perfrun.perfcollector <> - format: thresh: config:24-28, mask:24-28
230 [139937323968256] INFO perfrun.perfcollector <> - hwInfo: not set, pmuFam: uncore_ubox
230 [139937323968256] INFO perfrun.perfcollector <> - pmu caps: raw,format
230 [139937323968256] INFO perfrun.perfcollector <> - pmu added: uncore_ubox, idx: 0
230 [139937323968256] INFO perfrun.perfcollector <> - dir found: /sys/bus/event_source/devices/uncore_sbox_1
230 [139937323968256] INFO perfrun.perfcollector <> - format: event: config:0-7, mask:0-7
230 [139937323968256] INFO perfrun.perfcollector <> - format: edge: config:18, mask:18
230 [139937323968256] INFO perfrun.perfcollector <> - format: inv: config:23, mask:23
231 [139937323968256] INFO perfrun.perfcollector <> - format: umask: config:8-15, mask:8-15
231 [139937323968256] INFO perfrun.perfcollector <> - format: tid_en: config:19, mask:19
231 [139937323968256] INFO perfrun.perfcollector <> - format: thresh: config:24-31, mask:24-31
231 [139937323968256] INFO perfrun.perfcollector <> - hwInfo: not set, pmuFam: uncore_sbox
231 [139937323968256] INFO perfrun.perfcollector <> - pmu caps: raw,format
231 [139937323968256] INFO perfrun.perfcollector <> - pmu added: uncore_sbox, idx: 1
231 [139937323968256] INFO perfrun.perfcollector <> - dir found: /sys/bus/event_source/devices/uncore_cbox_7
231 [139937323968256] INFO perfrun.perfcollector <> - format: event: config:0-7, mask:0-7
231 [139937323968256] INFO perfrun.perfcollector <> - format: filter_link: config1:6-8, mask:6-8
231 [139937323968256] INFO perfrun.perfcollector <> - format: filter_c6: config1:61, mask:61
231 [139937323968256] INFO perfrun.perfcollector <> - format: edge: config:18, mask:18
231 [139937323968256] INFO perfrun.perfcollector <> - format: filter_isoc: config1:63, mask:63
231 [139937323968256] INFO perfrun.perfcollector <> - format: filter_tid: config1:0-5, mask:0-5
231 [139937323968256] INFO perfrun.perfcollector <> - format: filter_nid: config1:32-47, mask:32-47
231 [139937323968256] INFO perfrun.perfcollector <> - format: filter_nc: config1:62, mask:62
231 [139937323968256] INFO perfrun.perfcollector <> - format: umask: config:8-15, mask:8-15
231 [139937323968256] INFO perfrun.perfcollector <> - format: tid_en: config:19, mask:19
231 [139937323968256] INFO perfrun.perfcollector <> - format: thresh: config:24-31, mask:24-31
231 [139937323968256] INFO perfrun.perfcollector <> - format: filter_state: config1:17-23, mask:17-23
231 [139937323968256] INFO perfrun.perfcollector <> - format: filter_opc: config1:52-60, mask:52-60
231 [139937323968256] INFO perfrun.perfcollector <> - hwInfo: PERF_CBOX_PMU_DETAILS
231 [139937323968256] INFO perfrun.perfcollector <> - pmu caps: raw,format
231 [139937323968256] INFO perfrun.perfcollector <> - pmu added: uncore_cbox, idx: 7
231 [139937323968256] INFO perfrun.perfcollector <> - dir found: /sys/bus/event_source/devices/uncore_cbox_12
232 [139937323968256] INFO perfrun.perfcollector <> - format: event: config:0-7, mask:0-7
232 [139937323968256] INFO perfrun.perfcollector <> - format: filter_link: config1:6-8, mask:6-8
232 [139937323968256] INFO perfrun.perfcollector <> - format: filter_c6: config1:61, mask:61
232 [139937323968256] INFO perfrun.perfcollector <> - format: edge: config:18, mask:18
232 [139937323968256] INFO perfrun.perfcollector <> - format: filter_isoc: config1:63, mask:63
232 [139937323968256] INFO perfrun.perfcollector <> - format: filter_tid: config1:0-5, mask:0-5
232 [139937323968256] INFO perfrun.perfcollector <> - format: filter_nid: config1:32-47, mask:32-47
232 [139937323968256] INFO perfrun.perfcollector <> - format: filter_nc: config1:62, mask:62
232 [139937323968256] INFO perfrun.perfcollector <> - format: umask: config:8-15, mask:8-15
232 [139937323968256] INFO perfrun.perfcollector <> - format: tid_en: config:19, mask:19
232 [139937323968256] INFO perfrun.perfcollector <> - format: thresh: config:24-31, mask:24-31
232 [139937323968256] INFO perfrun.perfcollector <> - format: filter_state: config1:17-23, mask:17-23
232 [139937323968256] INFO perfrun.perfcollector <> - format: filter_opc: config1:52-60, mask:52-60
232 [139937323968256] INFO perfrun.perfcollector <> - hwInfo: PERF_CBOX_PMU_DETAILS
232 [139937323968256] INFO perfrun.perfcollector <> - pmu caps: raw,format
232 [139937323968256] INFO perfrun.perfcollector <> - pmu added: uncore_cbox, idx: 12
232 [139937323968256] INFO perfrun.perfcollector <> - dir found: /sys/bus/event_source/devices/kprobe
232 [139937323968256] INFO perfrun.perfcollector <> - format: retprobe: config:0, mask:0
232 [139937323968256] INFO perfrun.perfcollector <> - hwInfo: not set, pmuFam: kprobe
232 [139937323968256] INFO perfrun.perfcollector <> - pmu caps: raw,format
232 [139937323968256] INFO perfrun.perfcollector <> - pmu added: kprobe, idx: 0
232 [139937323968256] INFO perfrun.perfcollector <> - dir found: /sys/bus/event_source/devices/uncore_cbox_5
232 [139937323968256] INFO perfrun.perfcollector <> - format: event: config:0-7, mask:0-7
233 [139937323968256] INFO perfrun.perfcollector <> - format: filter_link: config1:6-8, mask:6-8
233 [139937323968256] INFO perfrun.perfcollector <> - format: filter_c6: config1:61, mask:61
233 [139937323968256] INFO perfrun.perfcollector <> - format: edge: config:18, mask:18
233 [139937323968256] INFO perfrun.perfcollector <> - format: filter_isoc: config1:63, mask:63
233 [139937323968256] INFO perfrun.perfcollector <> - format: filter_tid: config1:0-5, mask:0-5
233 [139937323968256] INFO perfrun.perfcollector <> - format: filter_nid: config1:32-47, mask:32-47
233 [139937323968256] INFO perfrun.perfcollector <> - format: filter_nc: config1:62, mask:62
233 [139937323968256] INFO perfrun.perfcollector <> - format: umask: config:8-15, mask:8-15
233 [139937323968256] INFO perfrun.perfcollector <> - format: tid_en: config:19, mask:19
233 [139937323968256] INFO perfrun.perfcollector <> - format: thresh: config:24-31, mask:24-31
233 [139937323968256] INFO perfrun.perfcollector <> - format: filter_state: config1:17-23, mask:17-23
233 [139937323968256] INFO perfrun.perfcollector <> - format: filter_opc: config1:52-60, mask:52-60
233 [139937323968256] INFO perfrun.perfcollector <> - hwInfo: PERF_CBOX_PMU_DETAILS
233 [139937323968256] INFO perfrun.perfcollector <> - pmu caps: raw,format
233 [139937323968256] INFO perfrun.perfcollector <> - pmu added: uncore_cbox, idx: 5
233 [139937323968256] INFO perfrun.perfcollector <> - dir found: /sys/bus/event_source/devices/uncore_imc_0
233 [139937323968256] INFO perfrun.perfcollector <> - format: event: config:0-7, mask:0-7
233 [139937323968256] INFO perfrun.perfcollector <> - format: edge: config:18, mask:18
233 [139937323968256] INFO perfrun.perfcollector <> - format: inv: config:23, mask:23
233 [139937323968256] INFO perfrun.perfcollector <> - format: umask: config:8-15, mask:8-15
233 [139937323968256] INFO perfrun.perfcollector <> - format: thresh: config:24-31, mask:24-31
233 [139937323968256] INFO perfrun.perfcollector <> - hwInfo: PERF_IMC_PMU_DETAILS
233 [139937323968256] INFO perfrun.perfcollector <> - pmu caps: raw,format,events
233 [139937323968256] INFO perfrun.perfcollector <> - pmu added: uncore_imc, idx: 0
234 [139937323968256] INFO perfrun.perfcollector <> - dir found: /sys/bus/event_source/devices/uncore_cbox_10
234 [139937323968256] INFO perfrun.perfcollector <> - format: event: config:0-7, mask:0-7
234 [139937323968256] INFO perfrun.perfcollector <> - format: filter_link: config1:6-8, mask:6-8
234 [139937323968256] INFO perfrun.perfcollector <> - format: filter_c6: config1:61, mask:61
234 [139937323968256] INFO perfrun.perfcollector <> - format: edge: config:18, mask:18
234 [139937323968256] INFO perfrun.perfcollector <> - format: filter_isoc: config1:63, mask:63
234 [139937323968256] INFO perfrun.perfcollector <> - format: filter_tid: config1:0-5, mask:0-5
234 [139937323968256] INFO perfrun.perfcollector <> - format: filter_nid: config1:32-47, mask:32-47
234 [139937323968256] INFO perfrun.perfcollector <> - format: filter_nc: config1:62, mask:62
234 [139937323968256] INFO perfrun.perfcollector <> - format: umask: config:8-15, mask:8-15
234 [139937323968256] INFO perfrun.perfcollector <> - format: tid_en: config:19, mask:19
234 [139937323968256] INFO perfrun.perfcollector <> - format: thresh: config:24-31, mask:24-31
234 [139937323968256] INFO perfrun.perfcollector <> - format: filter_state: config1:17-23, mask:17-23
234 [139937323968256] INFO perfrun.perfcollector <> - format: filter_opc: config1:52-60, mask:52-60
234 [139937323968256] INFO perfrun.perfcollector <> - hwInfo: PERF_CBOX_PMU_DETAILS
234 [139937323968256] INFO perfrun.perfcollector <> - pmu caps: raw,format
234 [139937323968256] INFO perfrun.perfcollector <> - pmu added: uncore_cbox, idx: 10
234 [139937323968256] INFO perfrun.perfcollector <> - dir found: /sys/bus/event_source/devices/uncore_pcu
234 [139937323968256] INFO perfrun.perfcollector <> - format: filter_band2: config1:16-23, mask:16-23
234 [139937323968256] INFO perfrun.perfcollector <> - format: event: config:0-7, mask:0-7
234 [139937323968256] INFO perfrun.perfcollector <> - format: filter_band0: config1:0-7, mask:0-7
234 [139937323968256] INFO perfrun.perfcollector <> - format: edge: config:18, mask:18
235 [139937323968256] INFO perfrun.perfcollector <> - format: occ_invert: config:30, mask:30
235 [139937323968256] INFO perfrun.perfcollector <> - format: occ_edge: config:14-51, mask:14-51
235 [139937323968256] INFO perfrun.perfcollector <> - format: filter_band3: config1:24-31, mask:24-31
235 [139937323968256] INFO perfrun.perfcollector <> - format: filter_band1: config1:8-15, mask:8-15
235 [139937323968256] INFO perfrun.perfcollector <> - format: inv: config:23, mask:23
235 [139937323968256] INFO perfrun.perfcollector <> - format: thresh: config:24-28, mask:24-28
235 [139937323968256] INFO perfrun.perfcollector <> - format: occ_sel: config:14-15, mask:14-15
235 [139937323968256] INFO perfrun.perfcollector <> - hwInfo: not set, pmuFam: uncore_pcu
235 [139937323968256] INFO perfrun.perfcollector <> - pmu caps: raw,format
235 [139937323968256] INFO perfrun.perfcollector <> - pmu added: uncore_pcu, idx: 0
235 [139937323968256] INFO perfrun.perfcollector <> - dir found: /sys/bus/event_source/devices/uncore_r3qpi_1
235 [139937323968256] INFO perfrun.perfcollector <> - format: event: config:0-7, mask:0-7
235 [139937323968256] INFO perfrun.perfcollector <> - format: edge: config:18, mask:18
235 [139937323968256] INFO perfrun.perfcollector <> - format: inv: config:23, mask:23
235 [139937323968256] INFO perfrun.perfcollector <> - format: umask: config:8-15, mask:8-15
235 [139937323968256] INFO perfrun.perfcollector <> - format: thresh: config:24-31, mask:24-31
235 [139937323968256] INFO perfrun.perfcollector <> - hwInfo: not set, pmuFam: uncore_r3qpi
235 [139937323968256] INFO perfrun.perfcollector <> - pmu caps: raw,format
235 [139937323968256] INFO perfrun.perfcollector <> - pmu added: uncore_r3qpi, idx: 1
235 [139937323968256] INFO perfrun.perfcollector <> - dir found: /sys/bus/event_source/devices/msr
235 [139937323968256] INFO perfrun.perfcollector <> - format: event: config:0-63, mask:0-63
235 [139937323968256] INFO perfrun.perfcollector <> - hwInfo: not set, pmuFam: msr
235 [139937323968256] INFO perfrun.perfcollector <> - pmu caps: raw,format,events
235 [139937323968256] INFO perfrun.perfcollector <> - pmu added: msr, idx: 0
235 [139937323968256] INFO perfrun.perfcollector <> - dir found: /sys/bus/event_source/devices/uncore_cbox_3
236 [139937323968256] INFO perfrun.perfcollector <> - format: event: config:0-7, mask:0-7
236 [139937323968256] INFO perfrun.perfcollector <> - format: filter_link: config1:6-8, mask:6-8
236 [139937323968256] INFO perfrun.perfcollector <> - format: filter_c6: config1:61, mask:61
236 [139937323968256] INFO perfrun.perfcollector <> - format: edge: config:18, mask:18
236 [139937323968256] INFO perfrun.perfcollector <> - format: filter_isoc: config1:63, mask:63
236 [139937323968256] INFO perfrun.perfcollector <> - format: filter_tid: config1:0-5, mask:0-5
236 [139937323968256] INFO perfrun.perfcollector <> - format: filter_nid: config1:32-47, mask:32-47
236 [139937323968256] INFO perfrun.perfcollector <> - format: filter_nc: config1:62, mask:62
236 [139937323968256] INFO perfrun.perfcollector <> - format: umask: config:8-15, mask:8-15
236 [139937323968256] INFO perfrun.perfcollector <> - format: tid_en: config:19, mask:19
236 [139937323968256] INFO perfrun.perfcollector <> - format: thresh: config:24-31, mask:24-31
236 [139937323968256] INFO perfrun.perfcollector <> - format: filter_state: config1:17-23, mask:17-23
236 [139937323968256] INFO perfrun.perfcollector <> - format: filter_opc: config1:52-60, mask:52-60
236 [139937323968256] INFO perfrun.perfcollector <> - hwInfo: PERF_CBOX_PMU_DETAILS
236 [139937323968256] INFO perfrun.perfcollector <> - pmu caps: raw,format
236 [139937323968256] INFO perfrun.perfcollector <> - pmu added: uncore_cbox, idx: 3
236 [139937323968256] INFO perfrun.perfcollector <> - dir found: /sys/bus/event_source/devices/intel_pt
236 [139937323968256] INFO perfrun.perfcollector <> - format: ptw: config:12, mask:12
236 [139937323968256] INFO perfrun.perfcollector <> - format: event: config:31, mask:31
236 [139937323968256] INFO perfrun.perfcollector <> - format: cyc_thresh: config:19-22, mask:19-22
236 [139937323968256] INFO perfrun.perfcollector <> - format: pt: config:0, mask:0
237 [139937323968256] INFO perfrun.perfcollector <> - format: notnt: config:55, mask:55
237 [139937323968256] INFO perfrun.perfcollector <> - format: branch: config:13, mask:13
237 [139937323968256] INFO perfrun.perfcollector <> - format: tsc: config:10, mask:10
237 [139937323968256] INFO perfrun.perfcollector <> - format: pwr_evt: config:4, mask:4
237 [139937323968256] INFO perfrun.perfcollector <> - format: fup_on_ptw: config:5, mask:5
237 [139937323968256] INFO perfrun.perfcollector <> - format: cyc: config:1, mask:1
237 [139937323968256] INFO perfrun.perfcollector <> - format: noretcomp: config:11, mask:11
237 [139937323968256] INFO perfrun.perfcollector <> - format: mtc: config:9, mask:9
237 [139937323968256] INFO perfrun.perfcollector <> - format: psb_period: config:24-27, mask:24-27
237 [139937323968256] INFO perfrun.perfcollector <> - format: mtc_period: config:14-17, mask:14-17
237 [139937323968256] INFO perfrun.perfcollector <> - hwInfo: not set, pmuFam: intel_pt
237 [139937323968256] INFO perfrun.perfcollector <> - pmu caps: raw,format
237 [139937323968256] INFO perfrun.perfcollector <> - pmu added: intel_pt, idx: 0
237 [139937323968256] INFO perfrun.perfcollector <> - dir found: /sys/bus/event_source/devices/uncore_ha_1
237 [139937323968256] INFO perfrun.perfcollector <> - format: event: config:0-7, mask:0-7
237 [139937323968256] INFO perfrun.perfcollector <> - format: edge: config:18, mask:18
237 [139937323968256] INFO perfrun.perfcollector <> - format: inv: config:23, mask:23
237 [139937323968256] INFO perfrun.perfcollector <> - format: umask: config:8-15, mask:8-15
237 [139937323968256] INFO perfrun.perfcollector <> - format: thresh: config:24-31, mask:24-31
237 [139937323968256] INFO perfrun.perfcollector <> - hwInfo: not set, pmuFam: uncore_ha
237 [139937323968256] INFO perfrun.perfcollector <> - pmu caps: raw,format
237 [139937323968256] INFO perfrun.perfcollector <> - pmu added: uncore_ha, idx: 1
237 [139937323968256] INFO perfrun.perfcollector <> - dir found: /sys/bus/event_source/devices/uncore_cbox_1
238 [139937323968256] INFO perfrun.perfcollector <> - format: event: config:0-7, mask:0-7
238 [139937323968256] INFO perfrun.perfcollector <> - format: filter_link: config1:6-8, mask:6-8
238 [139937323968256] INFO perfrun.perfcollector <> - format: filter_c6: config1:61, mask:61
238 [139937323968256] INFO perfrun.perfcollector <> - format: edge: config:18, mask:18
238 [139937323968256] INFO perfrun.perfcollector <> - format: filter_isoc: config1:63, mask:63
238 [139937323968256] INFO perfrun.perfcollector <> - format: filter_tid: config1:0-5, mask:0-5
238 [139937323968256] INFO perfrun.perfcollector <> - format: filter_nid: config1:32-47, mask:32-47
238 [139937323968256] INFO perfrun.perfcollector <> - format: filter_nc: config1:62, mask:62
238 [139937323968256] INFO perfrun.perfcollector <> - format: umask: config:8-15, mask:8-15
238 [139937323968256] INFO perfrun.perfcollector <> - format: tid_en: config:19, mask:19
238 [139937323968256] INFO perfrun.perfcollector <> - format: thresh: config:24-31, mask:24-31
238 [139937323968256] INFO perfrun.perfcollector <> - format: filter_state: config1:17-23, mask:17-23
238 [139937323968256] INFO perfrun.perfcollector <> - format: filter_opc: config1:52-60, mask:52-60
238 [139937323968256] INFO perfrun.perfcollector <> - hwInfo: PERF_CBOX_PMU_DETAILS
238 [139937323968256] INFO perfrun.perfcollector <> - pmu caps: raw,format
238 [139937323968256] INFO perfrun.perfcollector <> - pmu added: uncore_cbox, idx: 1
238 [139937323968256] INFO perfrun.perfcollector <> - Perf tool path: /opt/intel/oneapi/vtune/2024.2/bin64/amplxe-perf
238 [139937323968256] INFO perfrun.perfcollector <> - Data directory: /tmp/amplxe-tmp-dragos.boncan/amplxe-res-3367958-47539215412901384/data.0
238 [139937323968256] INFO perfrun.perfcollector <> - Temp directory: /tmp/amplxe-tmp-dragos.boncan
238 [139937323968256] INFO perfrun.perfcollector <> - Perf sync path: /opt/intel/oneapi/vtune/2024.2/bin64/amplxe-perf-sync
238 [139937323968256] INFO perfrun.perfcollector <> - Hypervisor = None
238 [139937323968256] INFO perfrun.perfcollector <> - Counting mode is requested
238 [139937323968256] WARN perfrun.launcher <> - Messenger::say: Only user space will be profiled due to credentials lack. Consider changing /proc/sys/kernel/perf_event_paranoid file for enabling kernel space profiling.
238 [139937323968256] INFO perfrun.perfcollector <> - Sample after multiplier: 1
239 [139937323968256] INFO perfrun.sdk <> - runCmd: /opt/intel/oneapi/vtune/2024.2/bin64/sep -dry-run -sam 1 -ec CPU_CLK_UNHALTED.THREAD,CPU_CLK_UNHALTED.REF_TSC:sample:sa=2400000,INST_RETIRED.ANY:sample:sa=2400000,CPU_CLK_UNHALTED.REF_XCLK,CPU_CLK_UNHALTED.ONE_THREAD_ACTIVE,FP_ARITH_INST_RETIRED.SCALAR_SINGLE,FP_ARITH_INST_RETIRED.128B_PACKED_SINGLE,FP_ARITH_INST_RETIRED.256B_PACKED_SINGLE,FP_ARITH_INST_RETIRED.SCALAR_DOUBLE,FP_ARITH_INST_RETIRED.128B_PACKED_DOUBLE,FP_ARITH_INST_RETIRED.256B_PACKED_DOUBLE,INST_RETIRED.X87,UOPS_RETIRED.RETIRE_SLOTS:sample:sa=2000003,UOPS_EXECUTED.THREAD -experimental
239 [139937323968256] INFO perfrun.sdk <> - runCmd started PID 3367962
272 [139937323968256] INFO perfrun.perfcollector <> - SepDryRun RC = true
272 [139937323968256] INFO perfrun.perfcollector <> - Loading SEP event configuration
272 [139937323968256] INFO perfrun.perfcollector <> - pmu: cpu
272 [139937323968256] INFO perfrun.perfcollector <> - group_id: 0
272 [139937323968256] INFO perfrun.perfcollector <> - event_id: 2: INST_RETIRED.ANY
272 [139937323968256] INFO perfrun.perfcollector <> - event_id: 0: CPU_CLK_UNHALTED.THREAD
272 [139937323968256] INFO perfrun.perfcollector <> - event_id: 1: CPU_CLK_UNHALTED.REF_TSC
272 [139937323968256] INFO perfrun.perfcollector <> - event_id: 3: CPU_CLK_UNHALTED.REF_XCLK
272 [139937323968256] INFO perfrun.perfcollector <> - event_id: 4: CPU_CLK_UNHALTED.ONE_THREAD_ACTIVE
272 [139937323968256] INFO perfrun.perfcollector <> - event_id: 5: FP_ARITH_INST_RETIRED.SCALAR_SINGLE
272 [139937323968256] INFO perfrun.perfcollector <> - event_id: 6: FP_ARITH_INST_RETIRED.128B_PACKED_SINGLE
273 [139937323968256] INFO perfrun.perfcollector <> - event_id: 3: cccr: addr: 186, value: 53013c
273 [139937323968256] INFO perfrun.perfcollector <> - event_id: 4: cccr: addr: 187, value: 53023c
273 [139937323968256] INFO perfrun.perfcollector <> - event_id: 5: cccr: addr: 188, value: 5302c7
273 [139937323968256] INFO perfrun.perfcollector <> - event_id: 6: cccr: addr: 189, value: 5308c7
273 [139937323968256] INFO perfrun.perfcollector <> - event_id: 2: data: addr: 309, value: ffffffffffdb6100
273 [139937323968256] INFO perfrun.perfcollector <> - event_id: 0: data: addr: 30a, value: ffffffffffe17b7d
273 [139937323968256] INFO perfrun.perfcollector <> - event_id: 1: data: addr: 30b, value: ffffffffffdb6100
273 [139937323968256] INFO perfrun.perfcollector <> - event_id: 3: data: addr: c1, value: fffffffffffe795d
273 [139937323968256] INFO perfrun.perfcollector <> - event_id: 4: data: addr: c2, value: fffffffffffe795d
273 [139937323968256] INFO perfrun.perfcollector <> - event_id: 5: data: addr: c3, value: ffffffffffe17b7d
273 [139937323968256] INFO perfrun.perfcollector <> - event_id: 6: data: addr: c4, value: ffffffffffe17b7d
273 [139937323968256] INFO perfrun.perfcollector <> - group_id: 1
273 [139937323968256] INFO perfrun.perfcollector <> - event_id: 2: INST_RETIRED.ANY
273 [139937323968256] INFO perfrun.perfcollector <> - event_id: 0: CPU_CLK_UNHALTED.THREAD
273 [139937323968256] INFO perfrun.perfcollector <> - event_id: 1: CPU_CLK_UNHALTED.REF_TSC
273 [139937323968256] INFO perfrun.perfcollector <> - event_id: 7: FP_ARITH_INST_RETIRED.256B_PACKED_SINGLE
273 [139937323968256] INFO perfrun.perfcollector <> - event_id: 8: FP_ARITH_INST_RETIRED.SCALAR_DOUBLE
273 [139937323968256] INFO perfrun.perfcollector <> - event_id: 9: FP_ARITH_INST_RETIRED.128B_PACKED_DOUBLE
273 [139937323968256] INFO perfrun.perfcollector <> - event_id: 10: FP_ARITH_INST_RETIRED.256B_PACKED_DOUBLE
273 [139937323968256] INFO perfrun.perfcollector <> - event_id: 7: cccr: addr: 186, value: 5320c7
273 [139937323968256] INFO perfrun.perfcollector <> - event_id: 8: cccr: addr: 187, value: 5301c7
273 [139937323968256] INFO perfrun.perfcollector <> - event_id: 9: cccr: addr: 188, value: 5304c7
273 [139937323968256] INFO perfrun.perfcollector <> - event_id: 10: cccr: addr: 189, value: 5310c7
273 [139937323968256] INFO perfrun.perfcollector <> - event_id: 2: data: addr: 309, value: ffffffffffdb6100
273 [139937323968256] INFO perfrun.perfcollector <> - event_id: 0: data: addr: 30a, value: ffffffffffe17b7d
273 [139937323968256] INFO perfrun.perfcollector <> - event_id: 1: data: addr: 30b, value: ffffffffffdb6100
273 [139937323968256] INFO perfrun.perfcollector <> - event_id: 7: data: addr: c1, value: ffffffffffe17b7d
273 [139937323968256] INFO perfrun.perfcollector <> - event_id: 8: data: addr: c2, value: ffffffffffe17b7d
273 [139937323968256] INFO perfrun.perfcollector <> - event_id: 9: data: addr: c3, value: ffffffffffe17b7d
273 [139937323968256] INFO perfrun.perfcollector <> - event_id: 10: data: addr: c4, value: ffffffffffe17b7d
273 [139937323968256] INFO perfrun.perfcollector <> - group_id: 2
273 [139937323968256] INFO perfrun.perfcollector <> - event_id: 2: INST_RETIRED.ANY
273 [139937323968256] INFO perfrun.perfcollector <> - event_id: 0: CPU_CLK_UNHALTED.THREAD
273 [139937323968256] INFO perfrun.perfcollector <> - event_id: 1: CPU_CLK_UNHALTED.REF_TSC
273 [139937323968256] INFO perfrun.perfcollector <> - event_id: 11: INST_RETIRED.X87
273 [139937323968256] INFO perfrun.perfcollector <> - event_id: 12: UOPS_RETIRED.RETIRE_SLOTS
273 [139937323968256] INFO perfrun.perfcollector <> - event_id: 13: UOPS_EXECUTED.THREAD
273 [139937323968256] INFO perfrun.perfcollector <> - event_id: 11: cccr: addr: 186, value: 5302c0
273 [139937323968256] INFO perfrun.perfcollector <> - event_id: 12: cccr: addr: 187, value: 5302c2
273 [139937323968256] INFO perfrun.perfcollector <> - event_id: 13: cccr: addr: 188, value: 5301b1
273 [139937323968256] INFO perfrun.perfcollector <> - event_id: 2: data: addr: 309, value: ffffffffffdb6100
273 [139937323968256] INFO perfrun.perfcollector <> - event_id: 0: data: addr: 30a, value: ffffffffffe17b7d
273 [139937323968256] INFO perfrun.perfcollector <> - event_id: 1: data: addr: 30b, value: ffffffffffdb6100
273 [139937323968256] INFO perfrun.perfcollector <> - event_id: 11: data: addr: c1, value: ffffffffffe17b7d
273 [139937323968256] INFO perfrun.perfcollector <> - event_id: 12: data: addr: c2, value: ffffffffffe17b7d
273 [139937323968256] INFO perfrun.perfcollector <> - event_id: 13: data: addr: c3, value: ffffffffffe17b7d
273 [139937323968256] INFO perfrun.perfcollector <> - Converting events to Perf format
273 [139937323968256] INFO perfrun.perfcollector <> - event: 0: CPU_CLK_UNHALTED.THREAD
273 [139937323968256] INFO perfrun.perfcollector <> - cccr: addr: ffffffff, value: 0
273 [139937323968256] INFO perfrun.perfcollector <> - data: addr: 30a, value: ffffffffffe17b7d
273 [139937323968256] INFO perfrun.perfcollector <> - pmu config: cpu
273 [139937323968256] INFO perfrun.perfcollector <> - config: any: 0
273 [139937323968256] INFO perfrun.perfcollector <> - config: cmask: 0
273 [139937323968256] INFO perfrun.perfcollector <> - config: edge: 0
273 [139937323968256] INFO perfrun.perfcollector <> - config: event: 3c
273 [139937323968256] INFO perfrun.perfcollector <> - config: in_tx: 0
273 [139937323968256] INFO perfrun.perfcollector <> - config: in_tx_cp: 0
273 [139937323968256] INFO perfrun.perfcollector <> - config: inv: 0
273 [139937323968256] INFO perfrun.perfcollector <> - config1: ldlat: 0
273 [139937323968256] INFO perfrun.perfcollector <> - config1: offcore_rsp: 0
273 [139937323968256] INFO perfrun.perfcollector <> - config: pc: 0
273 [139937323968256] INFO perfrun.perfcollector <> - config: umask: 0
273 [139937323968256] INFO perfrun.perfcollector <> - format: cpu/event=0x3c,name='CPU_CLK_UNHALTED.THREAD'/D
273 [139937323968256] INFO perfrun.perfcollector <> - event: 1: CPU_CLK_UNHALTED.REF_TSC
273 [139937323968256] INFO perfrun.perfcollector <> - cccr: addr: ffffffff, value: 0
273 [139937323968256] INFO perfrun.perfcollector <> - data: addr: 30b, value: ffffffffffdb6100
273 [139937323968256] INFO perfrun.perfcollector <> - pmu config: cpu
273 [139937323968256] INFO perfrun.perfcollector <> - config: any: 0
273 [139937323968256] INFO perfrun.perfcollector <> - config: cmask: 0
273 [139937323968256] INFO perfrun.perfcollector <> - config: edge: 0
273 [139937323968256] INFO perfrun.perfcollector <> - config: event: 0
273 [139937323968256] INFO perfrun.perfcollector <> - config: in_tx: 0
273 [139937323968256] INFO perfrun.perfcollector <> - config: in_tx_cp: 0
273 [139937323968256] INFO perfrun.perfcollector <> - config: inv: 0
273 [139937323968256] INFO perfrun.perfcollector <> - config1: ldlat: 0
273 [139937323968256] INFO perfrun.perfcollector <> - config1: offcore_rsp: 0
273 [139937323968256] INFO perfrun.perfcollector <> - config: pc: 0
273 [139937323968256] INFO perfrun.perfcollector <> - config: umask: 3
273 [139937323968256] INFO perfrun.perfcollector <> - format: cpu/umask=0x3,name='CPU_CLK_UNHALTED.REF_TSC'/D
273 [139937323968256] INFO perfrun.perfcollector <> - event: 2: INST_RETIRED.ANY
273 [139937323968256] INFO perfrun.perfcollector <> - cccr: addr: ffffffff, value: 0
274 [139937323968256] INFO perfrun.perfcollector <> - data: addr: 309, value: ffffffffffdb6100
274 [139937323968256] INFO perfrun.perfcollector <> - pmu config: cpu
274 [139937323968256] INFO perfrun.perfcollector <> - config: any: 0
274 [139937323968256] INFO perfrun.perfcollector <> - config: cmask: 0
274 [139937323968256] INFO perfrun.perfcollector <> - config: edge: 0
274 [139937323968256] INFO perfrun.perfcollector <> - config: event: c0
274 [139937323968256] INFO perfrun.perfcollector <> - config: in_tx: 0
274 [139937323968256] INFO perfrun.perfcollector <> - config: in_tx_cp: 0
274 [139937323968256] INFO perfrun.perfcollector <> - config: inv: 0
274 [139937323968256] INFO perfrun.perfcollector <> - config1: ldlat: 0
274 [139937323968256] INFO perfrun.perfcollector <> - config1: offcore_rsp: 0
274 [139937323968256] INFO perfrun.perfcollector <> - config: pc: 0
274 [139937323968256] INFO perfrun.perfcollector <> - config: umask: 0
274 [139937323968256] INFO perfrun.perfcollector <> - format: cpu/event=0xc0,name='INST_RETIRED.ANY'/D
274 [139937323968256] INFO perfrun.perfcollector <> - event: 3: CPU_CLK_UNHALTED.REF_XCLK
274 [139937323968256] INFO perfrun.perfcollector <> - cccr: addr: 186, value: 53013c
274 [139937323968256] INFO perfrun.perfcollector <> - data: addr: c1, value: fffffffffffe795d
274 [139937323968256] INFO perfrun.perfcollector <> - pmu config: cpu
274 [139937323968256] INFO perfrun.perfcollector <> - config: any: 0
274 [139937323968256] INFO perfrun.perfcollector <> - config: cmask: 0
274 [139937323968256] INFO perfrun.perfcollector <> - config: edge: 0
274 [139937323968256] INFO perfrun.perfcollector <> - config: event: 3c
274 [139937323968256] INFO perfrun.perfcollector <> - config: in_tx: 0
274 [139937323968256] INFO perfrun.perfcollector <> - config: in_tx_cp: 0
274 [139937323968256] INFO perfrun.perfcollector <> - config: inv: 0
274 [139937323968256] INFO perfrun.perfcollector <> - config1: ldlat: 0
274 [139937323968256] INFO perfrun.perfcollector <> - config1: offcore_rsp: 0
274 [139937323968256] INFO perfrun.perfcollector <> - config: pc: 0
274 [139937323968256] INFO perfrun.perfcollector <> - config: umask: 1
274 [139937323968256] INFO perfrun.perfcollector <> - format: cpu/event=0x3c,umask=0x1,name='CPU_CLK_UNHALTED.REF_XCLK'/
274 [139937323968256] INFO perfrun.perfcollector <> - event: 4: CPU_CLK_UNHALTED.ONE_THREAD_ACTIVE
274 [139937323968256] INFO perfrun.perfcollector <> - cccr: addr: 187, value: 53023c
274 [139937323968256] INFO perfrun.perfcollector <> - data: addr: c2, value: fffffffffffe795d
274 [139937323968256] INFO perfrun.perfcollector <> - pmu config: cpu
274 [139937323968256] INFO perfrun.perfcollector <> - config: any: 0
274 [139937323968256] INFO perfrun.perfcollector <> - config: cmask: 0
274 [139937323968256] INFO perfrun.perfcollector <> - config: edge: 0
274 [139937323968256] INFO perfrun.perfcollector <> - config: event: 3c
274 [139937323968256] INFO perfrun.perfcollector <> - config: in_tx: 0
274 [139937323968256] INFO perfrun.perfcollector <> - config: in_tx_cp: 0
274 [139937323968256] INFO perfrun.perfcollector <> - config: inv: 0
274 [139937323968256] INFO perfrun.perfcollector <> - config1: ldlat: 0
274 [139937323968256] INFO perfrun.perfcollector <> - config1: offcore_rsp: 0
274 [139937323968256] INFO perfrun.perfcollector <> - config: pc: 0
274 [139937323968256] INFO perfrun.perfcollector <> - config: umask: 2
274 [139937323968256] INFO perfrun.perfcollector <> - format: cpu/event=0x3c,umask=0x2,name='CPU_CLK_UNHALTED.ONE_THREAD_ACTIVE'/
274 [139937323968256] INFO perfrun.perfcollector <> - event: 5: FP_ARITH_INST_RETIRED.SCALAR_SINGLE
274 [139937323968256] INFO perfrun.perfcollector <> - cccr: addr: 188, value: 5302c7
274 [139937323968256] INFO perfrun.perfcollector <> - data: addr: c3, value: ffffffffffe17b7d
274 [139937323968256] INFO perfrun.perfcollector <> - pmu config: cpu
274 [139937323968256] INFO perfrun.perfcollector <> - config: any: 0
274 [139937323968256] INFO perfrun.perfcollector <> - config: cmask: 0
274 [139937323968256] INFO perfrun.perfcollector <> - config: edge: 0
274 [139937323968256] INFO perfrun.perfcollector <> - config: event: c7
274 [139937323968256] INFO perfrun.perfcollector <> - config: in_tx: 0
274 [139937323968256] INFO perfrun.perfcollector <> - config: in_tx_cp: 0
274 [139937323968256] INFO perfrun.perfcollector <> - config: inv: 0
274 [139937323968256] INFO perfrun.perfcollector <> - config1: ldlat: 0
274 [139937323968256] INFO perfrun.perfcollector <> - config1: offcore_rsp: 0
274 [139937323968256] INFO perfrun.perfcollector <> - config: pc: 0
274 [139937323968256] INFO perfrun.perfcollector <> - config: umask: 2
274 [139937323968256] INFO perfrun.perfcollector <> - format: cpu/event=0xc7,umask=0x2,name='FP_ARITH_INST_RETIRED.SCALAR_SINGLE'/
274 [139937323968256] INFO perfrun.perfcollector <> - event: 6: FP_ARITH_INST_RETIRED.128B_PACKED_SINGLE
274 [139937323968256] INFO perfrun.perfcollector <> - cccr: addr: 189, value: 5308c7
274 [139937323968256] INFO perfrun.perfcollector <> - data: addr: c4, value: ffffffffffe17b7d
274 [139937323968256] INFO perfrun.perfcollector <> - pmu config: cpu
274 [139937323968256] INFO perfrun.perfcollector <> - config: any: 0
274 [139937323968256] INFO perfrun.perfcollector <> - config: cmask: 0
274 [139937323968256] INFO perfrun.perfcollector <> - config: edge: 0
274 [139937323968256] INFO perfrun.perfcollector <> - config: event: c7
274 [139937323968256] INFO perfrun.perfcollector <> - config: in_tx: 0
274 [139937323968256] INFO perfrun.perfcollector <> - config: in_tx_cp: 0
274 [139937323968256] INFO perfrun.perfcollector <> - config: inv: 0
274 [139937323968256] INFO perfrun.perfcollector <> - config1: ldlat: 0
274 [139937323968256] INFO perfrun.perfcollector <> - config1: offcore_rsp: 0
274 [139937323968256] INFO perfrun.perfcollector <> - config: pc: 0
274 [139937323968256] INFO perfrun.perfcollector <> - config: umask: 8
274 [139937323968256] INFO perfrun.perfcollector <> - format: cpu/event=0xc7,umask=0x8,name='FP_ARITH_INST_RETIRED.128B_PACKED_SINGLE'/
274 [139937323968256] INFO perfrun.perfcollector <> - event: 7: FP_ARITH_INST_RETIRED.256B_PACKED_SINGLE
274 [139937323968256] INFO perfrun.perfcollector <> - cccr: addr: 186, value: 5320c7
274 [139937323968256] INFO perfrun.perfcollector <> - data: addr: c1, value: ffffffffffe17b7d
274 [139937323968256] INFO perfrun.perfcollector <> - pmu config: cpu
274 [139937323968256] INFO perfrun.perfcollector <> - config: any: 0
274 [139937323968256] INFO perfrun.perfcollector <> - config: cmask: 0
274 [139937323968256] INFO perfrun.perfcollector <> - config: edge: 0
274 [139937323968256] INFO perfrun.perfcollector <> - config: event: c7
274 [139937323968256] INFO perfrun.perfcollector <> - config: in_tx: 0
274 [139937323968256] INFO perfrun.perfcollector <> - config: in_tx_cp: 0
274 [139937323968256] INFO perfrun.perfcollector <> - config: inv: 0
274 [139937323968256] INFO perfrun.perfcollector <> - config1: ldlat: 0
274 [139937323968256] INFO perfrun.perfcollector <> - config1: offcore_rsp: 0
274 [139937323968256] INFO perfrun.perfcollector <> - config: pc: 0
274 [139937323968256] INFO perfrun.perfcollector <> - config: umask: 20
274 [139937323968256] INFO perfrun.perfcollector <> - format: cpu/event=0xc7,umask=0x20,name='FP_ARITH_INST_RETIRED.256B_PACKED_SINGLE'/
274 [139937323968256] INFO perfrun.perfcollector <> - event: 8: FP_ARITH_INST_RETIRED.SCALAR_DOUBLE
274 [139937323968256] INFO perfrun.perfcollector <> - cccr: addr: 187, value: 5301c7
274 [139937323968256] INFO perfrun.perfcollector <> - data: addr: c2, value: ffffffffffe17b7d
274 [139937323968256] INFO perfrun.perfcollector <> - pmu config: cpu
274 [139937323968256] INFO perfrun.perfcollector <> - config: any: 0
274 [139937323968256] INFO perfrun.perfcollector <> - config: cmask: 0
274 [139937323968256] INFO perfrun.perfcollector <> - config: edge: 0
274 [139937323968256] INFO perfrun.perfcollector <> - config: event: c7
274 [139937323968256] INFO perfrun.perfcollector <> - config: in_tx: 0
274 [139937323968256] INFO perfrun.perfcollector <> - config: in_tx_cp: 0
274 [139937323968256] INFO perfrun.perfcollector <> - config: inv: 0
274 [139937323968256] INFO perfrun.perfcollector <> - config1: ldlat: 0
274 [139937323968256] INFO perfrun.perfcollector <> - config1: offcore_rsp: 0
274 [139937323968256] INFO perfrun.perfcollector <> - config: pc: 0
274 [139937323968256] INFO perfrun.perfcollector <> - config: umask: 1
274 [139937323968256] INFO perfrun.perfcollector <> - format: cpu/event=0xc7,umask=0x1,name='FP_ARITH_INST_RETIRED.SCALAR_DOUBLE'/
274 [139937323968256] INFO perfrun.perfcollector <> - event: 9: FP_ARITH_INST_RETIRED.128B_PACKED_DOUBLE
274 [139937323968256] INFO perfrun.perfcollector <> - cccr: addr: 188, value: 5304c7
274 [139937323968256] INFO perfrun.perfcollector <> - data: addr: c3, value: ffffffffffe17b7d
274 [139937323968256] INFO perfrun.perfcollector <> - pmu config: cpu
274 [139937323968256] INFO perfrun.perfcollector <> - config: any: 0
274 [139937323968256] INFO perfrun.perfcollector <> - config: cmask: 0
274 [139937323968256] INFO perfrun.perfcollector <> - config: edge: 0
274 [139937323968256] INFO perfrun.perfcollector <> - config: event: c7
274 [139937323968256] INFO perfrun.perfcollector <> - config: in_tx: 0
274 [139937323968256] INFO perfrun.perfcollector <> - config: in_tx_cp: 0
274 [139937323968256] INFO perfrun.perfcollector <> - config: inv: 0
274 [139937323968256] INFO perfrun.perfcollector <> - config1: ldlat: 0
274 [139937323968256] INFO perfrun.perfcollector <> - config1: offcore_rsp: 0
274 [139937323968256] INFO perfrun.perfcollector <> - config: pc: 0
274 [139937323968256] INFO perfrun.perfcollector <> - config: umask: 4
274 [139937323968256] INFO perfrun.perfcollector <> - format: cpu/event=0xc7,umask=0x4,name='FP_ARITH_INST_RETIRED.128B_PACKED_DOUBLE'/
274 [139937323968256] INFO perfrun.perfcollector <> - event: 10: FP_ARITH_INST_RETIRED.256B_PACKED_DOUBLE
274 [139937323968256] INFO perfrun.perfcollector <> - cccr: addr: 189, value: 5310c7
274 [139937323968256] INFO perfrun.perfcollector <> - data: addr: c4, value: ffffffffffe17b7d
274 [139937323968256] INFO perfrun.perfcollector <> - pmu config: cpu
274 [139937323968256] INFO perfrun.perfcollector <> - config: any: 0
274 [139937323968256] INFO perfrun.perfcollector <> - config: cmask: 0
274 [139937323968256] INFO perfrun.perfcollector <> - config: edge: 0
274 [139937323968256] INFO perfrun.perfcollector <> - config: event: c7
274 [139937323968256] INFO perfrun.perfcollector <> - config: in_tx: 0
274 [139937323968256] INFO perfrun.perfcollector <> - config: in_tx_cp: 0
274 [139937323968256] INFO perfrun.perfcollector <> - config: inv: 0
274 [139937323968256] INFO perfrun.perfcollector <> - config1: ldlat: 0
274 [139937323968256] INFO perfrun.perfcollector <> - config1: offcore_rsp: 0
274 [139937323968256] INFO perfrun.perfcollector <> - config: pc: 0
275 [139937323968256] INFO perfrun.perfcollector <> - config: umask: 10
275 [139937323968256] INFO perfrun.perfcollector <> - format: cpu/event=0xc7,umask=0x10,name='FP_ARITH_INST_RETIRED.256B_PACKED_DOUBLE'/
275 [139937323968256] INFO perfrun.perfcollector <> - event: 11: INST_RETIRED.X87
275 [139937323968256] INFO perfrun.perfcollector <> - cccr: addr: 186, value: 5302c0
275 [139937323968256] INFO perfrun.perfcollector <> - data: addr: c1, value: ffffffffffe17b7d
275 [139937323968256] INFO perfrun.perfcollector <> - pmu config: cpu
275 [139937323968256] INFO perfrun.perfcollector <> - config: any: 0
275 [139937323968256] INFO perfrun.perfcollector <> - config: cmask: 0
275 [139937323968256] INFO perfrun.perfcollector <> - config: edge: 0
275 [139937323968256] INFO perfrun.perfcollector <> - config: event: c0
275 [139937323968256] INFO perfrun.perfcollector <> - config: in_tx: 0
275 [139937323968256] INFO perfrun.perfcollector <> - config: in_tx_cp: 0
275 [139937323968256] INFO perfrun.perfcollector <> - config: inv: 0
275 [139937323968256] INFO perfrun.perfcollector <> - config1: ldlat: 0
275 [139937323968256] INFO perfrun.perfcollector <> - config1: offcore_rsp: 0
275 [139937323968256] INFO perfrun.perfcollector <> - config: pc: 0
275 [139937323968256] INFO perfrun.perfcollector <> - config: umask: 2
275 [139937323968256] INFO perfrun.perfcollector <> - format: cpu/event=0xc0,umask=0x2,name='INST_RETIRED.X87'/
275 [139937323968256] INFO perfrun.perfcollector <> - event: 12: UOPS_RETIRED.RETIRE_SLOTS
275 [139937323968256] INFO perfrun.perfcollector <> - cccr: addr: 187, value: 5302c2
275 [139937323968256] INFO perfrun.perfcollector <> - data: addr: c2, value: ffffffffffe17b7d
275 [139937323968256] INFO perfrun.perfcollector <> - pmu config: cpu
275 [139937323968256] INFO perfrun.perfcollector <> - config: any: 0
275 [139937323968256] INFO perfrun.perfcollector <> - config: cmask: 0
275 [139937323968256] INFO perfrun.perfcollector <> - config: edge: 0
275 [139937323968256] INFO perfrun.perfcollector <> - config: event: c2
275 [139937323968256] INFO perfrun.perfcollector <> - config: in_tx: 0
275 [139937323968256] INFO perfrun.perfcollector <> - config: in_tx_cp: 0
275 [139937323968256] INFO perfrun.perfcollector <> - config: inv: 0
275 [139937323968256] INFO perfrun.perfcollector <> - config1: ldlat: 0
275 [139937323968256] INFO perfrun.perfcollector <> - config1: offcore_rsp: 0
275 [139937323968256] INFO perfrun.perfcollector <> - config: pc: 0
275 [139937323968256] INFO perfrun.perfcollector <> - config: umask: 2
275 [139937323968256] INFO perfrun.perfcollector <> - format: cpu/event=0xc2,umask=0x2,name='UOPS_RETIRED.RETIRE_SLOTS'/
275 [139937323968256] INFO perfrun.perfcollector <> - event: 13: UOPS_EXECUTED.THREAD
275 [139937323968256] INFO perfrun.perfcollector <> - cccr: addr: 188, value: 5301b1
275 [139937323968256] INFO perfrun.perfcollector <> - data: addr: c3, value: ffffffffffe17b7d
275 [139937323968256] INFO perfrun.perfcollector <> - pmu config: cpu
275 [139937323968256] INFO perfrun.perfcollector <> - config: any: 0
275 [139937323968256] INFO perfrun.perfcollector <> - config: cmask: 0
275 [139937323968256] INFO perfrun.perfcollector <> - config: edge: 0
275 [139937323968256] INFO perfrun.perfcollector <> - config: event: b1
275 [139937323968256] INFO perfrun.perfcollector <> - config: in_tx: 0
275 [139937323968256] INFO perfrun.perfcollector <> - config: in_tx_cp: 0
275 [139937323968256] INFO perfrun.perfcollector <> - config: inv: 0
275 [139937323968256] INFO perfrun.perfcollector <> - config1: ldlat: 0
275 [139937323968256] INFO perfrun.perfcollector <> - config1: offcore_rsp: 0
275 [139937323968256] INFO perfrun.perfcollector <> - config: pc: 0
275 [139937323968256] INFO perfrun.perfcollector <> - config: umask: 1
275 [139937323968256] INFO perfrun.perfcollector <> - format: cpu/event=0xb1,umask=0x1,name='UOPS_EXECUTED.THREAD'/
275 [139937323968256] INFO perfrun.perfcollector <> - event: cpu/event=0x3c,name='CPU_CLK_UNHALTED.THREAD'/Du, added for counting
275 [139937323968256] INFO perfrun.perfcollector <> - event: cpu/umask=0x3,name='CPU_CLK_UNHALTED.REF_TSC'/Du, added for counting
275 [139937323968256] INFO perfrun.perfcollector <> - event: cpu/event=0xc0,name='INST_RETIRED.ANY'/Du, added for counting
275 [139937323968256] INFO perfrun.perfcollector <> - event: cpu/event=0x3c,umask=0x1,name='CPU_CLK_UNHALTED.REF_XCLK'/u, added for counting
275 [139937323968256] INFO perfrun.perfcollector <> - event: cpu/event=0x3c,umask=0x2,name='CPU_CLK_UNHALTED.ONE_THREAD_ACTIVE'/u, added for counting
275 [139937323968256] INFO perfrun.perfcollector <> - event: cpu/event=0xc7,umask=0x2,name='FP_ARITH_INST_RETIRED.SCALAR_SINGLE'/u, added for counting
275 [139937323968256] INFO perfrun.perfcollector <> - event: cpu/event=0xc7,umask=0x8,name='FP_ARITH_INST_RETIRED.128B_PACKED_SINGLE'/u, added for counting
275 [139937323968256] INFO perfrun.perfcollector <> - event: cpu/event=0xc7,umask=0x20,name='FP_ARITH_INST_RETIRED.256B_PACKED_SINGLE'/u, added for counting
275 [139937323968256] INFO perfrun.perfcollector <> - event: cpu/event=0xc7,umask=0x1,name='FP_ARITH_INST_RETIRED.SCALAR_DOUBLE'/u, added for counting
275 [139937323968256] INFO perfrun.perfcollector <> - event: cpu/event=0xc7,umask=0x4,name='FP_ARITH_INST_RETIRED.128B_PACKED_DOUBLE'/u, added for counting
275 [139937323968256] INFO perfrun.perfcollector <> - event: cpu/event=0xc7,umask=0x10,name='FP_ARITH_INST_RETIRED.256B_PACKED_DOUBLE'/u, added for counting
275 [139937323968256] INFO perfrun.perfcollector <> - event: cpu/event=0xc0,umask=0x2,name='INST_RETIRED.X87'/u, added for counting
275 [139937323968256] INFO perfrun.perfcollector <> - event: cpu/event=0xc2,umask=0x2,name='UOPS_RETIRED.RETIRE_SLOTS'/u, added for counting
275 [139937323968256] INFO perfrun.perfcollector <> - event: cpu/event=0xb1,umask=0x1,name='UOPS_EXECUTED.THREAD'/u, added for counting
275 [139937323968256] INFO perfrun.perfcollector <> - attaching to pid: 4294967295, m_mode: 10, mode: 3
275 [139937175758592] INFO perfrun.perfcollector <> - Perf stat trace pipe capacity: read = 1048576, write = 1048576
278 [139937175758592] INFO perfrun.sdk <> - runCmd: /opt/intel/oneapi/vtune/2024.2/bin64/amplxe-perf stat -v --log-fd 12 --scale -x ; -e cpu/event=0x3c,name='CPU_CLK_UNHALTED.THREAD'/Du,cpu/umask=0x3,name='CPU_CLK_UNHALTED.REF_TSC'/Du,cpu/event=0xc0,name='INST_RETIRED.ANY'/Du,cpu/event=0x3c,umask=0x1,name='CPU_CLK_UNHALTED.REF_XCLK'/u,cpu/event=0x3c,umask=0x2,name='CPU_CLK_UNHALTED.ONE_THREAD_ACTIVE'/u,cpu/event=0xc7,umask=0x2,name='FP_ARITH_INST_RETIRED.SCALAR_SINGLE'/u,cpu/event=0xc7,umask=0x8,name='FP_ARITH_INST_RETIRED.128B_PACKED_SINGLE'/u,cpu/event=0xc7,umask=0x20,name='FP_ARITH_INST_RETIRED.256B_PACKED_SINGLE'/u,cpu/event=0xc7,umask=0x1,name='FP_ARITH_INST_RETIRED.SCALAR_DOUBLE'/u,cpu/event=0xc7,umask=0x4,name='FP_ARITH_INST_RETIRED.128B_PACKED_DOUBLE'/u,cpu/event=0xc7,umask=0x10,name='FP_ARITH_INST_RETIRED.256B_PACKED_DOUBLE'/u,cpu/event=0xc0,umask=0x2,name='INST_RETIRED.X87'/u,cpu/event=0xc2,umask=0x2,name='UOPS_RETIRED.RETIRE_SLOTS'/u,cpu/event=0xb1,umask=0x1,name='UOPS_EXECUTED.THREAD'/u /opt/intel/oneapi/vtune/2024.2/bin64/amplxe-perf-sync dryrun sys
279 [139937175758592] INFO perfrun.sdk <> - runCmd started PID 3367965
400 [139937175758592] INFO perfrun.perfcollector <> - Monitor: runCmd RC = true
400 [139937323968256] INFO perfrun.launcher <> - plugin [aoclprofile] was disabled because it doesn't support the given collection type.
400 [139937323968256] INFO perfrun.tpss <> - initialize tpss controller
400 [139937323968256] INFO perfrun.tpss <> - configure collection mode: value = cpu:counters:nostack
401 [139937323968256] INFO perfrun.tpss <> - configure collection mode: value = cpu:stack
401 [139937323968256] INFO perfrun.tpss <> - default obj-size-min=1024
401 [139937323968256] INFO perfrun.tpss <> - default hash-table-size=0
401 [139937323968256] INFO perfrun.launcher <> - plugin [media] was disabled because it doesn't support the given collection type.
401 [139937323968256] INFO perfrun.launcher <> - plugin [] was disabled because it doesn't support the given collection type.
401 [139937323968256] INFO perfrun.launcher <> - plugin [] was disabled because it doesn't support the given collection type.
401 [139937323968256] INFO perfrun.launcher <> - plugin [parallelfs] was disabled because it doesn't support the given collection type.
401 [139937323968256] INFO perfrun.launcher <> - plugin [power] was disabled because it doesn't support the given collection type.
401 [139937323968256] INFO perfrun.launcher <> - plugin [] was disabled because it doesn't support the given collection type.
401 [139937323968256] INFO perfrun.launcher <> - plugin [ipmwatch] was disabled because it doesn't support the given collection type.
401 [139937323968256] INFO perfrun.launcher <> - plugin [os_counters] was disabled because it doesn't support the given collection type.
401 [139937323968256] INFO perfrun.launcher <> - plugin [l0_metrics] was disabled because it doesn't support the given collection type.
401 [139937451182976] INFO perfrun.launcher <> - set environment variable: LD_LIBRARY_PATH = /opt/intel/oneapi/vtune/2024.2/lib32/runtime:/opt/intel/oneapi/vtune/2024.2/lib64/runtime:/usr/lib64/openmpi/lib:/usr/local/cuda-11.4/lib64
401 [139937451182976] INFO perfrun.launcher <> - set environment variable: INTEL_LIBITTNOTIFY32 = /opt/intel/oneapi/vtune/2024.2/lib32/runtime/libittnotify_collector.so
401 [139937451182976] INFO perfrun.launcher <> - set environment variable: INTEL_LIBITTNOTIFY64 = /opt/intel/oneapi/vtune/2024.2/lib64/runtime/libittnotify_collector.so
401 [139937451182976] INFO perfrun.launcher <> - set environment variable: INTEL_ITTNOTIFY_GROUPS = 
401 [139937451182976] INFO perfrun.launcher <> - set environment variable: INTEL_JIT_PROFILER32 = /opt/intel/oneapi/vtune/2024.2/lib32/runtime/libittnotify_collector.so
401 [139937451182976] INFO perfrun.launcher <> - set environment variable: INTEL_JIT_PROFILER64 = /opt/intel/oneapi/vtune/2024.2/lib64/runtime/libittnotify_collector.so
401 [139937451182976] INFO perfrun.launcher <> - set environment variable: CCL_ITT_LEVEL = 1
401 [139937451182976] INFO perfrun.launcher <> - set environment variable: ENABLE_JITPROFILING = 1
402 [139937451182976] INFO perfrun.launcher <> - set environment variable: CL_CONFIG_USE_VTUNE = True
402 [139937451182976] INFO perfrun.launcher <> - set environment variable: KMP_FORKJOIN_FRAMES = 0
402 [139937451182976] INFO perfrun.launcher <> - set environment variable: KMP_FORKJOIN_FRAMES_MODE = 0
402 [139937451182976] INFO perfrun.launcher <> - set environment variable: INTEL_MRTE_DATA_DIR = /tmp/amplxe-tmp-dragos.boncan/amplxe-res-3367958-47539215412901384/data.0
402 [139937451182976] INFO perfrun.launcher <> - set environment variable: INTEL_MRTE_HOST_NAME = xl270-wn161.grid.pub.ro
402 [139937451182976] INFO perfrun.launcher <> - set environment variable: JAVA_TOOL_OPTIONS = -agentlib:amplxe_samplingmrte_javaprof_1.0 -Dsun.boot.library.path=/opt/intel/oneapi/vtune/2024.2/lib32/runtime:/opt/intel/oneapi/vtune/2024.2/lib64/runtime
402 [139937451182976] INFO perfrun.launcher <> - set environment variable: LD_LIBRARY_PATH = /opt/intel/oneapi/vtune/2024.2/lib32/runtime:/opt/intel/oneapi/vtune/2024.2/lib64/runtime:/usr/lib64/openmpi/lib:/usr/local/cuda-11.4/lib64
402 [139937451182976] INFO perfrun.launcher <> - set environment variable: CORECLR_ENABLE_PROFILING = 1
402 [139937451182976] INFO perfrun.launcher <> - set environment variable: CORECLR_PROFILER = {AA5E4821-E3B1-479c-B7FF-5AD047D22CED}
402 [139937451182976] INFO perfrun.launcher <> - set environment variable: CORECLR_PROFILER_PATH = /opt/intel/oneapi/vtune/2024.2/lib64/libamplxe_samplingmrte_clrprof_1.0.so
402 [139937451182976] INFO perfrun.launcher <> - set environment variable: INTEL_MRTE_PROFILER_MODE = mixed
402 [139937451182976] INFO perfrun.launcher <> - RpcServer: run RPC server to handle requests
403 [139937451182976] INFO perfrun.launcher <> - Launcher: command line to start before modification = make run_pthreads THREADS=4 INPUT=images/input/1_earth_8k.jpg OUTPUT=images/output/output_canny.png LOW=15 HIGH=45 KERNEL_SIZE=9 SIGMA=1.5
404 [139937451182976] INFO perfrun.launcher <> - Launcher: command line to start after modification = /opt/intel/oneapi/vtune/2024.2/bin64/pin -error_file /tmp/amplxe-tmp-dragos.boncan/amplxe-res-3367958-47539215412901384/data.0/pinerr.tpsslog -detach_reattach -follow_execv -tool_load_option deepbind -t64 /opt/intel/oneapi/vtune/2024.2/lib64/libtpsstool.so -t /opt/intel/oneapi/vtune/2024.2/lib32/libtpsstool.so -server_name tpss_ipc.3367958 -prd_dir /opt/intel/oneapi/vtune/2024.2 -- make run_pthreads THREADS=4 INPUT=images/input/1_earth_8k.jpg OUTPUT=images/output/output_canny.png LOW=15 HIGH=45 KERNEL_SIZE=9 SIGMA=1.5
404 [139937451182976] INFO perfrun.launcher <> - ProcessCreator object was created
404 [139937451182976] INFO perfrun.launcher <> - Launcher: the process was started in suspend mode
428 [139937323968256] WARN perfrun.system <> - Could not do anything with /sys/kernel/debug/kvm: boost::filesystem::status: Permission denied [system:13]: "/sys/kernel/debug/kvm", at file: vcs/perfrun1/plugins/system/src/trace_writer.cpp:787
428 [139937323968256] WARN perfrun.system <> - Folder "/var/run/libvirt/qemu/"doesn't exist, at file: vcs/perfrun1/plugins/system/src/trace_writer.cpp:800
440 [139937323968256] WARN perfrun.sdk <> - Failed to find xl binary on any of the system paths: /bin, /sbin, /usr/bin, /usr/sbin., at file: vcs/perfrun1/sdk/src/utils.cpp:204
440 [139937323968256] WARN perfrun.system <> - Could not start ContainerMapping collector, at file: vcs/perfrun1/plugins/system/src/controller.cpp:448
446 [139937323968256] INFO perfrun.vdso <> - Helper runtool '/opt/intel/oneapi/vtune/2024.2/bin32/amplxe-runss -dump-vdso -r /tmp/amplxe-tmp-dragos.boncan/amplxe-res-3367958-47539215412901384 --tmp-dir /tmp/amplxe-tmp-dragos.boncan' returned 1
649 [139937323968256] INFO perfrun.vdso <> - Helper runtool '/opt/intel/oneapi/vtune/2024.2/bin64/amplxe-runss -dump-vdso -r /tmp/amplxe-tmp-dragos.boncan/amplxe-res-3367958-47539215412901384 --tmp-dir /tmp/amplxe-tmp-dragos.boncan' returned 0
649 [139937323968256] INFO perfrun.itt <> - start itt controller for pid #3367968
649 [139937323968256] INFO perfrun.perfcollector <> - attaching to pid: 3367968, m_mode: 10, mode: 11
650 [139937080932096] INFO perfrun.perfcollector <> - Perf stat trace pipe capacity: read = 1048576, write = 1048576
653 [139937080932096] INFO perfrun.sdk <> - runCmd: /opt/intel/oneapi/vtune/2024.2/bin64/amplxe-perf stat -v --log-fd 23 --control=fd:24,27 --scale -x ; -p 3367968 -e cpu/event=0x3c,name='CPU_CLK_UNHALTED.THREAD'/Du,cpu/umask=0x3,name='CPU_CLK_UNHALTED.REF_TSC'/Du,cpu/event=0xc0,name='INST_RETIRED.ANY'/Du,cpu/event=0x3c,umask=0x1,name='CPU_CLK_UNHALTED.REF_XCLK'/u,cpu/event=0x3c,umask=0x2,name='CPU_CLK_UNHALTED.ONE_THREAD_ACTIVE'/u,cpu/event=0xc7,umask=0x2,name='FP_ARITH_INST_RETIRED.SCALAR_SINGLE'/u,cpu/event=0xc7,umask=0x8,name='FP_ARITH_INST_RETIRED.128B_PACKED_SINGLE'/u,cpu/event=0xc7,umask=0x20,name='FP_ARITH_INST_RETIRED.256B_PACKED_SINGLE'/u,cpu/event=0xc7,umask=0x1,name='FP_ARITH_INST_RETIRED.SCALAR_DOUBLE'/u,cpu/event=0xc7,umask=0x4,name='FP_ARITH_INST_RETIRED.128B_PACKED_DOUBLE'/u,cpu/event=0xc7,umask=0x10,name='FP_ARITH_INST_RETIRED.256B_PACKED_DOUBLE'/u,cpu/event=0xc0,umask=0x2,name='INST_RETIRED.X87'/u,cpu/event=0xc2,umask=0x2,name='UOPS_RETIRED.RETIRE_SLOTS'/u,cpu/event=0xb1,umask=0x1,name='UOPS_EXECUTED.THREAD'/u /opt/intel/oneapi/vtune/2024.2/bin64/amplxe-perf-sync sync sys
654 [139937080932096] INFO perfrun.sdk <> - runCmd started PID 3367976
763 [139937323968256] INFO perfrun.tpss <> - start tpss controller for pid #3367968
814 [139937451182976] INFO perfrun.launcher <> - Launcher: all plugins were started
814 [139937451182976] INFO perfrun.launcher <> - DirectoryMonitor object was created
814 [139937451182976] INFO perfrun.launcher <> - DirectoryMonitor: a callback was added
814 [139937451182976] INFO perfrun.launcher <> - DirectoryMonitor was started with pingTime = 1000
814 [139937451182976] INFO perfrun.launcher <> - DeadlineTimer is going to be constructed
814 [139937451182976] INFO perfrun.launcher <> - DeadlineTimer: a callback was added
824 [139937451182976] INFO perfrun.launcher <> - Launcher: resume the profiled application and  wait its termination or stop command
6177 [139937451182976] INFO perfrun.launcher <> - Launcher: the profiled application was terminated  with exit code = 0
6191 [139937323968256] INFO perfrun.itt <> - detach itt controller
6191 [139937323968256] INFO perfrun.itt <> - detach itt controller done
6193 [139937080932096] INFO perfrun.perfcollector <> - Monitor: runCmd RC = true
6193 [139937323968256] INFO perfrun.perfcollector <> - Monitor: state = 3, error = 1
6193 [139937323968256] INFO perfrun.tpss <> - stop tpss controller
6194 [139937323968256] INFO perfrun.sdk <> - De-allocating TMU: /tmp/amplxe-tmp-dragos.boncan/amplxe-res-3367958-47539215412901384/data.0/systemcollector-3367958-xl270-wn161.grid.pub.ro.sc
6194 [139937323968256] INFO perfrun.system <> - closed the system trace file: /tmp/amplxe-tmp-dragos.boncan/amplxe-res-3367958-47539215412901384/data.0/systemcollector-3367958-xl270-wn161.grid.pub.ro.sc
6194 [139937451182976] INFO perfrun.launcher <> - Launcher: all plugins were stopped.
6194 [139937451182976] INFO perfrun.launcher <> - DeadlineTimer is going to be destroyed
6194 [139937451182976] INFO perfrun.launcher <> - DeadlineTimer was destroyed
6195 [139937451182976] INFO perfrun.launcher <> - DirectoryMonitor object was destroyed
6195 [139937451182976] WARN perfrun.launcher <> - Stop command is ignored because it is received when collection is already stopped, at file: vcs/perfrun1/launcher/src/command_handler.cpp:226
6250 [139937451182976] INFO perfrun.launcher <> - Application exit code: 0
6250 [139937451182976] INFO perfrun.launcher <> - Exit code: 0
