3 [139787223169920] INFO perfrun.launcher <> - Launcher main begin
5 [139787223169920] INFO perfrun.launcher <> - MessageCatalogInit finished
5 [139787223169920] INFO perfrun.launcher <> - Launcher instance created
5 [139787223169920] INFO perfrun.launcher <> - argc = 7; cmdline = /opt/intel/oneapi/vtune/2024.2/bin64/amplxe-runss --ui-output-format xml --ui-output-fd 6 --option-file /export/home/acs/stud/d/dragos.boncan/cannycore/profiling/pthreads_hotspots/config/runss.options 
142 [139787223169920] INFO perfrun.perfcollector <> - SEP tool path: /opt/intel/oneapi/vtune/2024.2/bin64/sep
155 [139787223169920] INFO perfrun.launcher <> - create msngr2::ICliToolContext
156 [139787223169920] INFO perfrun.launcher <> - create file finder object
156 [139787223169920] INFO perfrun.launcher <> - create a result directory: pattern = /export/home/acs/stud/d/dragos.boncan/cannycore/profiling/pthreads_hotspots pid = 4294967295
160 [139787223169920] INFO perfrun.sdk <> - checked that the directory /export/home/acs/stud/d/dragos.boncan/cannycore/profiling/pthreads_hotspots is a local directory
161 [139787223169920] INFO perfrun.sdk <> - the directory /export/home/acs/stud/d/dragos.boncan/cannycore/profiling/pthreads_hotspots is located on a share or its FS ID is unknown 12805120
161 [139787223169920] INFO perfrun.sdk <> - checked that the directory /tmp/amplxe-tmp-dragos.boncan is a local directory
161 [139787223169920] INFO perfrun.sdk <> - the directory /tmp/amplxe-tmp-dragos.boncan is a local directory with FS type ID 61267
162 [139787223169920] INFO perfrun.launcher <> - Create a local result directory /tmp/amplxe-tmp-dragos.boncan/amplxe-res-3350368-47531327786401784 due to the user result path /export/home/acs/stud/d/dragos.boncan/cannycore/profiling/pthreads_hotspots is located on a share
162 [139787223169920] INFO perfrun.launcher <> - create data directory = /tmp/amplxe-tmp-dragos.boncan/amplxe-res-3350368-47531327786401784/data.0
163 [139787223169920] INFO perfrun.launcher <> - create data directory = /export/home/acs/stud/d/dragos.boncan/cannycore/profiling/pthreads_hotspots/data.0
164 [139787223169920] INFO perfrun.launcher <> - Creating the master collection flag
169 [139787223169920] INFO perfrun.launcher <> - Done creating the master collection flag
191 [139787095955200] INFO perfrun.launcher <> - plugin [remoteplug] was disabled because it doesn't support the given collection type.
192 [139787095955200] INFO perfrun.sdk <> - Allocating TMU :/tmp/amplxe-tmp-dragos.boncan/amplxe-res-3350368-47531327786401784/data.0/systemcollector-3350368-xl270-wn161.grid.pub.ro.sc
192 [139787095955200] INFO perfrun.system <> - Tpss based collection
193 [139787095955200] INFO perfrun.launcher <> - plugin [ptracecollector] was disabled because it doesn't support the given collection type.
193 [139787095955200] INFO perfrun.launcher <> - plugin [gpu] was disabled because it doesn't support the given collection type.
193 [139787095955200] INFO perfrun.launcher <> - plugin [] was disabled because it doesn't support the given collection type.
193 [139787095955200] INFO perfrun.launcher <> - plugin [] was disabled because it doesn't support the given collection type.
193 [139787095955200] INFO perfrun.launcher <> - plugin [] was disabled because it doesn't support the given collection type.
193 [139787095955200] INFO perfrun.mrte <> - system-wide mode is 0
193 [139787095955200] INFO perfrun.mrte <> - Getting  mrte profiling environment ...
211 [139787095955200] INFO perfrun.mrte <> - INTEL_MRTE_DATA_DIR=/tmp/amplxe-tmp-dragos.boncan/amplxe-res-3350368-47531327786401784/data.0
211 [139787095955200] INFO perfrun.mrte <> - INTEL_MRTE_HOST_NAME=xl270-wn161.grid.pub.ro
211 [139787095955200] INFO perfrun.mrte <> - JAVA_TOOL_OPTIONS=-agentlib:amplxe_samplingmrte_javaprof_1.0 -Dsun.boot.library.path=/opt/intel/oneapi/vtune/2024.2/lib32/runtime:/opt/intel/oneapi/vtune/2024.2/lib64/runtime
211 [139787095955200] INFO perfrun.mrte <> - LD_LIBRARY_PATH=/opt/intel/oneapi/vtune/2024.2/lib32/runtime:/opt/intel/oneapi/vtune/2024.2/lib64/runtime:/usr/lib64/openmpi/lib:/usr/local/cuda-11.4/lib64
211 [139787095955200] INFO perfrun.mrte <> - CORECLR_ENABLE_PROFILING=1
211 [139787095955200] INFO perfrun.mrte <> - CORECLR_PROFILER={AA5E4821-E3B1-479c-B7FF-5AD047D22CED}
211 [139787095955200] INFO perfrun.mrte <> - CORECLR_PROFILER_PATH=/opt/intel/oneapi/vtune/2024.2/lib64/libamplxe_samplingmrte_clrprof_1.0.so
211 [139787095955200] INFO perfrun.mrte <> - INTEL_MRTE_PROFILER_MODE=mixed
211 [139787095955200] INFO perfrun.mrte <> - Data directory: /tmp/amplxe-tmp-dragos.boncan/amplxe-res-3350368-47531327786401784/data.0
211 [139787095955200] INFO perfrun.mrte <> - Mrte plugin is initialized
211 [139787095955200] INFO perfrun.launcher <> - plugin [emon] was disabled because it doesn't support the given collection type.
211 [139787095955200] INFO perfrun.launcher <> - plugin [cuscol] was disabled because it doesn't support the given collection type.
211 [139787095955200] INFO perfrun.launcher <> - plugin [stdsrc] was disabled because it doesn't support the given collection type.
211 [139787095955200] INFO perfrun.launcher <> - plugin [sep] was disabled because it doesn't support the given collection type.
211 [139787095955200] INFO perfrun.launcher <> - plugin [vtsspp] was disabled because it doesn't support the given collection type.
211 [139787095955200] INFO perfrun.perfcollector <> - Platform type: 108
211 [139787095955200] INFO perfrun.sdk <> - Reading value (2) from file: /proc/sys/kernel/perf_event_paranoid
211 [139787095955200] INFO perfrun.perfcollector <> - checking access to: /opt/intel/oneapi/vtune/2024.2/bin64/amplxe-perf-priv
211 [139787095955200] INFO perfrun.perfcollector <> - dir found: /sys/bus/event_source/devices/software
211 [139787095955200] INFO perfrun.perfcollector <> - format: pmu format subdir doesn't exist
211 [139787095955200] INFO perfrun.perfcollector <> - hwInfo: not set, pmuFam: software
211 [139787095955200] INFO perfrun.perfcollector <> - pmu added: software, idx: 0
211 [139787095955200] INFO perfrun.perfcollector <> - dir found: /sys/bus/event_source/devices/uncore_imc_5
211 [139787095955200] INFO perfrun.perfcollector <> - format: event: config:0-7, mask:0-7
212 [139787095955200] INFO perfrun.perfcollector <> - format: edge: config:18, mask:18
212 [139787095955200] INFO perfrun.perfcollector <> - format: inv: config:23, mask:23
212 [139787095955200] INFO perfrun.perfcollector <> - format: umask: config:8-15, mask:8-15
212 [139787095955200] INFO perfrun.perfcollector <> - format: thresh: config:24-31, mask:24-31
212 [139787095955200] INFO perfrun.perfcollector <> - hwInfo: PERF_IMC_PMU_DETAILS
212 [139787095955200] INFO perfrun.perfcollector <> - pmu caps: raw,format,events
212 [139787095955200] INFO perfrun.perfcollector <> - pmu added: uncore_imc, idx: 5
212 [139787095955200] INFO perfrun.perfcollector <> - dir found: /sys/bus/event_source/devices/uncore_sbox_2
212 [139787095955200] INFO perfrun.perfcollector <> - format: event: config:0-7, mask:0-7
212 [139787095955200] INFO perfrun.perfcollector <> - format: edge: config:18, mask:18
212 [139787095955200] INFO perfrun.perfcollector <> - format: inv: config:23, mask:23
212 [139787095955200] INFO perfrun.perfcollector <> - format: umask: config:8-15, mask:8-15
212 [139787095955200] INFO perfrun.perfcollector <> - format: tid_en: config:19, mask:19
212 [139787095955200] INFO perfrun.perfcollector <> - format: thresh: config:24-31, mask:24-31
212 [139787095955200] INFO perfrun.perfcollector <> - hwInfo: not set, pmuFam: uncore_sbox
212 [139787095955200] INFO perfrun.perfcollector <> - pmu caps: raw,format
212 [139787095955200] INFO perfrun.perfcollector <> - pmu added: uncore_sbox, idx: 2
212 [139787095955200] INFO perfrun.perfcollector <> - dir found: /sys/bus/event_source/devices/uncore_cbox_8
212 [139787095955200] INFO perfrun.perfcollector <> - format: event: config:0-7, mask:0-7
212 [139787095955200] INFO perfrun.perfcollector <> - format: filter_link: config1:6-8, mask:6-8
212 [139787095955200] INFO perfrun.perfcollector <> - format: filter_c6: config1:61, mask:61
212 [139787095955200] INFO perfrun.perfcollector <> - format: edge: config:18, mask:18
212 [139787095955200] INFO perfrun.perfcollector <> - format: filter_isoc: config1:63, mask:63
212 [139787095955200] INFO perfrun.perfcollector <> - format: filter_tid: config1:0-5, mask:0-5
213 [139787095955200] INFO perfrun.perfcollector <> - format: filter_nid: config1:32-47, mask:32-47
213 [139787095955200] INFO perfrun.perfcollector <> - format: filter_nc: config1:62, mask:62
213 [139787095955200] INFO perfrun.perfcollector <> - format: umask: config:8-15, mask:8-15
213 [139787095955200] INFO perfrun.perfcollector <> - format: tid_en: config:19, mask:19
213 [139787095955200] INFO perfrun.perfcollector <> - format: thresh: config:24-31, mask:24-31
213 [139787095955200] INFO perfrun.perfcollector <> - format: filter_state: config1:17-23, mask:17-23
213 [139787095955200] INFO perfrun.perfcollector <> - format: filter_opc: config1:52-60, mask:52-60
213 [139787095955200] INFO perfrun.perfcollector <> - hwInfo: PERF_CBOX_PMU_DETAILS
213 [139787095955200] INFO perfrun.perfcollector <> - pmu caps: raw,format
213 [139787095955200] INFO perfrun.perfcollector <> - pmu added: uncore_cbox, idx: 8
213 [139787095955200] INFO perfrun.perfcollector <> - dir found: /sys/bus/event_source/devices/uncore_cbox_13
213 [139787095955200] INFO perfrun.perfcollector <> - format: event: config:0-7, mask:0-7
213 [139787095955200] INFO perfrun.perfcollector <> - format: filter_link: config1:6-8, mask:6-8
213 [139787095955200] INFO perfrun.perfcollector <> - format: filter_c6: config1:61, mask:61
213 [139787095955200] INFO perfrun.perfcollector <> - format: edge: config:18, mask:18
213 [139787095955200] INFO perfrun.perfcollector <> - format: filter_isoc: config1:63, mask:63
213 [139787095955200] INFO perfrun.perfcollector <> - format: filter_tid: config1:0-5, mask:0-5
213 [139787095955200] INFO perfrun.perfcollector <> - format: filter_nid: config1:32-47, mask:32-47
213 [139787095955200] INFO perfrun.perfcollector <> - format: filter_nc: config1:62, mask:62
213 [139787095955200] INFO perfrun.perfcollector <> - format: umask: config:8-15, mask:8-15
213 [139787095955200] INFO perfrun.perfcollector <> - format: tid_en: config:19, mask:19
213 [139787095955200] INFO perfrun.perfcollector <> - format: thresh: config:24-31, mask:24-31
214 [139787095955200] INFO perfrun.perfcollector <> - format: filter_state: config1:17-23, mask:17-23
214 [139787095955200] INFO perfrun.perfcollector <> - format: filter_opc: config1:52-60, mask:52-60
214 [139787095955200] INFO perfrun.perfcollector <> - hwInfo: PERF_CBOX_PMU_DETAILS
214 [139787095955200] INFO perfrun.perfcollector <> - pmu caps: raw,format
214 [139787095955200] INFO perfrun.perfcollector <> - pmu added: uncore_cbox, idx: 13
214 [139787095955200] INFO perfrun.perfcollector <> - dir found: /sys/bus/event_source/devices/uncore_r2pcie
214 [139787095955200] INFO perfrun.perfcollector <> - format: event: config:0-7, mask:0-7
214 [139787095955200] INFO perfrun.perfcollector <> - format: edge: config:18, mask:18
214 [139787095955200] INFO perfrun.perfcollector <> - format: inv: config:23, mask:23
214 [139787095955200] INFO perfrun.perfcollector <> - format: umask: config:8-15, mask:8-15
214 [139787095955200] INFO perfrun.perfcollector <> - format: thresh: config:24-31, mask:24-31
214 [139787095955200] INFO perfrun.perfcollector <> - hwInfo: not set, pmuFam: uncore_r2pcie
214 [139787095955200] INFO perfrun.perfcollector <> - pmu caps: raw,format
214 [139787095955200] INFO perfrun.perfcollector <> - pmu added: uncore_r2pcie, idx: 0
214 [139787095955200] INFO perfrun.perfcollector <> - dir found: /sys/bus/event_source/devices/uncore_sbox_0
214 [139787095955200] INFO perfrun.perfcollector <> - format: event: config:0-7, mask:0-7
214 [139787095955200] INFO perfrun.perfcollector <> - format: edge: config:18, mask:18
214 [139787095955200] INFO perfrun.perfcollector <> - format: inv: config:23, mask:23
214 [139787095955200] INFO perfrun.perfcollector <> - format: umask: config:8-15, mask:8-15
214 [139787095955200] INFO perfrun.perfcollector <> - format: tid_en: config:19, mask:19
215 [139787095955200] INFO perfrun.perfcollector <> - format: thresh: config:24-31, mask:24-31
215 [139787095955200] INFO perfrun.perfcollector <> - hwInfo: not set, pmuFam: uncore_sbox
215 [139787095955200] INFO perfrun.perfcollector <> - pmu caps: raw,format
215 [139787095955200] INFO perfrun.perfcollector <> - pmu added: uncore_sbox, idx: 0
215 [139787095955200] INFO perfrun.perfcollector <> - dir found: /sys/bus/event_source/devices/uncore_cbox_6
215 [139787095955200] INFO perfrun.perfcollector <> - format: event: config:0-7, mask:0-7
215 [139787095955200] INFO perfrun.perfcollector <> - format: filter_link: config1:6-8, mask:6-8
215 [139787095955200] INFO perfrun.perfcollector <> - format: filter_c6: config1:61, mask:61
215 [139787095955200] INFO perfrun.perfcollector <> - format: edge: config:18, mask:18
215 [139787095955200] INFO perfrun.perfcollector <> - format: filter_isoc: config1:63, mask:63
215 [139787095955200] INFO perfrun.perfcollector <> - format: filter_tid: config1:0-5, mask:0-5
215 [139787095955200] INFO perfrun.perfcollector <> - format: filter_nid: config1:32-47, mask:32-47
215 [139787095955200] INFO perfrun.perfcollector <> - format: filter_nc: config1:62, mask:62
215 [139787095955200] INFO perfrun.perfcollector <> - format: umask: config:8-15, mask:8-15
215 [139787095955200] INFO perfrun.perfcollector <> - format: tid_en: config:19, mask:19
215 [139787095955200] INFO perfrun.perfcollector <> - format: thresh: config:24-31, mask:24-31
215 [139787095955200] INFO perfrun.perfcollector <> - format: filter_state: config1:17-23, mask:17-23
215 [139787095955200] INFO perfrun.perfcollector <> - format: filter_opc: config1:52-60, mask:52-60
215 [139787095955200] INFO perfrun.perfcollector <> - hwInfo: PERF_CBOX_PMU_DETAILS
215 [139787095955200] INFO perfrun.perfcollector <> - pmu caps: raw,format
215 [139787095955200] INFO perfrun.perfcollector <> - pmu added: uncore_cbox, idx: 6
215 [139787095955200] INFO perfrun.perfcollector <> - dir found: /sys/bus/event_source/devices/uncore_imc_1
215 [139787095955200] INFO perfrun.perfcollector <> - format: event: config:0-7, mask:0-7
215 [139787095955200] INFO perfrun.perfcollector <> - format: edge: config:18, mask:18
215 [139787095955200] INFO perfrun.perfcollector <> - format: inv: config:23, mask:23
216 [139787095955200] INFO perfrun.perfcollector <> - format: umask: config:8-15, mask:8-15
216 [139787095955200] INFO perfrun.perfcollector <> - format: thresh: config:24-31, mask:24-31
216 [139787095955200] INFO perfrun.perfcollector <> - hwInfo: PERF_IMC_PMU_DETAILS
216 [139787095955200] INFO perfrun.perfcollector <> - pmu caps: raw,format,events
216 [139787095955200] INFO perfrun.perfcollector <> - pmu added: uncore_imc, idx: 1
216 [139787095955200] INFO perfrun.perfcollector <> - dir found: /sys/bus/event_source/devices/power
216 [139787095955200] INFO perfrun.perfcollector <> - format: event: config:0-7, mask:0-7
216 [139787095955200] INFO perfrun.perfcollector <> - hwInfo: not set, pmuFam: power
216 [139787095955200] INFO perfrun.perfcollector <> - pmu caps: raw,format,events
216 [139787095955200] INFO perfrun.perfcollector <> - pmu added: power, idx: 0
216 [139787095955200] INFO perfrun.perfcollector <> - dir found: /sys/bus/event_source/devices/uncore_cbox_11
216 [139787095955200] INFO perfrun.perfcollector <> - format: event: config:0-7, mask:0-7
216 [139787095955200] INFO perfrun.perfcollector <> - format: filter_link: config1:6-8, mask:6-8
216 [139787095955200] INFO perfrun.perfcollector <> - format: filter_c6: config1:61, mask:61
216 [139787095955200] INFO perfrun.perfcollector <> - format: edge: config:18, mask:18
216 [139787095955200] INFO perfrun.perfcollector <> - format: filter_isoc: config1:63, mask:63
216 [139787095955200] INFO perfrun.perfcollector <> - format: filter_tid: config1:0-5, mask:0-5
216 [139787095955200] INFO perfrun.perfcollector <> - format: filter_nid: config1:32-47, mask:32-47
216 [139787095955200] INFO perfrun.perfcollector <> - format: filter_nc: config1:62, mask:62
216 [139787095955200] INFO perfrun.perfcollector <> - format: umask: config:8-15, mask:8-15
216 [139787095955200] INFO perfrun.perfcollector <> - format: tid_en: config:19, mask:19
216 [139787095955200] INFO perfrun.perfcollector <> - format: thresh: config:24-31, mask:24-31
216 [139787095955200] INFO perfrun.perfcollector <> - format: filter_state: config1:17-23, mask:17-23
216 [139787095955200] INFO perfrun.perfcollector <> - format: filter_opc: config1:52-60, mask:52-60
216 [139787095955200] INFO perfrun.perfcollector <> - hwInfo: PERF_CBOX_PMU_DETAILS
216 [139787095955200] INFO perfrun.perfcollector <> - pmu caps: raw,format
217 [139787095955200] INFO perfrun.perfcollector <> - pmu added: uncore_cbox, idx: 11
217 [139787095955200] INFO perfrun.perfcollector <> - dir found: /sys/bus/event_source/devices/uncore_cbox_4
217 [139787095955200] INFO perfrun.perfcollector <> - format: event: config:0-7, mask:0-7
217 [139787095955200] INFO perfrun.perfcollector <> - format: filter_link: config1:6-8, mask:6-8
217 [139787095955200] INFO perfrun.perfcollector <> - format: filter_c6: config1:61, mask:61
217 [139787095955200] INFO perfrun.perfcollector <> - format: edge: config:18, mask:18
217 [139787095955200] INFO perfrun.perfcollector <> - format: filter_isoc: config1:63, mask:63
217 [139787095955200] INFO perfrun.perfcollector <> - format: filter_tid: config1:0-5, mask:0-5
217 [139787095955200] INFO perfrun.perfcollector <> - format: filter_nid: config1:32-47, mask:32-47
217 [139787095955200] INFO perfrun.perfcollector <> - format: filter_nc: config1:62, mask:62
217 [139787095955200] INFO perfrun.perfcollector <> - format: umask: config:8-15, mask:8-15
217 [139787095955200] INFO perfrun.perfcollector <> - format: tid_en: config:19, mask:19
217 [139787095955200] INFO perfrun.perfcollector <> - format: thresh: config:24-31, mask:24-31
217 [139787095955200] INFO perfrun.perfcollector <> - format: filter_state: config1:17-23, mask:17-23
217 [139787095955200] INFO perfrun.perfcollector <> - format: filter_opc: config1:52-60, mask:52-60
217 [139787095955200] INFO perfrun.perfcollector <> - hwInfo: PERF_CBOX_PMU_DETAILS
217 [139787095955200] INFO perfrun.perfcollector <> - pmu caps: raw,format
217 [139787095955200] INFO perfrun.perfcollector <> - pmu added: uncore_cbox, idx: 4
217 [139787095955200] INFO perfrun.perfcollector <> - dir found: /sys/bus/event_source/devices/uprobe
217 [139787095955200] INFO perfrun.perfcollector <> - format: retprobe: config:0, mask:0
217 [139787095955200] INFO perfrun.perfcollector <> - hwInfo: not set, pmuFam: uprobe
217 [139787095955200] INFO perfrun.perfcollector <> - pmu caps: raw,format
217 [139787095955200] INFO perfrun.perfcollector <> - pmu added: uprobe, idx: 0
217 [139787095955200] INFO perfrun.perfcollector <> - dir found: /sys/bus/event_source/devices/cpu
217 [139787095955200] INFO perfrun.perfcollector <> - format: event: config:0-7, mask:0-7
218 [139787095955200] INFO perfrun.perfcollector <> - format: pc: config:19, mask:19
218 [139787095955200] INFO perfrun.perfcollector <> - format: in_tx: config:32, mask:32
218 [139787095955200] INFO perfrun.perfcollector <> - format: edge: config:18, mask:18
218 [139787095955200] INFO perfrun.perfcollector <> - format: any: config:21, mask:21
218 [139787095955200] INFO perfrun.perfcollector <> - format: offcore_rsp: config1:0-63, mask:0-63
218 [139787095955200] INFO perfrun.perfcollector <> - format: in_tx_cp: config:33, mask:33
218 [139787095955200] INFO perfrun.perfcollector <> - format: ldlat: config1:0-15, mask:0-15
218 [139787095955200] INFO perfrun.perfcollector <> - format: inv: config:23, mask:23
218 [139787095955200] INFO perfrun.perfcollector <> - format: umask: config:8-15, mask:8-15
218 [139787095955200] INFO perfrun.perfcollector <> - format: cmask: config:24-31, mask:24-31
218 [139787095955200] INFO perfrun.perfcollector <> - hwInfo: PERF_CPU_PMU_DETAILS
218 [139787095955200] INFO perfrun.perfcollector <> - pmu caps: raw,format,events,ldlat,offcore_rsp
218 [139787095955200] INFO perfrun.perfcollector <> - pmu added: cpu, idx: 0
218 [139787095955200] INFO perfrun.perfcollector <> - dir found: /sys/bus/event_source/devices/uncore_r3qpi_0
218 [139787095955200] INFO perfrun.perfcollector <> - format: event: config:0-7, mask:0-7
218 [139787095955200] INFO perfrun.perfcollector <> - format: edge: config:18, mask:18
218 [139787095955200] INFO perfrun.perfcollector <> - format: inv: config:23, mask:23
218 [139787095955200] INFO perfrun.perfcollector <> - format: umask: config:8-15, mask:8-15
218 [139787095955200] INFO perfrun.perfcollector <> - format: thresh: config:24-31, mask:24-31
218 [139787095955200] INFO perfrun.perfcollector <> - hwInfo: not set, pmuFam: uncore_r3qpi
218 [139787095955200] INFO perfrun.perfcollector <> - pmu caps: raw,format
218 [139787095955200] INFO perfrun.perfcollector <> - pmu added: uncore_r3qpi, idx: 0
218 [139787095955200] INFO perfrun.perfcollector <> - dir found: /sys/bus/event_source/devices/cstate_core
218 [139787095955200] INFO perfrun.perfcollector <> - format: event: config:0-63, mask:0-63
218 [139787095955200] INFO perfrun.perfcollector <> - hwInfo: not set, pmuFam: cstate_core
219 [139787095955200] INFO perfrun.perfcollector <> - pmu caps: raw,format,events
219 [139787095955200] INFO perfrun.perfcollector <> - pmu added: cstate_core, idx: 0
219 [139787095955200] INFO perfrun.perfcollector <> - dir found: /sys/bus/event_source/devices/uncore_cbox_2
219 [139787095955200] INFO perfrun.perfcollector <> - format: event: config:0-7, mask:0-7
219 [139787095955200] INFO perfrun.perfcollector <> - format: filter_link: config1:6-8, mask:6-8
219 [139787095955200] INFO perfrun.perfcollector <> - format: filter_c6: config1:61, mask:61
219 [139787095955200] INFO perfrun.perfcollector <> - format: edge: config:18, mask:18
219 [139787095955200] INFO perfrun.perfcollector <> - format: filter_isoc: config1:63, mask:63
219 [139787095955200] INFO perfrun.perfcollector <> - format: filter_tid: config1:0-5, mask:0-5
219 [139787095955200] INFO perfrun.perfcollector <> - format: filter_nid: config1:32-47, mask:32-47
219 [139787095955200] INFO perfrun.perfcollector <> - format: filter_nc: config1:62, mask:62
219 [139787095955200] INFO perfrun.perfcollector <> - format: umask: config:8-15, mask:8-15
219 [139787095955200] INFO perfrun.perfcollector <> - format: tid_en: config:19, mask:19
219 [139787095955200] INFO perfrun.perfcollector <> - format: thresh: config:24-31, mask:24-31
219 [139787095955200] INFO perfrun.perfcollector <> - format: filter_state: config1:17-23, mask:17-23
219 [139787095955200] INFO perfrun.perfcollector <> - format: filter_opc: config1:52-60, mask:52-60
219 [139787095955200] INFO perfrun.perfcollector <> - hwInfo: PERF_CBOX_PMU_DETAILS
219 [139787095955200] INFO perfrun.perfcollector <> - pmu caps: raw,format
219 [139787095955200] INFO perfrun.perfcollector <> - pmu added: uncore_cbox, idx: 2
219 [139787095955200] INFO perfrun.perfcollector <> - dir found: /sys/bus/event_source/devices/breakpoint
219 [139787095955200] INFO perfrun.perfcollector <> - format: pmu format subdir doesn't exist
219 [139787095955200] INFO perfrun.perfcollector <> - hwInfo: not set, pmuFam: breakpoint
219 [139787095955200] INFO perfrun.perfcollector <> - pmu added: breakpoint, idx: 0
219 [139787095955200] INFO perfrun.perfcollector <> - dir found: /sys/bus/event_source/devices/uncore_ha_0
219 [139787095955200] INFO perfrun.perfcollector <> - format: event: config:0-7, mask:0-7
219 [139787095955200] INFO perfrun.perfcollector <> - format: edge: config:18, mask:18
220 [139787095955200] INFO perfrun.perfcollector <> - format: inv: config:23, mask:23
220 [139787095955200] INFO perfrun.perfcollector <> - format: umask: config:8-15, mask:8-15
220 [139787095955200] INFO perfrun.perfcollector <> - format: thresh: config:24-31, mask:24-31
220 [139787095955200] INFO perfrun.perfcollector <> - hwInfo: not set, pmuFam: uncore_ha
220 [139787095955200] INFO perfrun.perfcollector <> - pmu caps: raw,format
220 [139787095955200] INFO perfrun.perfcollector <> - pmu added: uncore_ha, idx: 0
220 [139787095955200] INFO perfrun.perfcollector <> - dir found: /sys/bus/event_source/devices/uncore_cbox_0
220 [139787095955200] INFO perfrun.perfcollector <> - format: event: config:0-7, mask:0-7
220 [139787095955200] INFO perfrun.perfcollector <> - format: filter_link: config1:6-8, mask:6-8
220 [139787095955200] INFO perfrun.perfcollector <> - format: filter_c6: config1:61, mask:61
220 [139787095955200] INFO perfrun.perfcollector <> - format: edge: config:18, mask:18
220 [139787095955200] INFO perfrun.perfcollector <> - format: filter_isoc: config1:63, mask:63
220 [139787095955200] INFO perfrun.perfcollector <> - format: filter_tid: config1:0-5, mask:0-5
220 [139787095955200] INFO perfrun.perfcollector <> - format: filter_nid: config1:32-47, mask:32-47
220 [139787095955200] INFO perfrun.perfcollector <> - format: filter_nc: config1:62, mask:62
220 [139787095955200] INFO perfrun.perfcollector <> - format: umask: config:8-15, mask:8-15
220 [139787095955200] INFO perfrun.perfcollector <> - format: tid_en: config:19, mask:19
220 [139787095955200] INFO perfrun.perfcollector <> - format: thresh: config:24-31, mask:24-31
220 [139787095955200] INFO perfrun.perfcollector <> - format: filter_state: config1:17-23, mask:17-23
220 [139787095955200] INFO perfrun.perfcollector <> - format: filter_opc: config1:52-60, mask:52-60
220 [139787095955200] INFO perfrun.perfcollector <> - hwInfo: PERF_CBOX_PMU_DETAILS
220 [139787095955200] INFO perfrun.perfcollector <> - pmu caps: raw,format
220 [139787095955200] INFO perfrun.perfcollector <> - pmu added: uncore_cbox, idx: 0
220 [139787095955200] INFO perfrun.perfcollector <> - dir found: /sys/bus/event_source/devices/tracepoint
220 [139787095955200] INFO perfrun.perfcollector <> - format: pmu format subdir doesn't exist
220 [139787095955200] INFO perfrun.perfcollector <> - hwInfo: not set, pmuFam: tracepoint
220 [139787095955200] INFO perfrun.perfcollector <> - pmu added: tracepoint, idx: 0
220 [139787095955200] INFO perfrun.perfcollector <> - dir found: /sys/bus/event_source/devices/uncore_sbox_3
221 [139787095955200] INFO perfrun.perfcollector <> - format: event: config:0-7, mask:0-7
221 [139787095955200] INFO perfrun.perfcollector <> - format: edge: config:18, mask:18
221 [139787095955200] INFO perfrun.perfcollector <> - format: inv: config:23, mask:23
221 [139787095955200] INFO perfrun.perfcollector <> - format: umask: config:8-15, mask:8-15
221 [139787095955200] INFO perfrun.perfcollector <> - format: tid_en: config:19, mask:19
221 [139787095955200] INFO perfrun.perfcollector <> - format: thresh: config:24-31, mask:24-31
221 [139787095955200] INFO perfrun.perfcollector <> - hwInfo: not set, pmuFam: uncore_sbox
221 [139787095955200] INFO perfrun.perfcollector <> - pmu caps: raw,format
221 [139787095955200] INFO perfrun.perfcollector <> - pmu added: uncore_sbox, idx: 3
221 [139787095955200] INFO perfrun.perfcollector <> - dir found: /sys/bus/event_source/devices/uncore_cbox_9
221 [139787095955200] INFO perfrun.perfcollector <> - format: event: config:0-7, mask:0-7
221 [139787095955200] INFO perfrun.perfcollector <> - format: filter_link: config1:6-8, mask:6-8
221 [139787095955200] INFO perfrun.perfcollector <> - format: filter_c6: config1:61, mask:61
221 [139787095955200] INFO perfrun.perfcollector <> - format: edge: config:18, mask:18
221 [139787095955200] INFO perfrun.perfcollector <> - format: filter_isoc: config1:63, mask:63
221 [139787095955200] INFO perfrun.perfcollector <> - format: filter_tid: config1:0-5, mask:0-5
221 [139787095955200] INFO perfrun.perfcollector <> - format: filter_nid: config1:32-47, mask:32-47
221 [139787095955200] INFO perfrun.perfcollector <> - format: filter_nc: config1:62, mask:62
221 [139787095955200] INFO perfrun.perfcollector <> - format: umask: config:8-15, mask:8-15
221 [139787095955200] INFO perfrun.perfcollector <> - format: tid_en: config:19, mask:19
221 [139787095955200] INFO perfrun.perfcollector <> - format: thresh: config:24-31, mask:24-31
221 [139787095955200] INFO perfrun.perfcollector <> - format: filter_state: config1:17-23, mask:17-23
222 [139787095955200] INFO perfrun.perfcollector <> - format: filter_opc: config1:52-60, mask:52-60
222 [139787095955200] INFO perfrun.perfcollector <> - hwInfo: PERF_CBOX_PMU_DETAILS
222 [139787095955200] INFO perfrun.perfcollector <> - pmu caps: raw,format
222 [139787095955200] INFO perfrun.perfcollector <> - pmu added: uncore_cbox, idx: 9
222 [139787095955200] INFO perfrun.perfcollector <> - dir found: /sys/bus/event_source/devices/cstate_pkg
222 [139787095955200] INFO perfrun.perfcollector <> - format: event: config:0-63, mask:0-63
222 [139787095955200] INFO perfrun.perfcollector <> - hwInfo: not set, pmuFam: cstate_pkg
222 [139787095955200] INFO perfrun.perfcollector <> - pmu caps: raw,format,events
222 [139787095955200] INFO perfrun.perfcollector <> - pmu added: cstate_pkg, idx: 0
222 [139787095955200] INFO perfrun.perfcollector <> - dir found: /sys/bus/event_source/devices/uncore_imc_4
222 [139787095955200] INFO perfrun.perfcollector <> - format: event: config:0-7, mask:0-7
222 [139787095955200] INFO perfrun.perfcollector <> - format: edge: config:18, mask:18
222 [139787095955200] INFO perfrun.perfcollector <> - format: inv: config:23, mask:23
222 [139787095955200] INFO perfrun.perfcollector <> - format: umask: config:8-15, mask:8-15
222 [139787095955200] INFO perfrun.perfcollector <> - format: thresh: config:24-31, mask:24-31
222 [139787095955200] INFO perfrun.perfcollector <> - hwInfo: PERF_IMC_PMU_DETAILS
222 [139787095955200] INFO perfrun.perfcollector <> - pmu caps: raw,format,events
222 [139787095955200] INFO perfrun.perfcollector <> - pmu added: uncore_imc, idx: 4
222 [139787095955200] INFO perfrun.perfcollector <> - dir found: /sys/bus/event_source/devices/uncore_ubox
222 [139787095955200] INFO perfrun.perfcollector <> - format: event: config:0-7, mask:0-7
222 [139787095955200] INFO perfrun.perfcollector <> - format: edge: config:18, mask:18
222 [139787095955200] INFO perfrun.perfcollector <> - format: inv: config:23, mask:23
222 [139787095955200] INFO perfrun.perfcollector <> - format: umask: config:8-15, mask:8-15
222 [139787095955200] INFO perfrun.perfcollector <> - format: thresh: config:24-28, mask:24-28
222 [139787095955200] INFO perfrun.perfcollector <> - hwInfo: not set, pmuFam: uncore_ubox
222 [139787095955200] INFO perfrun.perfcollector <> - pmu caps: raw,format
222 [139787095955200] INFO perfrun.perfcollector <> - pmu added: uncore_ubox, idx: 0
222 [139787095955200] INFO perfrun.perfcollector <> - dir found: /sys/bus/event_source/devices/uncore_sbox_1
223 [139787095955200] INFO perfrun.perfcollector <> - format: event: config:0-7, mask:0-7
223 [139787095955200] INFO perfrun.perfcollector <> - format: edge: config:18, mask:18
223 [139787095955200] INFO perfrun.perfcollector <> - format: inv: config:23, mask:23
223 [139787095955200] INFO perfrun.perfcollector <> - format: umask: config:8-15, mask:8-15
223 [139787095955200] INFO perfrun.perfcollector <> - format: tid_en: config:19, mask:19
223 [139787095955200] INFO perfrun.perfcollector <> - format: thresh: config:24-31, mask:24-31
223 [139787095955200] INFO perfrun.perfcollector <> - hwInfo: not set, pmuFam: uncore_sbox
223 [139787095955200] INFO perfrun.perfcollector <> - pmu caps: raw,format
223 [139787095955200] INFO perfrun.perfcollector <> - pmu added: uncore_sbox, idx: 1
223 [139787095955200] INFO perfrun.perfcollector <> - dir found: /sys/bus/event_source/devices/uncore_cbox_7
223 [139787095955200] INFO perfrun.perfcollector <> - format: event: config:0-7, mask:0-7
223 [139787095955200] INFO perfrun.perfcollector <> - format: filter_link: config1:6-8, mask:6-8
223 [139787095955200] INFO perfrun.perfcollector <> - format: filter_c6: config1:61, mask:61
223 [139787095955200] INFO perfrun.perfcollector <> - format: edge: config:18, mask:18
223 [139787095955200] INFO perfrun.perfcollector <> - format: filter_isoc: config1:63, mask:63
223 [139787095955200] INFO perfrun.perfcollector <> - format: filter_tid: config1:0-5, mask:0-5
223 [139787095955200] INFO perfrun.perfcollector <> - format: filter_nid: config1:32-47, mask:32-47
223 [139787095955200] INFO perfrun.perfcollector <> - format: filter_nc: config1:62, mask:62
223 [139787095955200] INFO perfrun.perfcollector <> - format: umask: config:8-15, mask:8-15
223 [139787095955200] INFO perfrun.perfcollector <> - format: tid_en: config:19, mask:19
223 [139787095955200] INFO perfrun.perfcollector <> - format: thresh: config:24-31, mask:24-31
223 [139787095955200] INFO perfrun.perfcollector <> - format: filter_state: config1:17-23, mask:17-23
224 [139787095955200] INFO perfrun.perfcollector <> - format: filter_opc: config1:52-60, mask:52-60
224 [139787095955200] INFO perfrun.perfcollector <> - hwInfo: PERF_CBOX_PMU_DETAILS
224 [139787095955200] INFO perfrun.perfcollector <> - pmu caps: raw,format
224 [139787095955200] INFO perfrun.perfcollector <> - pmu added: uncore_cbox, idx: 7
224 [139787095955200] INFO perfrun.perfcollector <> - dir found: /sys/bus/event_source/devices/uncore_cbox_12
224 [139787095955200] INFO perfrun.perfcollector <> - format: event: config:0-7, mask:0-7
224 [139787095955200] INFO perfrun.perfcollector <> - format: filter_link: config1:6-8, mask:6-8
224 [139787095955200] INFO perfrun.perfcollector <> - format: filter_c6: config1:61, mask:61
224 [139787095955200] INFO perfrun.perfcollector <> - format: edge: config:18, mask:18
224 [139787095955200] INFO perfrun.perfcollector <> - format: filter_isoc: config1:63, mask:63
224 [139787095955200] INFO perfrun.perfcollector <> - format: filter_tid: config1:0-5, mask:0-5
224 [139787095955200] INFO perfrun.perfcollector <> - format: filter_nid: config1:32-47, mask:32-47
224 [139787095955200] INFO perfrun.perfcollector <> - format: filter_nc: config1:62, mask:62
224 [139787095955200] INFO perfrun.perfcollector <> - format: umask: config:8-15, mask:8-15
224 [139787095955200] INFO perfrun.perfcollector <> - format: tid_en: config:19, mask:19
224 [139787095955200] INFO perfrun.perfcollector <> - format: thresh: config:24-31, mask:24-31
224 [139787095955200] INFO perfrun.perfcollector <> - format: filter_state: config1:17-23, mask:17-23
224 [139787095955200] INFO perfrun.perfcollector <> - format: filter_opc: config1:52-60, mask:52-60
224 [139787095955200] INFO perfrun.perfcollector <> - hwInfo: PERF_CBOX_PMU_DETAILS
224 [139787095955200] INFO perfrun.perfcollector <> - pmu caps: raw,format
224 [139787095955200] INFO perfrun.perfcollector <> - pmu added: uncore_cbox, idx: 12
224 [139787095955200] INFO perfrun.perfcollector <> - dir found: /sys/bus/event_source/devices/kprobe
224 [139787095955200] INFO perfrun.perfcollector <> - format: retprobe: config:0, mask:0
224 [139787095955200] INFO perfrun.perfcollector <> - hwInfo: not set, pmuFam: kprobe
224 [139787095955200] INFO perfrun.perfcollector <> - pmu caps: raw,format
224 [139787095955200] INFO perfrun.perfcollector <> - pmu added: kprobe, idx: 0
224 [139787095955200] INFO perfrun.perfcollector <> - dir found: /sys/bus/event_source/devices/uncore_cbox_5
225 [139787095955200] INFO perfrun.perfcollector <> - format: event: config:0-7, mask:0-7
225 [139787095955200] INFO perfrun.perfcollector <> - format: filter_link: config1:6-8, mask:6-8
225 [139787095955200] INFO perfrun.perfcollector <> - format: filter_c6: config1:61, mask:61
225 [139787095955200] INFO perfrun.perfcollector <> - format: edge: config:18, mask:18
225 [139787095955200] INFO perfrun.perfcollector <> - format: filter_isoc: config1:63, mask:63
225 [139787095955200] INFO perfrun.perfcollector <> - format: filter_tid: config1:0-5, mask:0-5
225 [139787095955200] INFO perfrun.perfcollector <> - format: filter_nid: config1:32-47, mask:32-47
225 [139787095955200] INFO perfrun.perfcollector <> - format: filter_nc: config1:62, mask:62
225 [139787095955200] INFO perfrun.perfcollector <> - format: umask: config:8-15, mask:8-15
225 [139787095955200] INFO perfrun.perfcollector <> - format: tid_en: config:19, mask:19
225 [139787095955200] INFO perfrun.perfcollector <> - format: thresh: config:24-31, mask:24-31
225 [139787095955200] INFO perfrun.perfcollector <> - format: filter_state: config1:17-23, mask:17-23
225 [139787095955200] INFO perfrun.perfcollector <> - format: filter_opc: config1:52-60, mask:52-60
225 [139787095955200] INFO perfrun.perfcollector <> - hwInfo: PERF_CBOX_PMU_DETAILS
225 [139787095955200] INFO perfrun.perfcollector <> - pmu caps: raw,format
225 [139787095955200] INFO perfrun.perfcollector <> - pmu added: uncore_cbox, idx: 5
225 [139787095955200] INFO perfrun.perfcollector <> - dir found: /sys/bus/event_source/devices/uncore_imc_0
225 [139787095955200] INFO perfrun.perfcollector <> - format: event: config:0-7, mask:0-7
225 [139787095955200] INFO perfrun.perfcollector <> - format: edge: config:18, mask:18
225 [139787095955200] INFO perfrun.perfcollector <> - format: inv: config:23, mask:23
225 [139787095955200] INFO perfrun.perfcollector <> - format: umask: config:8-15, mask:8-15
225 [139787095955200] INFO perfrun.perfcollector <> - format: thresh: config:24-31, mask:24-31
225 [139787095955200] INFO perfrun.perfcollector <> - hwInfo: PERF_IMC_PMU_DETAILS
225 [139787095955200] INFO perfrun.perfcollector <> - pmu caps: raw,format,events
226 [139787095955200] INFO perfrun.perfcollector <> - pmu added: uncore_imc, idx: 0
226 [139787095955200] INFO perfrun.perfcollector <> - dir found: /sys/bus/event_source/devices/uncore_cbox_10
226 [139787095955200] INFO perfrun.perfcollector <> - format: event: config:0-7, mask:0-7
226 [139787095955200] INFO perfrun.perfcollector <> - format: filter_link: config1:6-8, mask:6-8
226 [139787095955200] INFO perfrun.perfcollector <> - format: filter_c6: config1:61, mask:61
226 [139787095955200] INFO perfrun.perfcollector <> - format: edge: config:18, mask:18
226 [139787095955200] INFO perfrun.perfcollector <> - format: filter_isoc: config1:63, mask:63
226 [139787095955200] INFO perfrun.perfcollector <> - format: filter_tid: config1:0-5, mask:0-5
226 [139787095955200] INFO perfrun.perfcollector <> - format: filter_nid: config1:32-47, mask:32-47
226 [139787095955200] INFO perfrun.perfcollector <> - format: filter_nc: config1:62, mask:62
226 [139787095955200] INFO perfrun.perfcollector <> - format: umask: config:8-15, mask:8-15
226 [139787095955200] INFO perfrun.perfcollector <> - format: tid_en: config:19, mask:19
226 [139787095955200] INFO perfrun.perfcollector <> - format: thresh: config:24-31, mask:24-31
226 [139787095955200] INFO perfrun.perfcollector <> - format: filter_state: config1:17-23, mask:17-23
226 [139787095955200] INFO perfrun.perfcollector <> - format: filter_opc: config1:52-60, mask:52-60
226 [139787095955200] INFO perfrun.perfcollector <> - hwInfo: PERF_CBOX_PMU_DETAILS
226 [139787095955200] INFO perfrun.perfcollector <> - pmu caps: raw,format
226 [139787095955200] INFO perfrun.perfcollector <> - pmu added: uncore_cbox, idx: 10
226 [139787095955200] INFO perfrun.perfcollector <> - dir found: /sys/bus/event_source/devices/uncore_pcu
226 [139787095955200] INFO perfrun.perfcollector <> - format: filter_band2: config1:16-23, mask:16-23
226 [139787095955200] INFO perfrun.perfcollector <> - format: event: config:0-7, mask:0-7
226 [139787095955200] INFO perfrun.perfcollector <> - format: filter_band0: config1:0-7, mask:0-7
226 [139787095955200] INFO perfrun.perfcollector <> - format: edge: config:18, mask:18
227 [139787095955200] INFO perfrun.perfcollector <> - format: occ_invert: config:30, mask:30
227 [139787095955200] INFO perfrun.perfcollector <> - format: occ_edge: config:14-51, mask:14-51
227 [139787095955200] INFO perfrun.perfcollector <> - format: filter_band3: config1:24-31, mask:24-31
227 [139787095955200] INFO perfrun.perfcollector <> - format: filter_band1: config1:8-15, mask:8-15
227 [139787095955200] INFO perfrun.perfcollector <> - format: inv: config:23, mask:23
227 [139787095955200] INFO perfrun.perfcollector <> - format: thresh: config:24-28, mask:24-28
227 [139787095955200] INFO perfrun.perfcollector <> - format: occ_sel: config:14-15, mask:14-15
227 [139787095955200] INFO perfrun.perfcollector <> - hwInfo: not set, pmuFam: uncore_pcu
227 [139787095955200] INFO perfrun.perfcollector <> - pmu caps: raw,format
227 [139787095955200] INFO perfrun.perfcollector <> - pmu added: uncore_pcu, idx: 0
227 [139787095955200] INFO perfrun.perfcollector <> - dir found: /sys/bus/event_source/devices/uncore_r3qpi_1
227 [139787095955200] INFO perfrun.perfcollector <> - format: event: config:0-7, mask:0-7
227 [139787095955200] INFO perfrun.perfcollector <> - format: edge: config:18, mask:18
227 [139787095955200] INFO perfrun.perfcollector <> - format: inv: config:23, mask:23
227 [139787095955200] INFO perfrun.perfcollector <> - format: umask: config:8-15, mask:8-15
227 [139787095955200] INFO perfrun.perfcollector <> - format: thresh: config:24-31, mask:24-31
227 [139787095955200] INFO perfrun.perfcollector <> - hwInfo: not set, pmuFam: uncore_r3qpi
227 [139787095955200] INFO perfrun.perfcollector <> - pmu caps: raw,format
227 [139787095955200] INFO perfrun.perfcollector <> - pmu added: uncore_r3qpi, idx: 1
227 [139787095955200] INFO perfrun.perfcollector <> - dir found: /sys/bus/event_source/devices/msr
227 [139787095955200] INFO perfrun.perfcollector <> - format: event: config:0-63, mask:0-63
227 [139787095955200] INFO perfrun.perfcollector <> - hwInfo: not set, pmuFam: msr
227 [139787095955200] INFO perfrun.perfcollector <> - pmu caps: raw,format,events
227 [139787095955200] INFO perfrun.perfcollector <> - pmu added: msr, idx: 0
227 [139787095955200] INFO perfrun.perfcollector <> - dir found: /sys/bus/event_source/devices/uncore_cbox_3
227 [139787095955200] INFO perfrun.perfcollector <> - format: event: config:0-7, mask:0-7
228 [139787095955200] INFO perfrun.perfcollector <> - format: filter_link: config1:6-8, mask:6-8
228 [139787095955200] INFO perfrun.perfcollector <> - format: filter_c6: config1:61, mask:61
228 [139787095955200] INFO perfrun.perfcollector <> - format: edge: config:18, mask:18
228 [139787095955200] INFO perfrun.perfcollector <> - format: filter_isoc: config1:63, mask:63
228 [139787095955200] INFO perfrun.perfcollector <> - format: filter_tid: config1:0-5, mask:0-5
228 [139787095955200] INFO perfrun.perfcollector <> - format: filter_nid: config1:32-47, mask:32-47
228 [139787095955200] INFO perfrun.perfcollector <> - format: filter_nc: config1:62, mask:62
228 [139787095955200] INFO perfrun.perfcollector <> - format: umask: config:8-15, mask:8-15
228 [139787095955200] INFO perfrun.perfcollector <> - format: tid_en: config:19, mask:19
228 [139787095955200] INFO perfrun.perfcollector <> - format: thresh: config:24-31, mask:24-31
228 [139787095955200] INFO perfrun.perfcollector <> - format: filter_state: config1:17-23, mask:17-23
228 [139787095955200] INFO perfrun.perfcollector <> - format: filter_opc: config1:52-60, mask:52-60
228 [139787095955200] INFO perfrun.perfcollector <> - hwInfo: PERF_CBOX_PMU_DETAILS
228 [139787095955200] INFO perfrun.perfcollector <> - pmu caps: raw,format
228 [139787095955200] INFO perfrun.perfcollector <> - pmu added: uncore_cbox, idx: 3
228 [139787095955200] INFO perfrun.perfcollector <> - dir found: /sys/bus/event_source/devices/intel_pt
228 [139787095955200] INFO perfrun.perfcollector <> - format: ptw: config:12, mask:12
228 [139787095955200] INFO perfrun.perfcollector <> - format: event: config:31, mask:31
228 [139787095955200] INFO perfrun.perfcollector <> - format: cyc_thresh: config:19-22, mask:19-22
228 [139787095955200] INFO perfrun.perfcollector <> - format: pt: config:0, mask:0
228 [139787095955200] INFO perfrun.perfcollector <> - format: notnt: config:55, mask:55
228 [139787095955200] INFO perfrun.perfcollector <> - format: branch: config:13, mask:13
228 [139787095955200] INFO perfrun.perfcollector <> - format: tsc: config:10, mask:10
229 [139787095955200] INFO perfrun.perfcollector <> - format: pwr_evt: config:4, mask:4
229 [139787095955200] INFO perfrun.perfcollector <> - format: fup_on_ptw: config:5, mask:5
229 [139787095955200] INFO perfrun.perfcollector <> - format: cyc: config:1, mask:1
229 [139787095955200] INFO perfrun.perfcollector <> - format: noretcomp: config:11, mask:11
229 [139787095955200] INFO perfrun.perfcollector <> - format: mtc: config:9, mask:9
229 [139787095955200] INFO perfrun.perfcollector <> - format: psb_period: config:24-27, mask:24-27
229 [139787095955200] INFO perfrun.perfcollector <> - format: mtc_period: config:14-17, mask:14-17
229 [139787095955200] INFO perfrun.perfcollector <> - hwInfo: not set, pmuFam: intel_pt
229 [139787095955200] INFO perfrun.perfcollector <> - pmu caps: raw,format
229 [139787095955200] INFO perfrun.perfcollector <> - pmu added: intel_pt, idx: 0
229 [139787095955200] INFO perfrun.perfcollector <> - dir found: /sys/bus/event_source/devices/uncore_ha_1
229 [139787095955200] INFO perfrun.perfcollector <> - format: event: config:0-7, mask:0-7
229 [139787095955200] INFO perfrun.perfcollector <> - format: edge: config:18, mask:18
229 [139787095955200] INFO perfrun.perfcollector <> - format: inv: config:23, mask:23
229 [139787095955200] INFO perfrun.perfcollector <> - format: umask: config:8-15, mask:8-15
229 [139787095955200] INFO perfrun.perfcollector <> - format: thresh: config:24-31, mask:24-31
229 [139787095955200] INFO perfrun.perfcollector <> - hwInfo: not set, pmuFam: uncore_ha
229 [139787095955200] INFO perfrun.perfcollector <> - pmu caps: raw,format
229 [139787095955200] INFO perfrun.perfcollector <> - pmu added: uncore_ha, idx: 1
229 [139787095955200] INFO perfrun.perfcollector <> - dir found: /sys/bus/event_source/devices/uncore_cbox_1
229 [139787095955200] INFO perfrun.perfcollector <> - format: event: config:0-7, mask:0-7
229 [139787095955200] INFO perfrun.perfcollector <> - format: filter_link: config1:6-8, mask:6-8
229 [139787095955200] INFO perfrun.perfcollector <> - format: filter_c6: config1:61, mask:61
229 [139787095955200] INFO perfrun.perfcollector <> - format: edge: config:18, mask:18
230 [139787095955200] INFO perfrun.perfcollector <> - format: filter_isoc: config1:63, mask:63
230 [139787095955200] INFO perfrun.perfcollector <> - format: filter_tid: config1:0-5, mask:0-5
230 [139787095955200] INFO perfrun.perfcollector <> - format: filter_nid: config1:32-47, mask:32-47
230 [139787095955200] INFO perfrun.perfcollector <> - format: filter_nc: config1:62, mask:62
230 [139787095955200] INFO perfrun.perfcollector <> - format: umask: config:8-15, mask:8-15
230 [139787095955200] INFO perfrun.perfcollector <> - format: tid_en: config:19, mask:19
230 [139787095955200] INFO perfrun.perfcollector <> - format: thresh: config:24-31, mask:24-31
230 [139787095955200] INFO perfrun.perfcollector <> - format: filter_state: config1:17-23, mask:17-23
230 [139787095955200] INFO perfrun.perfcollector <> - format: filter_opc: config1:52-60, mask:52-60
230 [139787095955200] INFO perfrun.perfcollector <> - hwInfo: PERF_CBOX_PMU_DETAILS
230 [139787095955200] INFO perfrun.perfcollector <> - pmu caps: raw,format
230 [139787095955200] INFO perfrun.perfcollector <> - pmu added: uncore_cbox, idx: 1
230 [139787095955200] INFO perfrun.perfcollector <> - Perf tool path: /opt/intel/oneapi/vtune/2024.2/bin64/amplxe-perf
230 [139787095955200] INFO perfrun.perfcollector <> - Data directory: /tmp/amplxe-tmp-dragos.boncan/amplxe-res-3350368-47531327786401784/data.0
230 [139787095955200] INFO perfrun.perfcollector <> - Temp directory: /tmp/amplxe-tmp-dragos.boncan
230 [139787095955200] INFO perfrun.perfcollector <> - Perf sync path: /opt/intel/oneapi/vtune/2024.2/bin64/amplxe-perf-sync
230 [139787095955200] INFO perfrun.perfcollector <> - Hypervisor = None
230 [139787095955200] INFO perfrun.perfcollector <> - Counting mode is requested
230 [139787095955200] WARN perfrun.launcher <> - Messenger::say: Only user space will be profiled due to credentials lack. Consider changing /proc/sys/kernel/perf_event_paranoid file for enabling kernel space profiling.
230 [139787095955200] INFO perfrun.perfcollector <> - Sample after multiplier: 1
230 [139787095955200] INFO perfrun.sdk <> - runCmd: /opt/intel/oneapi/vtune/2024.2/bin64/sep -dry-run -sam 1 -ec CPU_CLK_UNHALTED.THREAD,CPU_CLK_UNHALTED.REF_TSC:sample:sa=2400000,INST_RETIRED.ANY:sample:sa=2400000,CPU_CLK_UNHALTED.REF_XCLK,CPU_CLK_UNHALTED.ONE_THREAD_ACTIVE,FP_ARITH_INST_RETIRED.SCALAR_SINGLE,FP_ARITH_INST_RETIRED.128B_PACKED_SINGLE,FP_ARITH_INST_RETIRED.256B_PACKED_SINGLE,FP_ARITH_INST_RETIRED.SCALAR_DOUBLE,FP_ARITH_INST_RETIRED.128B_PACKED_DOUBLE,FP_ARITH_INST_RETIRED.256B_PACKED_DOUBLE,INST_RETIRED.X87,UOPS_RETIRED.RETIRE_SLOTS:sample:sa=2000003,UOPS_EXECUTED.THREAD -experimental
231 [139787095955200] INFO perfrun.sdk <> - runCmd started PID 3350372
264 [139787095955200] INFO perfrun.perfcollector <> - SepDryRun RC = true
264 [139787095955200] INFO perfrun.perfcollector <> - Loading SEP event configuration
264 [139787095955200] INFO perfrun.perfcollector <> - pmu: cpu
264 [139787095955200] INFO perfrun.perfcollector <> - group_id: 0
264 [139787095955200] INFO perfrun.perfcollector <> - event_id: 2: INST_RETIRED.ANY
264 [139787095955200] INFO perfrun.perfcollector <> - event_id: 0: CPU_CLK_UNHALTED.THREAD
264 [139787095955200] INFO perfrun.perfcollector <> - event_id: 1: CPU_CLK_UNHALTED.REF_TSC
264 [139787095955200] INFO perfrun.perfcollector <> - event_id: 3: CPU_CLK_UNHALTED.REF_XCLK
264 [139787095955200] INFO perfrun.perfcollector <> - event_id: 4: CPU_CLK_UNHALTED.ONE_THREAD_ACTIVE
264 [139787095955200] INFO perfrun.perfcollector <> - event_id: 5: FP_ARITH_INST_RETIRED.SCALAR_SINGLE
264 [139787095955200] INFO perfrun.perfcollector <> - event_id: 6: FP_ARITH_INST_RETIRED.128B_PACKED_SINGLE
264 [139787095955200] INFO perfrun.perfcollector <> - event_id: 3: cccr: addr: 186, value: 53013c
264 [139787095955200] INFO perfrun.perfcollector <> - event_id: 4: cccr: addr: 187, value: 53023c
264 [139787095955200] INFO perfrun.perfcollector <> - event_id: 5: cccr: addr: 188, value: 5302c7
264 [139787095955200] INFO perfrun.perfcollector <> - event_id: 6: cccr: addr: 189, value: 5308c7
264 [139787095955200] INFO perfrun.perfcollector <> - event_id: 2: data: addr: 309, value: ffffffffffdb6100
264 [139787095955200] INFO perfrun.perfcollector <> - event_id: 0: data: addr: 30a, value: ffffffffffe17b7d
264 [139787095955200] INFO perfrun.perfcollector <> - event_id: 1: data: addr: 30b, value: ffffffffffdb6100
264 [139787095955200] INFO perfrun.perfcollector <> - event_id: 3: data: addr: c1, value: fffffffffffe795d
264 [139787095955200] INFO perfrun.perfcollector <> - event_id: 4: data: addr: c2, value: fffffffffffe795d
264 [139787095955200] INFO perfrun.perfcollector <> - event_id: 5: data: addr: c3, value: ffffffffffe17b7d
264 [139787095955200] INFO perfrun.perfcollector <> - event_id: 6: data: addr: c4, value: ffffffffffe17b7d
264 [139787095955200] INFO perfrun.perfcollector <> - group_id: 1
264 [139787095955200] INFO perfrun.perfcollector <> - event_id: 2: INST_RETIRED.ANY
264 [139787095955200] INFO perfrun.perfcollector <> - event_id: 0: CPU_CLK_UNHALTED.THREAD
264 [139787095955200] INFO perfrun.perfcollector <> - event_id: 1: CPU_CLK_UNHALTED.REF_TSC
264 [139787095955200] INFO perfrun.perfcollector <> - event_id: 7: FP_ARITH_INST_RETIRED.256B_PACKED_SINGLE
264 [139787095955200] INFO perfrun.perfcollector <> - event_id: 8: FP_ARITH_INST_RETIRED.SCALAR_DOUBLE
264 [139787095955200] INFO perfrun.perfcollector <> - event_id: 9: FP_ARITH_INST_RETIRED.128B_PACKED_DOUBLE
264 [139787095955200] INFO perfrun.perfcollector <> - event_id: 10: FP_ARITH_INST_RETIRED.256B_PACKED_DOUBLE
264 [139787095955200] INFO perfrun.perfcollector <> - event_id: 7: cccr: addr: 186, value: 5320c7
264 [139787095955200] INFO perfrun.perfcollector <> - event_id: 8: cccr: addr: 187, value: 5301c7
264 [139787095955200] INFO perfrun.perfcollector <> - event_id: 9: cccr: addr: 188, value: 5304c7
264 [139787095955200] INFO perfrun.perfcollector <> - event_id: 10: cccr: addr: 189, value: 5310c7
264 [139787095955200] INFO perfrun.perfcollector <> - event_id: 2: data: addr: 309, value: ffffffffffdb6100
264 [139787095955200] INFO perfrun.perfcollector <> - event_id: 0: data: addr: 30a, value: ffffffffffe17b7d
264 [139787095955200] INFO perfrun.perfcollector <> - event_id: 1: data: addr: 30b, value: ffffffffffdb6100
264 [139787095955200] INFO perfrun.perfcollector <> - event_id: 7: data: addr: c1, value: ffffffffffe17b7d
264 [139787095955200] INFO perfrun.perfcollector <> - event_id: 8: data: addr: c2, value: ffffffffffe17b7d
264 [139787095955200] INFO perfrun.perfcollector <> - event_id: 9: data: addr: c3, value: ffffffffffe17b7d
265 [139787095955200] INFO perfrun.perfcollector <> - event_id: 10: data: addr: c4, value: ffffffffffe17b7d
265 [139787095955200] INFO perfrun.perfcollector <> - group_id: 2
265 [139787095955200] INFO perfrun.perfcollector <> - event_id: 2: INST_RETIRED.ANY
265 [139787095955200] INFO perfrun.perfcollector <> - event_id: 0: CPU_CLK_UNHALTED.THREAD
265 [139787095955200] INFO perfrun.perfcollector <> - event_id: 1: CPU_CLK_UNHALTED.REF_TSC
265 [139787095955200] INFO perfrun.perfcollector <> - event_id: 11: INST_RETIRED.X87
265 [139787095955200] INFO perfrun.perfcollector <> - event_id: 12: UOPS_RETIRED.RETIRE_SLOTS
265 [139787095955200] INFO perfrun.perfcollector <> - event_id: 13: UOPS_EXECUTED.THREAD
265 [139787095955200] INFO perfrun.perfcollector <> - event_id: 11: cccr: addr: 186, value: 5302c0
265 [139787095955200] INFO perfrun.perfcollector <> - event_id: 12: cccr: addr: 187, value: 5302c2
265 [139787095955200] INFO perfrun.perfcollector <> - event_id: 13: cccr: addr: 188, value: 5301b1
265 [139787095955200] INFO perfrun.perfcollector <> - event_id: 2: data: addr: 309, value: ffffffffffdb6100
265 [139787095955200] INFO perfrun.perfcollector <> - event_id: 0: data: addr: 30a, value: ffffffffffe17b7d
265 [139787095955200] INFO perfrun.perfcollector <> - event_id: 1: data: addr: 30b, value: ffffffffffdb6100
265 [139787095955200] INFO perfrun.perfcollector <> - event_id: 11: data: addr: c1, value: ffffffffffe17b7d
265 [139787095955200] INFO perfrun.perfcollector <> - event_id: 12: data: addr: c2, value: ffffffffffe17b7d
265 [139787095955200] INFO perfrun.perfcollector <> - event_id: 13: data: addr: c3, value: ffffffffffe17b7d
265 [139787095955200] INFO perfrun.perfcollector <> - Converting events to Perf format
265 [139787095955200] INFO perfrun.perfcollector <> - event: 0: CPU_CLK_UNHALTED.THREAD
265 [139787095955200] INFO perfrun.perfcollector <> - cccr: addr: ffffffff, value: 0
265 [139787095955200] INFO perfrun.perfcollector <> - data: addr: 30a, value: ffffffffffe17b7d
265 [139787095955200] INFO perfrun.perfcollector <> - pmu config: cpu
265 [139787095955200] INFO perfrun.perfcollector <> - config: any: 0
265 [139787095955200] INFO perfrun.perfcollector <> - config: cmask: 0
265 [139787095955200] INFO perfrun.perfcollector <> - config: edge: 0
265 [139787095955200] INFO perfrun.perfcollector <> - config: event: 3c
265 [139787095955200] INFO perfrun.perfcollector <> - config: in_tx: 0
265 [139787095955200] INFO perfrun.perfcollector <> - config: in_tx_cp: 0
265 [139787095955200] INFO perfrun.perfcollector <> - config: inv: 0
265 [139787095955200] INFO perfrun.perfcollector <> - config1: ldlat: 0
265 [139787095955200] INFO perfrun.perfcollector <> - config1: offcore_rsp: 0
265 [139787095955200] INFO perfrun.perfcollector <> - config: pc: 0
265 [139787095955200] INFO perfrun.perfcollector <> - config: umask: 0
265 [139787095955200] INFO perfrun.perfcollector <> - format: cpu/event=0x3c,name='CPU_CLK_UNHALTED.THREAD'/D
265 [139787095955200] INFO perfrun.perfcollector <> - event: 1: CPU_CLK_UNHALTED.REF_TSC
265 [139787095955200] INFO perfrun.perfcollector <> - cccr: addr: ffffffff, value: 0
265 [139787095955200] INFO perfrun.perfcollector <> - data: addr: 30b, value: ffffffffffdb6100
265 [139787095955200] INFO perfrun.perfcollector <> - pmu config: cpu
265 [139787095955200] INFO perfrun.perfcollector <> - config: any: 0
265 [139787095955200] INFO perfrun.perfcollector <> - config: cmask: 0
265 [139787095955200] INFO perfrun.perfcollector <> - config: edge: 0
265 [139787095955200] INFO perfrun.perfcollector <> - config: event: 0
265 [139787095955200] INFO perfrun.perfcollector <> - config: in_tx: 0
265 [139787095955200] INFO perfrun.perfcollector <> - config: in_tx_cp: 0
265 [139787095955200] INFO perfrun.perfcollector <> - config: inv: 0
265 [139787095955200] INFO perfrun.perfcollector <> - config1: ldlat: 0
265 [139787095955200] INFO perfrun.perfcollector <> - config1: offcore_rsp: 0
265 [139787095955200] INFO perfrun.perfcollector <> - config: pc: 0
265 [139787095955200] INFO perfrun.perfcollector <> - config: umask: 3
265 [139787095955200] INFO perfrun.perfcollector <> - format: cpu/umask=0x3,name='CPU_CLK_UNHALTED.REF_TSC'/D
265 [139787095955200] INFO perfrun.perfcollector <> - event: 2: INST_RETIRED.ANY
265 [139787095955200] INFO perfrun.perfcollector <> - cccr: addr: ffffffff, value: 0
265 [139787095955200] INFO perfrun.perfcollector <> - data: addr: 309, value: ffffffffffdb6100
265 [139787095955200] INFO perfrun.perfcollector <> - pmu config: cpu
265 [139787095955200] INFO perfrun.perfcollector <> - config: any: 0
265 [139787095955200] INFO perfrun.perfcollector <> - config: cmask: 0
265 [139787095955200] INFO perfrun.perfcollector <> - config: edge: 0
265 [139787095955200] INFO perfrun.perfcollector <> - config: event: c0
265 [139787095955200] INFO perfrun.perfcollector <> - config: in_tx: 0
265 [139787095955200] INFO perfrun.perfcollector <> - config: in_tx_cp: 0
265 [139787095955200] INFO perfrun.perfcollector <> - config: inv: 0
265 [139787095955200] INFO perfrun.perfcollector <> - config1: ldlat: 0
265 [139787095955200] INFO perfrun.perfcollector <> - config1: offcore_rsp: 0
265 [139787095955200] INFO perfrun.perfcollector <> - config: pc: 0
265 [139787095955200] INFO perfrun.perfcollector <> - config: umask: 0
265 [139787095955200] INFO perfrun.perfcollector <> - format: cpu/event=0xc0,name='INST_RETIRED.ANY'/D
265 [139787095955200] INFO perfrun.perfcollector <> - event: 3: CPU_CLK_UNHALTED.REF_XCLK
265 [139787095955200] INFO perfrun.perfcollector <> - cccr: addr: 186, value: 53013c
265 [139787095955200] INFO perfrun.perfcollector <> - data: addr: c1, value: fffffffffffe795d
265 [139787095955200] INFO perfrun.perfcollector <> - pmu config: cpu
265 [139787095955200] INFO perfrun.perfcollector <> - config: any: 0
265 [139787095955200] INFO perfrun.perfcollector <> - config: cmask: 0
265 [139787095955200] INFO perfrun.perfcollector <> - config: edge: 0
265 [139787095955200] INFO perfrun.perfcollector <> - config: event: 3c
265 [139787095955200] INFO perfrun.perfcollector <> - config: in_tx: 0
265 [139787095955200] INFO perfrun.perfcollector <> - config: in_tx_cp: 0
265 [139787095955200] INFO perfrun.perfcollector <> - config: inv: 0
265 [139787095955200] INFO perfrun.perfcollector <> - config1: ldlat: 0
265 [139787095955200] INFO perfrun.perfcollector <> - config1: offcore_rsp: 0
265 [139787095955200] INFO perfrun.perfcollector <> - config: pc: 0
265 [139787095955200] INFO perfrun.perfcollector <> - config: umask: 1
265 [139787095955200] INFO perfrun.perfcollector <> - format: cpu/event=0x3c,umask=0x1,name='CPU_CLK_UNHALTED.REF_XCLK'/
265 [139787095955200] INFO perfrun.perfcollector <> - event: 4: CPU_CLK_UNHALTED.ONE_THREAD_ACTIVE
265 [139787095955200] INFO perfrun.perfcollector <> - cccr: addr: 187, value: 53023c
265 [139787095955200] INFO perfrun.perfcollector <> - data: addr: c2, value: fffffffffffe795d
265 [139787095955200] INFO perfrun.perfcollector <> - pmu config: cpu
265 [139787095955200] INFO perfrun.perfcollector <> - config: any: 0
265 [139787095955200] INFO perfrun.perfcollector <> - config: cmask: 0
265 [139787095955200] INFO perfrun.perfcollector <> - config: edge: 0
265 [139787095955200] INFO perfrun.perfcollector <> - config: event: 3c
265 [139787095955200] INFO perfrun.perfcollector <> - config: in_tx: 0
265 [139787095955200] INFO perfrun.perfcollector <> - config: in_tx_cp: 0
265 [139787095955200] INFO perfrun.perfcollector <> - config: inv: 0
265 [139787095955200] INFO perfrun.perfcollector <> - config1: ldlat: 0
265 [139787095955200] INFO perfrun.perfcollector <> - config1: offcore_rsp: 0
265 [139787095955200] INFO perfrun.perfcollector <> - config: pc: 0
265 [139787095955200] INFO perfrun.perfcollector <> - config: umask: 2
265 [139787095955200] INFO perfrun.perfcollector <> - format: cpu/event=0x3c,umask=0x2,name='CPU_CLK_UNHALTED.ONE_THREAD_ACTIVE'/
265 [139787095955200] INFO perfrun.perfcollector <> - event: 5: FP_ARITH_INST_RETIRED.SCALAR_SINGLE
265 [139787095955200] INFO perfrun.perfcollector <> - cccr: addr: 188, value: 5302c7
265 [139787095955200] INFO perfrun.perfcollector <> - data: addr: c3, value: ffffffffffe17b7d
265 [139787095955200] INFO perfrun.perfcollector <> - pmu config: cpu
265 [139787095955200] INFO perfrun.perfcollector <> - config: any: 0
265 [139787095955200] INFO perfrun.perfcollector <> - config: cmask: 0
265 [139787095955200] INFO perfrun.perfcollector <> - config: edge: 0
265 [139787095955200] INFO perfrun.perfcollector <> - config: event: c7
265 [139787095955200] INFO perfrun.perfcollector <> - config: in_tx: 0
265 [139787095955200] INFO perfrun.perfcollector <> - config: in_tx_cp: 0
265 [139787095955200] INFO perfrun.perfcollector <> - config: inv: 0
265 [139787095955200] INFO perfrun.perfcollector <> - config1: ldlat: 0
265 [139787095955200] INFO perfrun.perfcollector <> - config1: offcore_rsp: 0
265 [139787095955200] INFO perfrun.perfcollector <> - config: pc: 0
265 [139787095955200] INFO perfrun.perfcollector <> - config: umask: 2
265 [139787095955200] INFO perfrun.perfcollector <> - format: cpu/event=0xc7,umask=0x2,name='FP_ARITH_INST_RETIRED.SCALAR_SINGLE'/
265 [139787095955200] INFO perfrun.perfcollector <> - event: 6: FP_ARITH_INST_RETIRED.128B_PACKED_SINGLE
265 [139787095955200] INFO perfrun.perfcollector <> - cccr: addr: 189, value: 5308c7
266 [139787095955200] INFO perfrun.perfcollector <> - data: addr: c4, value: ffffffffffe17b7d
266 [139787095955200] INFO perfrun.perfcollector <> - pmu config: cpu
266 [139787095955200] INFO perfrun.perfcollector <> - config: any: 0
266 [139787095955200] INFO perfrun.perfcollector <> - config: cmask: 0
266 [139787095955200] INFO perfrun.perfcollector <> - config: edge: 0
266 [139787095955200] INFO perfrun.perfcollector <> - config: event: c7
266 [139787095955200] INFO perfrun.perfcollector <> - config: in_tx: 0
266 [139787095955200] INFO perfrun.perfcollector <> - config: in_tx_cp: 0
266 [139787095955200] INFO perfrun.perfcollector <> - config: inv: 0
266 [139787095955200] INFO perfrun.perfcollector <> - config1: ldlat: 0
266 [139787095955200] INFO perfrun.perfcollector <> - config1: offcore_rsp: 0
266 [139787095955200] INFO perfrun.perfcollector <> - config: pc: 0
266 [139787095955200] INFO perfrun.perfcollector <> - config: umask: 8
266 [139787095955200] INFO perfrun.perfcollector <> - format: cpu/event=0xc7,umask=0x8,name='FP_ARITH_INST_RETIRED.128B_PACKED_SINGLE'/
266 [139787095955200] INFO perfrun.perfcollector <> - event: 7: FP_ARITH_INST_RETIRED.256B_PACKED_SINGLE
266 [139787095955200] INFO perfrun.perfcollector <> - cccr: addr: 186, value: 5320c7
266 [139787095955200] INFO perfrun.perfcollector <> - data: addr: c1, value: ffffffffffe17b7d
266 [139787095955200] INFO perfrun.perfcollector <> - pmu config: cpu
266 [139787095955200] INFO perfrun.perfcollector <> - config: any: 0
266 [139787095955200] INFO perfrun.perfcollector <> - config: cmask: 0
266 [139787095955200] INFO perfrun.perfcollector <> - config: edge: 0
266 [139787095955200] INFO perfrun.perfcollector <> - config: event: c7
266 [139787095955200] INFO perfrun.perfcollector <> - config: in_tx: 0
266 [139787095955200] INFO perfrun.perfcollector <> - config: in_tx_cp: 0
266 [139787095955200] INFO perfrun.perfcollector <> - config: inv: 0
266 [139787095955200] INFO perfrun.perfcollector <> - config1: ldlat: 0
266 [139787095955200] INFO perfrun.perfcollector <> - config1: offcore_rsp: 0
266 [139787095955200] INFO perfrun.perfcollector <> - config: pc: 0
266 [139787095955200] INFO perfrun.perfcollector <> - config: umask: 20
266 [139787095955200] INFO perfrun.perfcollector <> - format: cpu/event=0xc7,umask=0x20,name='FP_ARITH_INST_RETIRED.256B_PACKED_SINGLE'/
266 [139787095955200] INFO perfrun.perfcollector <> - event: 8: FP_ARITH_INST_RETIRED.SCALAR_DOUBLE
266 [139787095955200] INFO perfrun.perfcollector <> - cccr: addr: 187, value: 5301c7
266 [139787095955200] INFO perfrun.perfcollector <> - data: addr: c2, value: ffffffffffe17b7d
266 [139787095955200] INFO perfrun.perfcollector <> - pmu config: cpu
266 [139787095955200] INFO perfrun.perfcollector <> - config: any: 0
266 [139787095955200] INFO perfrun.perfcollector <> - config: cmask: 0
266 [139787095955200] INFO perfrun.perfcollector <> - config: edge: 0
266 [139787095955200] INFO perfrun.perfcollector <> - config: event: c7
266 [139787095955200] INFO perfrun.perfcollector <> - config: in_tx: 0
266 [139787095955200] INFO perfrun.perfcollector <> - config: in_tx_cp: 0
266 [139787095955200] INFO perfrun.perfcollector <> - config: inv: 0
266 [139787095955200] INFO perfrun.perfcollector <> - config1: ldlat: 0
266 [139787095955200] INFO perfrun.perfcollector <> - config1: offcore_rsp: 0
266 [139787095955200] INFO perfrun.perfcollector <> - config: pc: 0
266 [139787095955200] INFO perfrun.perfcollector <> - config: umask: 1
266 [139787095955200] INFO perfrun.perfcollector <> - format: cpu/event=0xc7,umask=0x1,name='FP_ARITH_INST_RETIRED.SCALAR_DOUBLE'/
266 [139787095955200] INFO perfrun.perfcollector <> - event: 9: FP_ARITH_INST_RETIRED.128B_PACKED_DOUBLE
266 [139787095955200] INFO perfrun.perfcollector <> - cccr: addr: 188, value: 5304c7
266 [139787095955200] INFO perfrun.perfcollector <> - data: addr: c3, value: ffffffffffe17b7d
266 [139787095955200] INFO perfrun.perfcollector <> - pmu config: cpu
266 [139787095955200] INFO perfrun.perfcollector <> - config: any: 0
266 [139787095955200] INFO perfrun.perfcollector <> - config: cmask: 0
266 [139787095955200] INFO perfrun.perfcollector <> - config: edge: 0
266 [139787095955200] INFO perfrun.perfcollector <> - config: event: c7
266 [139787095955200] INFO perfrun.perfcollector <> - config: in_tx: 0
266 [139787095955200] INFO perfrun.perfcollector <> - config: in_tx_cp: 0
266 [139787095955200] INFO perfrun.perfcollector <> - config: inv: 0
266 [139787095955200] INFO perfrun.perfcollector <> - config1: ldlat: 0
266 [139787095955200] INFO perfrun.perfcollector <> - config1: offcore_rsp: 0
266 [139787095955200] INFO perfrun.perfcollector <> - config: pc: 0
266 [139787095955200] INFO perfrun.perfcollector <> - config: umask: 4
266 [139787095955200] INFO perfrun.perfcollector <> - format: cpu/event=0xc7,umask=0x4,name='FP_ARITH_INST_RETIRED.128B_PACKED_DOUBLE'/
266 [139787095955200] INFO perfrun.perfcollector <> - event: 10: FP_ARITH_INST_RETIRED.256B_PACKED_DOUBLE
266 [139787095955200] INFO perfrun.perfcollector <> - cccr: addr: 189, value: 5310c7
266 [139787095955200] INFO perfrun.perfcollector <> - data: addr: c4, value: ffffffffffe17b7d
266 [139787095955200] INFO perfrun.perfcollector <> - pmu config: cpu
266 [139787095955200] INFO perfrun.perfcollector <> - config: any: 0
266 [139787095955200] INFO perfrun.perfcollector <> - config: cmask: 0
266 [139787095955200] INFO perfrun.perfcollector <> - config: edge: 0
266 [139787095955200] INFO perfrun.perfcollector <> - config: event: c7
266 [139787095955200] INFO perfrun.perfcollector <> - config: in_tx: 0
266 [139787095955200] INFO perfrun.perfcollector <> - config: in_tx_cp: 0
266 [139787095955200] INFO perfrun.perfcollector <> - config: inv: 0
266 [139787095955200] INFO perfrun.perfcollector <> - config1: ldlat: 0
266 [139787095955200] INFO perfrun.perfcollector <> - config1: offcore_rsp: 0
266 [139787095955200] INFO perfrun.perfcollector <> - config: pc: 0
266 [139787095955200] INFO perfrun.perfcollector <> - config: umask: 10
266 [139787095955200] INFO perfrun.perfcollector <> - format: cpu/event=0xc7,umask=0x10,name='FP_ARITH_INST_RETIRED.256B_PACKED_DOUBLE'/
266 [139787095955200] INFO perfrun.perfcollector <> - event: 11: INST_RETIRED.X87
266 [139787095955200] INFO perfrun.perfcollector <> - cccr: addr: 186, value: 5302c0
266 [139787095955200] INFO perfrun.perfcollector <> - data: addr: c1, value: ffffffffffe17b7d
266 [139787095955200] INFO perfrun.perfcollector <> - pmu config: cpu
266 [139787095955200] INFO perfrun.perfcollector <> - config: any: 0
266 [139787095955200] INFO perfrun.perfcollector <> - config: cmask: 0
266 [139787095955200] INFO perfrun.perfcollector <> - config: edge: 0
266 [139787095955200] INFO perfrun.perfcollector <> - config: event: c0
266 [139787095955200] INFO perfrun.perfcollector <> - config: in_tx: 0
266 [139787095955200] INFO perfrun.perfcollector <> - config: in_tx_cp: 0
266 [139787095955200] INFO perfrun.perfcollector <> - config: inv: 0
266 [139787095955200] INFO perfrun.perfcollector <> - config1: ldlat: 0
266 [139787095955200] INFO perfrun.perfcollector <> - config1: offcore_rsp: 0
266 [139787095955200] INFO perfrun.perfcollector <> - config: pc: 0
266 [139787095955200] INFO perfrun.perfcollector <> - config: umask: 2
266 [139787095955200] INFO perfrun.perfcollector <> - format: cpu/event=0xc0,umask=0x2,name='INST_RETIRED.X87'/
266 [139787095955200] INFO perfrun.perfcollector <> - event: 12: UOPS_RETIRED.RETIRE_SLOTS
266 [139787095955200] INFO perfrun.perfcollector <> - cccr: addr: 187, value: 5302c2
266 [139787095955200] INFO perfrun.perfcollector <> - data: addr: c2, value: ffffffffffe17b7d
266 [139787095955200] INFO perfrun.perfcollector <> - pmu config: cpu
266 [139787095955200] INFO perfrun.perfcollector <> - config: any: 0
266 [139787095955200] INFO perfrun.perfcollector <> - config: cmask: 0
266 [139787095955200] INFO perfrun.perfcollector <> - config: edge: 0
266 [139787095955200] INFO perfrun.perfcollector <> - config: event: c2
266 [139787095955200] INFO perfrun.perfcollector <> - config: in_tx: 0
266 [139787095955200] INFO perfrun.perfcollector <> - config: in_tx_cp: 0
266 [139787095955200] INFO perfrun.perfcollector <> - config: inv: 0
266 [139787095955200] INFO perfrun.perfcollector <> - config1: ldlat: 0
266 [139787095955200] INFO perfrun.perfcollector <> - config1: offcore_rsp: 0
266 [139787095955200] INFO perfrun.perfcollector <> - config: pc: 0
266 [139787095955200] INFO perfrun.perfcollector <> - config: umask: 2
266 [139787095955200] INFO perfrun.perfcollector <> - format: cpu/event=0xc2,umask=0x2,name='UOPS_RETIRED.RETIRE_SLOTS'/
266 [139787095955200] INFO perfrun.perfcollector <> - event: 13: UOPS_EXECUTED.THREAD
266 [139787095955200] INFO perfrun.perfcollector <> - cccr: addr: 188, value: 5301b1
266 [139787095955200] INFO perfrun.perfcollector <> - data: addr: c3, value: ffffffffffe17b7d
266 [139787095955200] INFO perfrun.perfcollector <> - pmu config: cpu
266 [139787095955200] INFO perfrun.perfcollector <> - config: any: 0
266 [139787095955200] INFO perfrun.perfcollector <> - config: cmask: 0
266 [139787095955200] INFO perfrun.perfcollector <> - config: edge: 0
266 [139787095955200] INFO perfrun.perfcollector <> - config: event: b1
266 [139787095955200] INFO perfrun.perfcollector <> - config: in_tx: 0
266 [139787095955200] INFO perfrun.perfcollector <> - config: in_tx_cp: 0
266 [139787095955200] INFO perfrun.perfcollector <> - config: inv: 0
266 [139787095955200] INFO perfrun.perfcollector <> - config1: ldlat: 0
266 [139787095955200] INFO perfrun.perfcollector <> - config1: offcore_rsp: 0
266 [139787095955200] INFO perfrun.perfcollector <> - config: pc: 0
266 [139787095955200] INFO perfrun.perfcollector <> - config: umask: 1
266 [139787095955200] INFO perfrun.perfcollector <> - format: cpu/event=0xb1,umask=0x1,name='UOPS_EXECUTED.THREAD'/
266 [139787095955200] INFO perfrun.perfcollector <> - event: cpu/event=0x3c,name='CPU_CLK_UNHALTED.THREAD'/Du, added for counting
266 [139787095955200] INFO perfrun.perfcollector <> - event: cpu/umask=0x3,name='CPU_CLK_UNHALTED.REF_TSC'/Du, added for counting
266 [139787095955200] INFO perfrun.perfcollector <> - event: cpu/event=0xc0,name='INST_RETIRED.ANY'/Du, added for counting
266 [139787095955200] INFO perfrun.perfcollector <> - event: cpu/event=0x3c,umask=0x1,name='CPU_CLK_UNHALTED.REF_XCLK'/u, added for counting
266 [139787095955200] INFO perfrun.perfcollector <> - event: cpu/event=0x3c,umask=0x2,name='CPU_CLK_UNHALTED.ONE_THREAD_ACTIVE'/u, added for counting
266 [139787095955200] INFO perfrun.perfcollector <> - event: cpu/event=0xc7,umask=0x2,name='FP_ARITH_INST_RETIRED.SCALAR_SINGLE'/u, added for counting
266 [139787095955200] INFO perfrun.perfcollector <> - event: cpu/event=0xc7,umask=0x8,name='FP_ARITH_INST_RETIRED.128B_PACKED_SINGLE'/u, added for counting
266 [139787095955200] INFO perfrun.perfcollector <> - event: cpu/event=0xc7,umask=0x20,name='FP_ARITH_INST_RETIRED.256B_PACKED_SINGLE'/u, added for counting
266 [139787095955200] INFO perfrun.perfcollector <> - event: cpu/event=0xc7,umask=0x1,name='FP_ARITH_INST_RETIRED.SCALAR_DOUBLE'/u, added for counting
266 [139787095955200] INFO perfrun.perfcollector <> - event: cpu/event=0xc7,umask=0x4,name='FP_ARITH_INST_RETIRED.128B_PACKED_DOUBLE'/u, added for counting
266 [139787095955200] INFO perfrun.perfcollector <> - event: cpu/event=0xc7,umask=0x10,name='FP_ARITH_INST_RETIRED.256B_PACKED_DOUBLE'/u, added for counting
266 [139787095955200] INFO perfrun.perfcollector <> - event: cpu/event=0xc0,umask=0x2,name='INST_RETIRED.X87'/u, added for counting
266 [139787095955200] INFO perfrun.perfcollector <> - event: cpu/event=0xc2,umask=0x2,name='UOPS_RETIRED.RETIRE_SLOTS'/u, added for counting
267 [139787095955200] INFO perfrun.perfcollector <> - event: cpu/event=0xb1,umask=0x1,name='UOPS_EXECUTED.THREAD'/u, added for counting
267 [139787095955200] INFO perfrun.perfcollector <> - attaching to pid: 4294967295, m_mode: 10, mode: 3
267 [139786947127040] INFO perfrun.perfcollector <> - Perf stat trace pipe capacity: read = 1048576, write = 1048576
270 [139786947127040] INFO perfrun.sdk <> - runCmd: /opt/intel/oneapi/vtune/2024.2/bin64/amplxe-perf stat -v --log-fd 12 --scale -x ; -e cpu/event=0x3c,name='CPU_CLK_UNHALTED.THREAD'/Du,cpu/umask=0x3,name='CPU_CLK_UNHALTED.REF_TSC'/Du,cpu/event=0xc0,name='INST_RETIRED.ANY'/Du,cpu/event=0x3c,umask=0x1,name='CPU_CLK_UNHALTED.REF_XCLK'/u,cpu/event=0x3c,umask=0x2,name='CPU_CLK_UNHALTED.ONE_THREAD_ACTIVE'/u,cpu/event=0xc7,umask=0x2,name='FP_ARITH_INST_RETIRED.SCALAR_SINGLE'/u,cpu/event=0xc7,umask=0x8,name='FP_ARITH_INST_RETIRED.128B_PACKED_SINGLE'/u,cpu/event=0xc7,umask=0x20,name='FP_ARITH_INST_RETIRED.256B_PACKED_SINGLE'/u,cpu/event=0xc7,umask=0x1,name='FP_ARITH_INST_RETIRED.SCALAR_DOUBLE'/u,cpu/event=0xc7,umask=0x4,name='FP_ARITH_INST_RETIRED.128B_PACKED_DOUBLE'/u,cpu/event=0xc7,umask=0x10,name='FP_ARITH_INST_RETIRED.256B_PACKED_DOUBLE'/u,cpu/event=0xc0,umask=0x2,name='INST_RETIRED.X87'/u,cpu/event=0xc2,umask=0x2,name='UOPS_RETIRED.RETIRE_SLOTS'/u,cpu/event=0xb1,umask=0x1,name='UOPS_EXECUTED.THREAD'/u /opt/intel/oneapi/vtune/2024.2/bin64/amplxe-perf-sync dryrun sys
271 [139786947127040] INFO perfrun.sdk <> - runCmd started PID 3350375
381 [139786947127040] INFO perfrun.perfcollector <> - Monitor: runCmd RC = true
381 [139787095955200] INFO perfrun.launcher <> - plugin [aoclprofile] was disabled because it doesn't support the given collection type.
381 [139787095955200] INFO perfrun.tpss <> - initialize tpss controller
381 [139787095955200] INFO perfrun.tpss <> - configure collection mode: value = cpu:counters:nostack
381 [139787095955200] INFO perfrun.tpss <> - configure collection mode: value = cpu:stack
381 [139787095955200] INFO perfrun.tpss <> - default obj-size-min=1024
381 [139787095955200] INFO perfrun.tpss <> - default hash-table-size=0
381 [139787095955200] INFO perfrun.launcher <> - plugin [media] was disabled because it doesn't support the given collection type.
381 [139787095955200] INFO perfrun.launcher <> - plugin [] was disabled because it doesn't support the given collection type.
381 [139787095955200] INFO perfrun.launcher <> - plugin [] was disabled because it doesn't support the given collection type.
381 [139787095955200] INFO perfrun.launcher <> - plugin [parallelfs] was disabled because it doesn't support the given collection type.
382 [139787095955200] INFO perfrun.launcher <> - plugin [power] was disabled because it doesn't support the given collection type.
382 [139787095955200] INFO perfrun.launcher <> - plugin [] was disabled because it doesn't support the given collection type.
382 [139787095955200] INFO perfrun.launcher <> - plugin [ipmwatch] was disabled because it doesn't support the given collection type.
382 [139787095955200] INFO perfrun.launcher <> - plugin [os_counters] was disabled because it doesn't support the given collection type.
382 [139787095955200] INFO perfrun.launcher <> - plugin [l0_metrics] was disabled because it doesn't support the given collection type.
382 [139787223169920] INFO perfrun.launcher <> - set environment variable: LD_LIBRARY_PATH = /opt/intel/oneapi/vtune/2024.2/lib32/runtime:/opt/intel/oneapi/vtune/2024.2/lib64/runtime:/usr/lib64/openmpi/lib:/usr/local/cuda-11.4/lib64
382 [139787223169920] INFO perfrun.launcher <> - set environment variable: INTEL_LIBITTNOTIFY32 = /opt/intel/oneapi/vtune/2024.2/lib32/runtime/libittnotify_collector.so
382 [139787223169920] INFO perfrun.launcher <> - set environment variable: INTEL_LIBITTNOTIFY64 = /opt/intel/oneapi/vtune/2024.2/lib64/runtime/libittnotify_collector.so
382 [139787223169920] INFO perfrun.launcher <> - set environment variable: INTEL_ITTNOTIFY_GROUPS = 
382 [139787223169920] INFO perfrun.launcher <> - set environment variable: INTEL_JIT_PROFILER32 = /opt/intel/oneapi/vtune/2024.2/lib32/runtime/libittnotify_collector.so
382 [139787223169920] INFO perfrun.launcher <> - set environment variable: INTEL_JIT_PROFILER64 = /opt/intel/oneapi/vtune/2024.2/lib64/runtime/libittnotify_collector.so
382 [139787223169920] INFO perfrun.launcher <> - set environment variable: CCL_ITT_LEVEL = 1
382 [139787223169920] INFO perfrun.launcher <> - set environment variable: ENABLE_JITPROFILING = 1
382 [139787223169920] INFO perfrun.launcher <> - set environment variable: CL_CONFIG_USE_VTUNE = True
382 [139787223169920] INFO perfrun.launcher <> - set environment variable: KMP_FORKJOIN_FRAMES = 0
382 [139787223169920] INFO perfrun.launcher <> - set environment variable: KMP_FORKJOIN_FRAMES_MODE = 0
382 [139787223169920] INFO perfrun.launcher <> - set environment variable: INTEL_MRTE_DATA_DIR = /tmp/amplxe-tmp-dragos.boncan/amplxe-res-3350368-47531327786401784/data.0
382 [139787223169920] INFO perfrun.launcher <> - set environment variable: INTEL_MRTE_HOST_NAME = xl270-wn161.grid.pub.ro
382 [139787223169920] INFO perfrun.launcher <> - set environment variable: JAVA_TOOL_OPTIONS = -agentlib:amplxe_samplingmrte_javaprof_1.0 -Dsun.boot.library.path=/opt/intel/oneapi/vtune/2024.2/lib32/runtime:/opt/intel/oneapi/vtune/2024.2/lib64/runtime
383 [139787223169920] INFO perfrun.launcher <> - set environment variable: LD_LIBRARY_PATH = /opt/intel/oneapi/vtune/2024.2/lib32/runtime:/opt/intel/oneapi/vtune/2024.2/lib64/runtime:/usr/lib64/openmpi/lib:/usr/local/cuda-11.4/lib64
383 [139787223169920] INFO perfrun.launcher <> - set environment variable: CORECLR_ENABLE_PROFILING = 1
383 [139787223169920] INFO perfrun.launcher <> - set environment variable: CORECLR_PROFILER = {AA5E4821-E3B1-479c-B7FF-5AD047D22CED}
383 [139787223169920] INFO perfrun.launcher <> - set environment variable: CORECLR_PROFILER_PATH = /opt/intel/oneapi/vtune/2024.2/lib64/libamplxe_samplingmrte_clrprof_1.0.so
383 [139787223169920] INFO perfrun.launcher <> - set environment variable: INTEL_MRTE_PROFILER_MODE = mixed
383 [139787223169920] INFO perfrun.launcher <> - RpcServer: run RPC server to handle requests
384 [139787223169920] INFO perfrun.launcher <> - Launcher: command line to start before modification = make run_pthreads THREADS=2 INPUT=images/input/1_earth_8k.jpg OUTPUT=images/output/output_canny.png LOW=15 HIGH=45 KERNEL_SIZE=9 SIGMA=1.5
384 [139787223169920] INFO perfrun.launcher <> - Launcher: command line to start after modification = /opt/intel/oneapi/vtune/2024.2/bin64/pin -error_file /tmp/amplxe-tmp-dragos.boncan/amplxe-res-3350368-47531327786401784/data.0/pinerr.tpsslog -detach_reattach -follow_execv -tool_load_option deepbind -t64 /opt/intel/oneapi/vtune/2024.2/lib64/libtpsstool.so -t /opt/intel/oneapi/vtune/2024.2/lib32/libtpsstool.so -server_name tpss_ipc.3350368 -prd_dir /opt/intel/oneapi/vtune/2024.2 -- make run_pthreads THREADS=2 INPUT=images/input/1_earth_8k.jpg OUTPUT=images/output/output_canny.png LOW=15 HIGH=45 KERNEL_SIZE=9 SIGMA=1.5
384 [139787223169920] INFO perfrun.launcher <> - ProcessCreator object was created
385 [139787223169920] INFO perfrun.launcher <> - Launcher: the process was started in suspend mode
397 [139787095955200] WARN perfrun.system <> - Could not do anything with /sys/kernel/debug/kvm: boost::filesystem::status: Permission denied [system:13]: "/sys/kernel/debug/kvm", at file: vcs/perfrun1/plugins/system/src/trace_writer.cpp:787
397 [139787095955200] WARN perfrun.system <> - Folder "/var/run/libvirt/qemu/"doesn't exist, at file: vcs/perfrun1/plugins/system/src/trace_writer.cpp:800
408 [139787095955200] WARN perfrun.sdk <> - Failed to find xl binary on any of the system paths: /bin, /sbin, /usr/bin, /usr/sbin., at file: vcs/perfrun1/sdk/src/utils.cpp:204
409 [139787095955200] WARN perfrun.system <> - Could not start ContainerMapping collector, at file: vcs/perfrun1/plugins/system/src/controller.cpp:448
414 [139787095955200] INFO perfrun.vdso <> - Helper runtool '/opt/intel/oneapi/vtune/2024.2/bin32/amplxe-runss -dump-vdso -r /tmp/amplxe-tmp-dragos.boncan/amplxe-res-3350368-47531327786401784 --tmp-dir /tmp/amplxe-tmp-dragos.boncan' returned 1
628 [139787095955200] INFO perfrun.vdso <> - Helper runtool '/opt/intel/oneapi/vtune/2024.2/bin64/amplxe-runss -dump-vdso -r /tmp/amplxe-tmp-dragos.boncan/amplxe-res-3350368-47531327786401784 --tmp-dir /tmp/amplxe-tmp-dragos.boncan' returned 0
628 [139787095955200] INFO perfrun.itt <> - start itt controller for pid #3350378
628 [139787095955200] INFO perfrun.perfcollector <> - attaching to pid: 3350378, m_mode: 10, mode: 11
628 [139786921948928] INFO perfrun.perfcollector <> - Perf stat trace pipe capacity: read = 1048576, write = 1048576
631 [139786921948928] INFO perfrun.sdk <> - runCmd: /opt/intel/oneapi/vtune/2024.2/bin64/amplxe-perf stat -v --log-fd 23 --control=fd:24,27 --scale -x ; -p 3350378 -e cpu/event=0x3c,name='CPU_CLK_UNHALTED.THREAD'/Du,cpu/umask=0x3,name='CPU_CLK_UNHALTED.REF_TSC'/Du,cpu/event=0xc0,name='INST_RETIRED.ANY'/Du,cpu/event=0x3c,umask=0x1,name='CPU_CLK_UNHALTED.REF_XCLK'/u,cpu/event=0x3c,umask=0x2,name='CPU_CLK_UNHALTED.ONE_THREAD_ACTIVE'/u,cpu/event=0xc7,umask=0x2,name='FP_ARITH_INST_RETIRED.SCALAR_SINGLE'/u,cpu/event=0xc7,umask=0x8,name='FP_ARITH_INST_RETIRED.128B_PACKED_SINGLE'/u,cpu/event=0xc7,umask=0x20,name='FP_ARITH_INST_RETIRED.256B_PACKED_SINGLE'/u,cpu/event=0xc7,umask=0x1,name='FP_ARITH_INST_RETIRED.SCALAR_DOUBLE'/u,cpu/event=0xc7,umask=0x4,name='FP_ARITH_INST_RETIRED.128B_PACKED_DOUBLE'/u,cpu/event=0xc7,umask=0x10,name='FP_ARITH_INST_RETIRED.256B_PACKED_DOUBLE'/u,cpu/event=0xc0,umask=0x2,name='INST_RETIRED.X87'/u,cpu/event=0xc2,umask=0x2,name='UOPS_RETIRED.RETIRE_SLOTS'/u,cpu/event=0xb1,umask=0x1,name='UOPS_EXECUTED.THREAD'/u /opt/intel/oneapi/vtune/2024.2/bin64/amplxe-perf-sync sync sys
632 [139786921948928] INFO perfrun.sdk <> - runCmd started PID 3350386
740 [139787095955200] INFO perfrun.tpss <> - start tpss controller for pid #3350378
790 [139787223169920] INFO perfrun.launcher <> - Launcher: all plugins were started
790 [139787223169920] INFO perfrun.launcher <> - DirectoryMonitor object was created
790 [139787223169920] INFO perfrun.launcher <> - DirectoryMonitor: a callback was added
790 [139787223169920] INFO perfrun.launcher <> - DirectoryMonitor was started with pingTime = 1000
790 [139787223169920] INFO perfrun.launcher <> - DeadlineTimer is going to be constructed
791 [139787223169920] INFO perfrun.launcher <> - DeadlineTimer: a callback was added
800 [139787223169920] INFO perfrun.launcher <> - Launcher: resume the profiled application and  wait its termination or stop command
7751 [139787223169920] INFO perfrun.launcher <> - Launcher: the profiled application was terminated  with exit code = 0
7760 [139787095955200] INFO perfrun.itt <> - detach itt controller
7761 [139787095955200] INFO perfrun.itt <> - detach itt controller done
7762 [139786921948928] INFO perfrun.perfcollector <> - Monitor: runCmd RC = true
7763 [139787095955200] INFO perfrun.perfcollector <> - Monitor: state = 3, error = 1
7763 [139787095955200] INFO perfrun.tpss <> - stop tpss controller
7763 [139787095955200] INFO perfrun.sdk <> - De-allocating TMU: /tmp/amplxe-tmp-dragos.boncan/amplxe-res-3350368-47531327786401784/data.0/systemcollector-3350368-xl270-wn161.grid.pub.ro.sc
7763 [139787095955200] INFO perfrun.system <> - closed the system trace file: /tmp/amplxe-tmp-dragos.boncan/amplxe-res-3350368-47531327786401784/data.0/systemcollector-3350368-xl270-wn161.grid.pub.ro.sc
7764 [139787223169920] INFO perfrun.launcher <> - Launcher: all plugins were stopped.
7764 [139787223169920] INFO perfrun.launcher <> - DeadlineTimer is going to be destroyed
7764 [139787223169920] INFO perfrun.launcher <> - DeadlineTimer was destroyed
7764 [139787223169920] INFO perfrun.launcher <> - DirectoryMonitor object was destroyed
7764 [139787223169920] WARN perfrun.launcher <> - Stop command is ignored because it is received when collection is already stopped, at file: vcs/perfrun1/launcher/src/command_handler.cpp:226
7796 [139787223169920] INFO perfrun.launcher <> - Application exit code: 0
7796 [139787223169920] INFO perfrun.launcher <> - Exit code: 0
