3 [140221180337024] INFO perfrun.launcher <> - Launcher main begin
5 [140221180337024] INFO perfrun.launcher <> - MessageCatalogInit finished
5 [140221180337024] INFO perfrun.launcher <> - Launcher instance created
5 [140221180337024] INFO perfrun.launcher <> - argc = 7; cmdline = /opt/intel/oneapi/vtune/2024.2/bin64/amplxe-runss --ui-output-format xml --ui-output-fd 6 --option-file /export/home/acs/stud/d/dragos.boncan/cannycore/profiling/vtune_results/hybrid_mpi_pthread_P2_T4/config/runss.options 
143 [140221180337024] INFO perfrun.perfcollector <> - SEP tool path: /opt/intel/oneapi/vtune/2024.2/bin64/sep
156 [140221180337024] INFO perfrun.launcher <> - create msngr2::ICliToolContext
157 [140221180337024] INFO perfrun.launcher <> - create file finder object
157 [140221180337024] INFO perfrun.launcher <> - create a result directory: pattern = /export/home/acs/stud/d/dragos.boncan/cannycore/profiling/vtune_results/hybrid_mpi_pthread_P2_T4 pid = 4294967295
173 [140221180337024] INFO perfrun.sdk <> - checked that the directory /export/home/acs/stud/d/dragos.boncan/cannycore/profiling/vtune_results/hybrid_mpi_pthread_P2_T4 is a local directory
174 [140221180337024] INFO perfrun.sdk <> - the directory /export/home/acs/stud/d/dragos.boncan/cannycore/profiling/vtune_results/hybrid_mpi_pthread_P2_T4 is located on a share or its FS ID is unknown 12805120
174 [140221180337024] INFO perfrun.sdk <> - checked that the directory /tmp/amplxe-tmp-dragos.boncan is a local directory
174 [140221180337024] INFO perfrun.sdk <> - the directory /tmp/amplxe-tmp-dragos.boncan is a local directory with FS type ID 61267
175 [140221180337024] INFO perfrun.launcher <> - Create a local result directory /tmp/amplxe-tmp-dragos.boncan/amplxe-res-3375986-47560556594365424 due to the user result path /export/home/acs/stud/d/dragos.boncan/cannycore/profiling/vtune_results/hybrid_mpi_pthread_P2_T4 is located on a share
175 [140221180337024] INFO perfrun.launcher <> - create data directory = /tmp/amplxe-tmp-dragos.boncan/amplxe-res-3375986-47560556594365424/data.0
176 [140221180337024] INFO perfrun.launcher <> - create data directory = /export/home/acs/stud/d/dragos.boncan/cannycore/profiling/vtune_results/hybrid_mpi_pthread_P2_T4/data.0
176 [140221180337024] INFO perfrun.launcher <> - Creating the master collection flag
285 [140221180337024] INFO perfrun.launcher <> - Done creating the master collection flag
308 [140221053122304] INFO perfrun.launcher <> - plugin [remoteplug] was disabled because it doesn't support the given collection type.
309 [140221053122304] INFO perfrun.sdk <> - Allocating TMU :/tmp/amplxe-tmp-dragos.boncan/amplxe-res-3375986-47560556594365424/data.0/systemcollector-3375986-xl270-wn161.grid.pub.ro.sc
309 [140221053122304] INFO perfrun.system <> - Tpss based collection
310 [140221053122304] INFO perfrun.launcher <> - plugin [ptracecollector] was disabled because it doesn't support the given collection type.
310 [140221053122304] INFO perfrun.launcher <> - plugin [gpu] was disabled because it doesn't support the given collection type.
310 [140221053122304] INFO perfrun.launcher <> - plugin [] was disabled because it doesn't support the given collection type.
310 [140221053122304] INFO perfrun.launcher <> - plugin [] was disabled because it doesn't support the given collection type.
310 [140221053122304] INFO perfrun.launcher <> - plugin [] was disabled because it doesn't support the given collection type.
310 [140221053122304] INFO perfrun.mrte <> - system-wide mode is 0
310 [140221053122304] INFO perfrun.mrte <> - Getting  mrte profiling environment ...
328 [140221053122304] INFO perfrun.mrte <> - INTEL_MRTE_DATA_DIR=/tmp/amplxe-tmp-dragos.boncan/amplxe-res-3375986-47560556594365424/data.0
328 [140221053122304] INFO perfrun.mrte <> - INTEL_MRTE_HOST_NAME=xl270-wn161.grid.pub.ro
328 [140221053122304] INFO perfrun.mrte <> - JAVA_TOOL_OPTIONS=-agentlib:amplxe_samplingmrte_javaprof_1.0 -Dsun.boot.library.path=/opt/intel/oneapi/vtune/2024.2/lib32/runtime:/opt/intel/oneapi/vtune/2024.2/lib64/runtime
328 [140221053122304] INFO perfrun.mrte <> - LD_LIBRARY_PATH=/opt/intel/oneapi/vtune/2024.2/lib32/runtime:/opt/intel/oneapi/vtune/2024.2/lib64/runtime:/usr/lib64/openmpi/lib:/usr/local/cuda-11.4/lib64
328 [140221053122304] INFO perfrun.mrte <> - CORECLR_ENABLE_PROFILING=1
328 [140221053122304] INFO perfrun.mrte <> - CORECLR_PROFILER={AA5E4821-E3B1-479c-B7FF-5AD047D22CED}
328 [140221053122304] INFO perfrun.mrte <> - CORECLR_PROFILER_PATH=/opt/intel/oneapi/vtune/2024.2/lib64/libamplxe_samplingmrte_clrprof_1.0.so
328 [140221053122304] INFO perfrun.mrte <> - INTEL_MRTE_PROFILER_MODE=mixed
328 [140221053122304] INFO perfrun.mrte <> - Data directory: /tmp/amplxe-tmp-dragos.boncan/amplxe-res-3375986-47560556594365424/data.0
328 [140221053122304] INFO perfrun.mrte <> - Mrte plugin is initialized
328 [140221053122304] INFO perfrun.launcher <> - plugin [emon] was disabled because it doesn't support the given collection type.
328 [140221053122304] INFO perfrun.launcher <> - plugin [cuscol] was disabled because it doesn't support the given collection type.
328 [140221053122304] INFO perfrun.launcher <> - plugin [stdsrc] was disabled because it doesn't support the given collection type.
328 [140221053122304] INFO perfrun.launcher <> - plugin [sep] was disabled because it doesn't support the given collection type.
328 [140221053122304] INFO perfrun.launcher <> - plugin [vtsspp] was disabled because it doesn't support the given collection type.
328 [140221053122304] INFO perfrun.perfcollector <> - Platform type: 108
328 [140221053122304] INFO perfrun.sdk <> - Reading value (2) from file: /proc/sys/kernel/perf_event_paranoid
328 [140221053122304] INFO perfrun.perfcollector <> - checking access to: /opt/intel/oneapi/vtune/2024.2/bin64/amplxe-perf-priv
328 [140221053122304] INFO perfrun.perfcollector <> - dir found: /sys/bus/event_source/devices/software
329 [140221053122304] INFO perfrun.perfcollector <> - format: pmu format subdir doesn't exist
329 [140221053122304] INFO perfrun.perfcollector <> - hwInfo: not set, pmuFam: software
329 [140221053122304] INFO perfrun.perfcollector <> - pmu added: software, idx: 0
329 [140221053122304] INFO perfrun.perfcollector <> - dir found: /sys/bus/event_source/devices/uncore_imc_5
329 [140221053122304] INFO perfrun.perfcollector <> - format: event: config:0-7, mask:0-7
329 [140221053122304] INFO perfrun.perfcollector <> - format: edge: config:18, mask:18
329 [140221053122304] INFO perfrun.perfcollector <> - format: inv: config:23, mask:23
329 [140221053122304] INFO perfrun.perfcollector <> - format: umask: config:8-15, mask:8-15
329 [140221053122304] INFO perfrun.perfcollector <> - format: thresh: config:24-31, mask:24-31
329 [140221053122304] INFO perfrun.perfcollector <> - hwInfo: PERF_IMC_PMU_DETAILS
329 [140221053122304] INFO perfrun.perfcollector <> - pmu caps: raw,format,events
329 [140221053122304] INFO perfrun.perfcollector <> - pmu added: uncore_imc, idx: 5
329 [140221053122304] INFO perfrun.perfcollector <> - dir found: /sys/bus/event_source/devices/uncore_sbox_2
329 [140221053122304] INFO perfrun.perfcollector <> - format: event: config:0-7, mask:0-7
329 [140221053122304] INFO perfrun.perfcollector <> - format: edge: config:18, mask:18
329 [140221053122304] INFO perfrun.perfcollector <> - format: inv: config:23, mask:23
329 [140221053122304] INFO perfrun.perfcollector <> - format: umask: config:8-15, mask:8-15
329 [140221053122304] INFO perfrun.perfcollector <> - format: tid_en: config:19, mask:19
329 [140221053122304] INFO perfrun.perfcollector <> - format: thresh: config:24-31, mask:24-31
329 [140221053122304] INFO perfrun.perfcollector <> - hwInfo: not set, pmuFam: uncore_sbox
329 [140221053122304] INFO perfrun.perfcollector <> - pmu caps: raw,format
329 [140221053122304] INFO perfrun.perfcollector <> - pmu added: uncore_sbox, idx: 2
329 [140221053122304] INFO perfrun.perfcollector <> - dir found: /sys/bus/event_source/devices/uncore_cbox_8
329 [140221053122304] INFO perfrun.perfcollector <> - format: event: config:0-7, mask:0-7
330 [140221053122304] INFO perfrun.perfcollector <> - format: filter_link: config1:6-8, mask:6-8
330 [140221053122304] INFO perfrun.perfcollector <> - format: filter_c6: config1:61, mask:61
330 [140221053122304] INFO perfrun.perfcollector <> - format: edge: config:18, mask:18
330 [140221053122304] INFO perfrun.perfcollector <> - format: filter_isoc: config1:63, mask:63
330 [140221053122304] INFO perfrun.perfcollector <> - format: filter_tid: config1:0-5, mask:0-5
330 [140221053122304] INFO perfrun.perfcollector <> - format: filter_nid: config1:32-47, mask:32-47
330 [140221053122304] INFO perfrun.perfcollector <> - format: filter_nc: config1:62, mask:62
330 [140221053122304] INFO perfrun.perfcollector <> - format: umask: config:8-15, mask:8-15
330 [140221053122304] INFO perfrun.perfcollector <> - format: tid_en: config:19, mask:19
330 [140221053122304] INFO perfrun.perfcollector <> - format: thresh: config:24-31, mask:24-31
330 [140221053122304] INFO perfrun.perfcollector <> - format: filter_state: config1:17-23, mask:17-23
330 [140221053122304] INFO perfrun.perfcollector <> - format: filter_opc: config1:52-60, mask:52-60
330 [140221053122304] INFO perfrun.perfcollector <> - hwInfo: PERF_CBOX_PMU_DETAILS
330 [140221053122304] INFO perfrun.perfcollector <> - pmu caps: raw,format
330 [140221053122304] INFO perfrun.perfcollector <> - pmu added: uncore_cbox, idx: 8
330 [140221053122304] INFO perfrun.perfcollector <> - dir found: /sys/bus/event_source/devices/uncore_cbox_13
330 [140221053122304] INFO perfrun.perfcollector <> - format: event: config:0-7, mask:0-7
330 [140221053122304] INFO perfrun.perfcollector <> - format: filter_link: config1:6-8, mask:6-8
330 [140221053122304] INFO perfrun.perfcollector <> - format: filter_c6: config1:61, mask:61
330 [140221053122304] INFO perfrun.perfcollector <> - format: edge: config:18, mask:18
330 [140221053122304] INFO perfrun.perfcollector <> - format: filter_isoc: config1:63, mask:63
331 [140221053122304] INFO perfrun.perfcollector <> - format: filter_tid: config1:0-5, mask:0-5
331 [140221053122304] INFO perfrun.perfcollector <> - format: filter_nid: config1:32-47, mask:32-47
331 [140221053122304] INFO perfrun.perfcollector <> - format: filter_nc: config1:62, mask:62
331 [140221053122304] INFO perfrun.perfcollector <> - format: umask: config:8-15, mask:8-15
331 [140221053122304] INFO perfrun.perfcollector <> - format: tid_en: config:19, mask:19
331 [140221053122304] INFO perfrun.perfcollector <> - format: thresh: config:24-31, mask:24-31
331 [140221053122304] INFO perfrun.perfcollector <> - format: filter_state: config1:17-23, mask:17-23
331 [140221053122304] INFO perfrun.perfcollector <> - format: filter_opc: config1:52-60, mask:52-60
331 [140221053122304] INFO perfrun.perfcollector <> - hwInfo: PERF_CBOX_PMU_DETAILS
331 [140221053122304] INFO perfrun.perfcollector <> - pmu caps: raw,format
331 [140221053122304] INFO perfrun.perfcollector <> - pmu added: uncore_cbox, idx: 13
331 [140221053122304] INFO perfrun.perfcollector <> - dir found: /sys/bus/event_source/devices/uncore_r2pcie
331 [140221053122304] INFO perfrun.perfcollector <> - format: event: config:0-7, mask:0-7
331 [140221053122304] INFO perfrun.perfcollector <> - format: edge: config:18, mask:18
331 [140221053122304] INFO perfrun.perfcollector <> - format: inv: config:23, mask:23
331 [140221053122304] INFO perfrun.perfcollector <> - format: umask: config:8-15, mask:8-15
331 [140221053122304] INFO perfrun.perfcollector <> - format: thresh: config:24-31, mask:24-31
331 [140221053122304] INFO perfrun.perfcollector <> - hwInfo: not set, pmuFam: uncore_r2pcie
332 [140221053122304] INFO perfrun.perfcollector <> - pmu caps: raw,format
332 [140221053122304] INFO perfrun.perfcollector <> - pmu added: uncore_r2pcie, idx: 0
332 [140221053122304] INFO perfrun.perfcollector <> - dir found: /sys/bus/event_source/devices/uncore_sbox_0
332 [140221053122304] INFO perfrun.perfcollector <> - format: event: config:0-7, mask:0-7
332 [140221053122304] INFO perfrun.perfcollector <> - format: edge: config:18, mask:18
332 [140221053122304] INFO perfrun.perfcollector <> - format: inv: config:23, mask:23
332 [140221053122304] INFO perfrun.perfcollector <> - format: umask: config:8-15, mask:8-15
332 [140221053122304] INFO perfrun.perfcollector <> - format: tid_en: config:19, mask:19
332 [140221053122304] INFO perfrun.perfcollector <> - format: thresh: config:24-31, mask:24-31
332 [140221053122304] INFO perfrun.perfcollector <> - hwInfo: not set, pmuFam: uncore_sbox
332 [140221053122304] INFO perfrun.perfcollector <> - pmu caps: raw,format
332 [140221053122304] INFO perfrun.perfcollector <> - pmu added: uncore_sbox, idx: 0
332 [140221053122304] INFO perfrun.perfcollector <> - dir found: /sys/bus/event_source/devices/uncore_cbox_6
332 [140221053122304] INFO perfrun.perfcollector <> - format: event: config:0-7, mask:0-7
332 [140221053122304] INFO perfrun.perfcollector <> - format: filter_link: config1:6-8, mask:6-8
332 [140221053122304] INFO perfrun.perfcollector <> - format: filter_c6: config1:61, mask:61
332 [140221053122304] INFO perfrun.perfcollector <> - format: edge: config:18, mask:18
332 [140221053122304] INFO perfrun.perfcollector <> - format: filter_isoc: config1:63, mask:63
332 [140221053122304] INFO perfrun.perfcollector <> - format: filter_tid: config1:0-5, mask:0-5
332 [140221053122304] INFO perfrun.perfcollector <> - format: filter_nid: config1:32-47, mask:32-47
332 [140221053122304] INFO perfrun.perfcollector <> - format: filter_nc: config1:62, mask:62
332 [140221053122304] INFO perfrun.perfcollector <> - format: umask: config:8-15, mask:8-15
332 [140221053122304] INFO perfrun.perfcollector <> - format: tid_en: config:19, mask:19
333 [140221053122304] INFO perfrun.perfcollector <> - format: thresh: config:24-31, mask:24-31
333 [140221053122304] INFO perfrun.perfcollector <> - format: filter_state: config1:17-23, mask:17-23
333 [140221053122304] INFO perfrun.perfcollector <> - format: filter_opc: config1:52-60, mask:52-60
333 [140221053122304] INFO perfrun.perfcollector <> - hwInfo: PERF_CBOX_PMU_DETAILS
333 [140221053122304] INFO perfrun.perfcollector <> - pmu caps: raw,format
333 [140221053122304] INFO perfrun.perfcollector <> - pmu added: uncore_cbox, idx: 6
333 [140221053122304] INFO perfrun.perfcollector <> - dir found: /sys/bus/event_source/devices/uncore_imc_1
333 [140221053122304] INFO perfrun.perfcollector <> - format: event: config:0-7, mask:0-7
333 [140221053122304] INFO perfrun.perfcollector <> - format: edge: config:18, mask:18
333 [140221053122304] INFO perfrun.perfcollector <> - format: inv: config:23, mask:23
333 [140221053122304] INFO perfrun.perfcollector <> - format: umask: config:8-15, mask:8-15
333 [140221053122304] INFO perfrun.perfcollector <> - format: thresh: config:24-31, mask:24-31
333 [140221053122304] INFO perfrun.perfcollector <> - hwInfo: PERF_IMC_PMU_DETAILS
333 [140221053122304] INFO perfrun.perfcollector <> - pmu caps: raw,format,events
333 [140221053122304] INFO perfrun.perfcollector <> - pmu added: uncore_imc, idx: 1
333 [140221053122304] INFO perfrun.perfcollector <> - dir found: /sys/bus/event_source/devices/power
333 [140221053122304] INFO perfrun.perfcollector <> - format: event: config:0-7, mask:0-7
333 [140221053122304] INFO perfrun.perfcollector <> - hwInfo: not set, pmuFam: power
333 [140221053122304] INFO perfrun.perfcollector <> - pmu caps: raw,format,events
333 [140221053122304] INFO perfrun.perfcollector <> - pmu added: power, idx: 0
333 [140221053122304] INFO perfrun.perfcollector <> - dir found: /sys/bus/event_source/devices/uncore_cbox_11
333 [140221053122304] INFO perfrun.perfcollector <> - format: event: config:0-7, mask:0-7
333 [140221053122304] INFO perfrun.perfcollector <> - format: filter_link: config1:6-8, mask:6-8
333 [140221053122304] INFO perfrun.perfcollector <> - format: filter_c6: config1:61, mask:61
333 [140221053122304] INFO perfrun.perfcollector <> - format: edge: config:18, mask:18
333 [140221053122304] INFO perfrun.perfcollector <> - format: filter_isoc: config1:63, mask:63
334 [140221053122304] INFO perfrun.perfcollector <> - format: filter_tid: config1:0-5, mask:0-5
334 [140221053122304] INFO perfrun.perfcollector <> - format: filter_nid: config1:32-47, mask:32-47
334 [140221053122304] INFO perfrun.perfcollector <> - format: filter_nc: config1:62, mask:62
334 [140221053122304] INFO perfrun.perfcollector <> - format: umask: config:8-15, mask:8-15
334 [140221053122304] INFO perfrun.perfcollector <> - format: tid_en: config:19, mask:19
334 [140221053122304] INFO perfrun.perfcollector <> - format: thresh: config:24-31, mask:24-31
334 [140221053122304] INFO perfrun.perfcollector <> - format: filter_state: config1:17-23, mask:17-23
334 [140221053122304] INFO perfrun.perfcollector <> - format: filter_opc: config1:52-60, mask:52-60
334 [140221053122304] INFO perfrun.perfcollector <> - hwInfo: PERF_CBOX_PMU_DETAILS
334 [140221053122304] INFO perfrun.perfcollector <> - pmu caps: raw,format
334 [140221053122304] INFO perfrun.perfcollector <> - pmu added: uncore_cbox, idx: 11
334 [140221053122304] INFO perfrun.perfcollector <> - dir found: /sys/bus/event_source/devices/uncore_cbox_4
334 [140221053122304] INFO perfrun.perfcollector <> - format: event: config:0-7, mask:0-7
334 [140221053122304] INFO perfrun.perfcollector <> - format: filter_link: config1:6-8, mask:6-8
334 [140221053122304] INFO perfrun.perfcollector <> - format: filter_c6: config1:61, mask:61
334 [140221053122304] INFO perfrun.perfcollector <> - format: edge: config:18, mask:18
334 [140221053122304] INFO perfrun.perfcollector <> - format: filter_isoc: config1:63, mask:63
334 [140221053122304] INFO perfrun.perfcollector <> - format: filter_tid: config1:0-5, mask:0-5
334 [140221053122304] INFO perfrun.perfcollector <> - format: filter_nid: config1:32-47, mask:32-47
334 [140221053122304] INFO perfrun.perfcollector <> - format: filter_nc: config1:62, mask:62
334 [140221053122304] INFO perfrun.perfcollector <> - format: umask: config:8-15, mask:8-15
334 [140221053122304] INFO perfrun.perfcollector <> - format: tid_en: config:19, mask:19
335 [140221053122304] INFO perfrun.perfcollector <> - format: thresh: config:24-31, mask:24-31
335 [140221053122304] INFO perfrun.perfcollector <> - format: filter_state: config1:17-23, mask:17-23
335 [140221053122304] INFO perfrun.perfcollector <> - format: filter_opc: config1:52-60, mask:52-60
335 [140221053122304] INFO perfrun.perfcollector <> - hwInfo: PERF_CBOX_PMU_DETAILS
335 [140221053122304] INFO perfrun.perfcollector <> - pmu caps: raw,format
335 [140221053122304] INFO perfrun.perfcollector <> - pmu added: uncore_cbox, idx: 4
335 [140221053122304] INFO perfrun.perfcollector <> - dir found: /sys/bus/event_source/devices/uprobe
335 [140221053122304] INFO perfrun.perfcollector <> - format: retprobe: config:0, mask:0
335 [140221053122304] INFO perfrun.perfcollector <> - hwInfo: not set, pmuFam: uprobe
335 [140221053122304] INFO perfrun.perfcollector <> - pmu caps: raw,format
335 [140221053122304] INFO perfrun.perfcollector <> - pmu added: uprobe, idx: 0
335 [140221053122304] INFO perfrun.perfcollector <> - dir found: /sys/bus/event_source/devices/cpu
335 [140221053122304] INFO perfrun.perfcollector <> - format: event: config:0-7, mask:0-7
335 [140221053122304] INFO perfrun.perfcollector <> - format: pc: config:19, mask:19
335 [140221053122304] INFO perfrun.perfcollector <> - format: in_tx: config:32, mask:32
335 [140221053122304] INFO perfrun.perfcollector <> - format: edge: config:18, mask:18
335 [140221053122304] INFO perfrun.perfcollector <> - format: any: config:21, mask:21
335 [140221053122304] INFO perfrun.perfcollector <> - format: offcore_rsp: config1:0-63, mask:0-63
335 [140221053122304] INFO perfrun.perfcollector <> - format: in_tx_cp: config:33, mask:33
335 [140221053122304] INFO perfrun.perfcollector <> - format: ldlat: config1:0-15, mask:0-15
335 [140221053122304] INFO perfrun.perfcollector <> - format: inv: config:23, mask:23
335 [140221053122304] INFO perfrun.perfcollector <> - format: umask: config:8-15, mask:8-15
335 [140221053122304] INFO perfrun.perfcollector <> - format: cmask: config:24-31, mask:24-31
335 [140221053122304] INFO perfrun.perfcollector <> - hwInfo: PERF_CPU_PMU_DETAILS
335 [140221053122304] INFO perfrun.perfcollector <> - pmu caps: raw,format,events,ldlat,offcore_rsp
335 [140221053122304] INFO perfrun.perfcollector <> - pmu added: cpu, idx: 0
336 [140221053122304] INFO perfrun.perfcollector <> - dir found: /sys/bus/event_source/devices/uncore_r3qpi_0
336 [140221053122304] INFO perfrun.perfcollector <> - format: event: config:0-7, mask:0-7
336 [140221053122304] INFO perfrun.perfcollector <> - format: edge: config:18, mask:18
336 [140221053122304] INFO perfrun.perfcollector <> - format: inv: config:23, mask:23
336 [140221053122304] INFO perfrun.perfcollector <> - format: umask: config:8-15, mask:8-15
336 [140221053122304] INFO perfrun.perfcollector <> - format: thresh: config:24-31, mask:24-31
336 [140221053122304] INFO perfrun.perfcollector <> - hwInfo: not set, pmuFam: uncore_r3qpi
336 [140221053122304] INFO perfrun.perfcollector <> - pmu caps: raw,format
336 [140221053122304] INFO perfrun.perfcollector <> - pmu added: uncore_r3qpi, idx: 0
336 [140221053122304] INFO perfrun.perfcollector <> - dir found: /sys/bus/event_source/devices/cstate_core
336 [140221053122304] INFO perfrun.perfcollector <> - format: event: config:0-63, mask:0-63
336 [140221053122304] INFO perfrun.perfcollector <> - hwInfo: not set, pmuFam: cstate_core
336 [140221053122304] INFO perfrun.perfcollector <> - pmu caps: raw,format,events
336 [140221053122304] INFO perfrun.perfcollector <> - pmu added: cstate_core, idx: 0
336 [140221053122304] INFO perfrun.perfcollector <> - dir found: /sys/bus/event_source/devices/uncore_cbox_2
336 [140221053122304] INFO perfrun.perfcollector <> - format: event: config:0-7, mask:0-7
336 [140221053122304] INFO perfrun.perfcollector <> - format: filter_link: config1:6-8, mask:6-8
336 [140221053122304] INFO perfrun.perfcollector <> - format: filter_c6: config1:61, mask:61
336 [140221053122304] INFO perfrun.perfcollector <> - format: edge: config:18, mask:18
336 [140221053122304] INFO perfrun.perfcollector <> - format: filter_isoc: config1:63, mask:63
336 [140221053122304] INFO perfrun.perfcollector <> - format: filter_tid: config1:0-5, mask:0-5
336 [140221053122304] INFO perfrun.perfcollector <> - format: filter_nid: config1:32-47, mask:32-47
336 [140221053122304] INFO perfrun.perfcollector <> - format: filter_nc: config1:62, mask:62
337 [140221053122304] INFO perfrun.perfcollector <> - format: umask: config:8-15, mask:8-15
337 [140221053122304] INFO perfrun.perfcollector <> - format: tid_en: config:19, mask:19
337 [140221053122304] INFO perfrun.perfcollector <> - format: thresh: config:24-31, mask:24-31
337 [140221053122304] INFO perfrun.perfcollector <> - format: filter_state: config1:17-23, mask:17-23
337 [140221053122304] INFO perfrun.perfcollector <> - format: filter_opc: config1:52-60, mask:52-60
337 [140221053122304] INFO perfrun.perfcollector <> - hwInfo: PERF_CBOX_PMU_DETAILS
337 [140221053122304] INFO perfrun.perfcollector <> - pmu caps: raw,format
337 [140221053122304] INFO perfrun.perfcollector <> - pmu added: uncore_cbox, idx: 2
337 [140221053122304] INFO perfrun.perfcollector <> - dir found: /sys/bus/event_source/devices/breakpoint
337 [140221053122304] INFO perfrun.perfcollector <> - format: pmu format subdir doesn't exist
337 [140221053122304] INFO perfrun.perfcollector <> - hwInfo: not set, pmuFam: breakpoint
337 [140221053122304] INFO perfrun.perfcollector <> - pmu added: breakpoint, idx: 0
337 [140221053122304] INFO perfrun.perfcollector <> - dir found: /sys/bus/event_source/devices/uncore_ha_0
337 [140221053122304] INFO perfrun.perfcollector <> - format: event: config:0-7, mask:0-7
337 [140221053122304] INFO perfrun.perfcollector <> - format: edge: config:18, mask:18
337 [140221053122304] INFO perfrun.perfcollector <> - format: inv: config:23, mask:23
337 [140221053122304] INFO perfrun.perfcollector <> - format: umask: config:8-15, mask:8-15
337 [140221053122304] INFO perfrun.perfcollector <> - format: thresh: config:24-31, mask:24-31
337 [140221053122304] INFO perfrun.perfcollector <> - hwInfo: not set, pmuFam: uncore_ha
337 [140221053122304] INFO perfrun.perfcollector <> - pmu caps: raw,format
337 [140221053122304] INFO perfrun.perfcollector <> - pmu added: uncore_ha, idx: 0
337 [140221053122304] INFO perfrun.perfcollector <> - dir found: /sys/bus/event_source/devices/uncore_cbox_0
337 [140221053122304] INFO perfrun.perfcollector <> - format: event: config:0-7, mask:0-7
337 [140221053122304] INFO perfrun.perfcollector <> - format: filter_link: config1:6-8, mask:6-8
337 [140221053122304] INFO perfrun.perfcollector <> - format: filter_c6: config1:61, mask:61
337 [140221053122304] INFO perfrun.perfcollector <> - format: edge: config:18, mask:18
338 [140221053122304] INFO perfrun.perfcollector <> - format: filter_isoc: config1:63, mask:63
338 [140221053122304] INFO perfrun.perfcollector <> - format: filter_tid: config1:0-5, mask:0-5
338 [140221053122304] INFO perfrun.perfcollector <> - format: filter_nid: config1:32-47, mask:32-47
338 [140221053122304] INFO perfrun.perfcollector <> - format: filter_nc: config1:62, mask:62
338 [140221053122304] INFO perfrun.perfcollector <> - format: umask: config:8-15, mask:8-15
338 [140221053122304] INFO perfrun.perfcollector <> - format: tid_en: config:19, mask:19
338 [140221053122304] INFO perfrun.perfcollector <> - format: thresh: config:24-31, mask:24-31
338 [140221053122304] INFO perfrun.perfcollector <> - format: filter_state: config1:17-23, mask:17-23
338 [140221053122304] INFO perfrun.perfcollector <> - format: filter_opc: config1:52-60, mask:52-60
338 [140221053122304] INFO perfrun.perfcollector <> - hwInfo: PERF_CBOX_PMU_DETAILS
338 [140221053122304] INFO perfrun.perfcollector <> - pmu caps: raw,format
338 [140221053122304] INFO perfrun.perfcollector <> - pmu added: uncore_cbox, idx: 0
338 [140221053122304] INFO perfrun.perfcollector <> - dir found: /sys/bus/event_source/devices/tracepoint
338 [140221053122304] INFO perfrun.perfcollector <> - format: pmu format subdir doesn't exist
338 [140221053122304] INFO perfrun.perfcollector <> - hwInfo: not set, pmuFam: tracepoint
338 [140221053122304] INFO perfrun.perfcollector <> - pmu added: tracepoint, idx: 0
338 [140221053122304] INFO perfrun.perfcollector <> - dir found: /sys/bus/event_source/devices/uncore_sbox_3
338 [140221053122304] INFO perfrun.perfcollector <> - format: event: config:0-7, mask:0-7
338 [140221053122304] INFO perfrun.perfcollector <> - format: edge: config:18, mask:18
338 [140221053122304] INFO perfrun.perfcollector <> - format: inv: config:23, mask:23
338 [140221053122304] INFO perfrun.perfcollector <> - format: umask: config:8-15, mask:8-15
338 [140221053122304] INFO perfrun.perfcollector <> - format: tid_en: config:19, mask:19
338 [140221053122304] INFO perfrun.perfcollector <> - format: thresh: config:24-31, mask:24-31
338 [140221053122304] INFO perfrun.perfcollector <> - hwInfo: not set, pmuFam: uncore_sbox
338 [140221053122304] INFO perfrun.perfcollector <> - pmu caps: raw,format
338 [140221053122304] INFO perfrun.perfcollector <> - pmu added: uncore_sbox, idx: 3
338 [140221053122304] INFO perfrun.perfcollector <> - dir found: /sys/bus/event_source/devices/uncore_cbox_9
339 [140221053122304] INFO perfrun.perfcollector <> - format: event: config:0-7, mask:0-7
339 [140221053122304] INFO perfrun.perfcollector <> - format: filter_link: config1:6-8, mask:6-8
339 [140221053122304] INFO perfrun.perfcollector <> - format: filter_c6: config1:61, mask:61
339 [140221053122304] INFO perfrun.perfcollector <> - format: edge: config:18, mask:18
339 [140221053122304] INFO perfrun.perfcollector <> - format: filter_isoc: config1:63, mask:63
339 [140221053122304] INFO perfrun.perfcollector <> - format: filter_tid: config1:0-5, mask:0-5
339 [140221053122304] INFO perfrun.perfcollector <> - format: filter_nid: config1:32-47, mask:32-47
339 [140221053122304] INFO perfrun.perfcollector <> - format: filter_nc: config1:62, mask:62
339 [140221053122304] INFO perfrun.perfcollector <> - format: umask: config:8-15, mask:8-15
339 [140221053122304] INFO perfrun.perfcollector <> - format: tid_en: config:19, mask:19
339 [140221053122304] INFO perfrun.perfcollector <> - format: thresh: config:24-31, mask:24-31
339 [140221053122304] INFO perfrun.perfcollector <> - format: filter_state: config1:17-23, mask:17-23
339 [140221053122304] INFO perfrun.perfcollector <> - format: filter_opc: config1:52-60, mask:52-60
339 [140221053122304] INFO perfrun.perfcollector <> - hwInfo: PERF_CBOX_PMU_DETAILS
339 [140221053122304] INFO perfrun.perfcollector <> - pmu caps: raw,format
339 [140221053122304] INFO perfrun.perfcollector <> - pmu added: uncore_cbox, idx: 9
339 [140221053122304] INFO perfrun.perfcollector <> - dir found: /sys/bus/event_source/devices/cstate_pkg
339 [140221053122304] INFO perfrun.perfcollector <> - format: event: config:0-63, mask:0-63
339 [140221053122304] INFO perfrun.perfcollector <> - hwInfo: not set, pmuFam: cstate_pkg
339 [140221053122304] INFO perfrun.perfcollector <> - pmu caps: raw,format,events
339 [140221053122304] INFO perfrun.perfcollector <> - pmu added: cstate_pkg, idx: 0
339 [140221053122304] INFO perfrun.perfcollector <> - dir found: /sys/bus/event_source/devices/uncore_imc_4
339 [140221053122304] INFO perfrun.perfcollector <> - format: event: config:0-7, mask:0-7
340 [140221053122304] INFO perfrun.perfcollector <> - format: edge: config:18, mask:18
340 [140221053122304] INFO perfrun.perfcollector <> - format: inv: config:23, mask:23
340 [140221053122304] INFO perfrun.perfcollector <> - format: umask: config:8-15, mask:8-15
340 [140221053122304] INFO perfrun.perfcollector <> - format: thresh: config:24-31, mask:24-31
340 [140221053122304] INFO perfrun.perfcollector <> - hwInfo: PERF_IMC_PMU_DETAILS
340 [140221053122304] INFO perfrun.perfcollector <> - pmu caps: raw,format,events
340 [140221053122304] INFO perfrun.perfcollector <> - pmu added: uncore_imc, idx: 4
340 [140221053122304] INFO perfrun.perfcollector <> - dir found: /sys/bus/event_source/devices/uncore_ubox
340 [140221053122304] INFO perfrun.perfcollector <> - format: event: config:0-7, mask:0-7
340 [140221053122304] INFO perfrun.perfcollector <> - format: edge: config:18, mask:18
340 [140221053122304] INFO perfrun.perfcollector <> - format: inv: config:23, mask:23
340 [140221053122304] INFO perfrun.perfcollector <> - format: umask: config:8-15, mask:8-15
340 [140221053122304] INFO perfrun.perfcollector <> - format: thresh: config:24-28, mask:24-28
340 [140221053122304] INFO perfrun.perfcollector <> - hwInfo: not set, pmuFam: uncore_ubox
340 [140221053122304] INFO perfrun.perfcollector <> - pmu caps: raw,format
340 [140221053122304] INFO perfrun.perfcollector <> - pmu added: uncore_ubox, idx: 0
340 [140221053122304] INFO perfrun.perfcollector <> - dir found: /sys/bus/event_source/devices/uncore_sbox_1
340 [140221053122304] INFO perfrun.perfcollector <> - format: event: config:0-7, mask:0-7
340 [140221053122304] INFO perfrun.perfcollector <> - format: edge: config:18, mask:18
340 [140221053122304] INFO perfrun.perfcollector <> - format: inv: config:23, mask:23
340 [140221053122304] INFO perfrun.perfcollector <> - format: umask: config:8-15, mask:8-15
340 [140221053122304] INFO perfrun.perfcollector <> - format: tid_en: config:19, mask:19
340 [140221053122304] INFO perfrun.perfcollector <> - format: thresh: config:24-31, mask:24-31
340 [140221053122304] INFO perfrun.perfcollector <> - hwInfo: not set, pmuFam: uncore_sbox
341 [140221053122304] INFO perfrun.perfcollector <> - pmu caps: raw,format
341 [140221053122304] INFO perfrun.perfcollector <> - pmu added: uncore_sbox, idx: 1
341 [140221053122304] INFO perfrun.perfcollector <> - dir found: /sys/bus/event_source/devices/uncore_cbox_7
341 [140221053122304] INFO perfrun.perfcollector <> - format: event: config:0-7, mask:0-7
341 [140221053122304] INFO perfrun.perfcollector <> - format: filter_link: config1:6-8, mask:6-8
341 [140221053122304] INFO perfrun.perfcollector <> - format: filter_c6: config1:61, mask:61
341 [140221053122304] INFO perfrun.perfcollector <> - format: edge: config:18, mask:18
341 [140221053122304] INFO perfrun.perfcollector <> - format: filter_isoc: config1:63, mask:63
341 [140221053122304] INFO perfrun.perfcollector <> - format: filter_tid: config1:0-5, mask:0-5
341 [140221053122304] INFO perfrun.perfcollector <> - format: filter_nid: config1:32-47, mask:32-47
341 [140221053122304] INFO perfrun.perfcollector <> - format: filter_nc: config1:62, mask:62
341 [140221053122304] INFO perfrun.perfcollector <> - format: umask: config:8-15, mask:8-15
341 [140221053122304] INFO perfrun.perfcollector <> - format: tid_en: config:19, mask:19
341 [140221053122304] INFO perfrun.perfcollector <> - format: thresh: config:24-31, mask:24-31
341 [140221053122304] INFO perfrun.perfcollector <> - format: filter_state: config1:17-23, mask:17-23
341 [140221053122304] INFO perfrun.perfcollector <> - format: filter_opc: config1:52-60, mask:52-60
341 [140221053122304] INFO perfrun.perfcollector <> - hwInfo: PERF_CBOX_PMU_DETAILS
341 [140221053122304] INFO perfrun.perfcollector <> - pmu caps: raw,format
341 [140221053122304] INFO perfrun.perfcollector <> - pmu added: uncore_cbox, idx: 7
341 [140221053122304] INFO perfrun.perfcollector <> - dir found: /sys/bus/event_source/devices/uncore_cbox_12
341 [140221053122304] INFO perfrun.perfcollector <> - format: event: config:0-7, mask:0-7
341 [140221053122304] INFO perfrun.perfcollector <> - format: filter_link: config1:6-8, mask:6-8
341 [140221053122304] INFO perfrun.perfcollector <> - format: filter_c6: config1:61, mask:61
342 [140221053122304] INFO perfrun.perfcollector <> - format: edge: config:18, mask:18
342 [140221053122304] INFO perfrun.perfcollector <> - format: filter_isoc: config1:63, mask:63
342 [140221053122304] INFO perfrun.perfcollector <> - format: filter_tid: config1:0-5, mask:0-5
342 [140221053122304] INFO perfrun.perfcollector <> - format: filter_nid: config1:32-47, mask:32-47
342 [140221053122304] INFO perfrun.perfcollector <> - format: filter_nc: config1:62, mask:62
342 [140221053122304] INFO perfrun.perfcollector <> - format: umask: config:8-15, mask:8-15
342 [140221053122304] INFO perfrun.perfcollector <> - format: tid_en: config:19, mask:19
342 [140221053122304] INFO perfrun.perfcollector <> - format: thresh: config:24-31, mask:24-31
342 [140221053122304] INFO perfrun.perfcollector <> - format: filter_state: config1:17-23, mask:17-23
342 [140221053122304] INFO perfrun.perfcollector <> - format: filter_opc: config1:52-60, mask:52-60
342 [140221053122304] INFO perfrun.perfcollector <> - hwInfo: PERF_CBOX_PMU_DETAILS
342 [140221053122304] INFO perfrun.perfcollector <> - pmu caps: raw,format
342 [140221053122304] INFO perfrun.perfcollector <> - pmu added: uncore_cbox, idx: 12
342 [140221053122304] INFO perfrun.perfcollector <> - dir found: /sys/bus/event_source/devices/kprobe
342 [140221053122304] INFO perfrun.perfcollector <> - format: retprobe: config:0, mask:0
342 [140221053122304] INFO perfrun.perfcollector <> - hwInfo: not set, pmuFam: kprobe
342 [140221053122304] INFO perfrun.perfcollector <> - pmu caps: raw,format
342 [140221053122304] INFO perfrun.perfcollector <> - pmu added: kprobe, idx: 0
342 [140221053122304] INFO perfrun.perfcollector <> - dir found: /sys/bus/event_source/devices/uncore_cbox_5
342 [140221053122304] INFO perfrun.perfcollector <> - format: event: config:0-7, mask:0-7
342 [140221053122304] INFO perfrun.perfcollector <> - format: filter_link: config1:6-8, mask:6-8
342 [140221053122304] INFO perfrun.perfcollector <> - format: filter_c6: config1:61, mask:61
342 [140221053122304] INFO perfrun.perfcollector <> - format: edge: config:18, mask:18
342 [140221053122304] INFO perfrun.perfcollector <> - format: filter_isoc: config1:63, mask:63
343 [140221053122304] INFO perfrun.perfcollector <> - format: filter_tid: config1:0-5, mask:0-5
343 [140221053122304] INFO perfrun.perfcollector <> - format: filter_nid: config1:32-47, mask:32-47
343 [140221053122304] INFO perfrun.perfcollector <> - format: filter_nc: config1:62, mask:62
343 [140221053122304] INFO perfrun.perfcollector <> - format: umask: config:8-15, mask:8-15
343 [140221053122304] INFO perfrun.perfcollector <> - format: tid_en: config:19, mask:19
343 [140221053122304] INFO perfrun.perfcollector <> - format: thresh: config:24-31, mask:24-31
343 [140221053122304] INFO perfrun.perfcollector <> - format: filter_state: config1:17-23, mask:17-23
343 [140221053122304] INFO perfrun.perfcollector <> - format: filter_opc: config1:52-60, mask:52-60
343 [140221053122304] INFO perfrun.perfcollector <> - hwInfo: PERF_CBOX_PMU_DETAILS
343 [140221053122304] INFO perfrun.perfcollector <> - pmu caps: raw,format
343 [140221053122304] INFO perfrun.perfcollector <> - pmu added: uncore_cbox, idx: 5
343 [140221053122304] INFO perfrun.perfcollector <> - dir found: /sys/bus/event_source/devices/uncore_imc_0
343 [140221053122304] INFO perfrun.perfcollector <> - format: event: config:0-7, mask:0-7
343 [140221053122304] INFO perfrun.perfcollector <> - format: edge: config:18, mask:18
343 [140221053122304] INFO perfrun.perfcollector <> - format: inv: config:23, mask:23
343 [140221053122304] INFO perfrun.perfcollector <> - format: umask: config:8-15, mask:8-15
343 [140221053122304] INFO perfrun.perfcollector <> - format: thresh: config:24-31, mask:24-31
343 [140221053122304] INFO perfrun.perfcollector <> - hwInfo: PERF_IMC_PMU_DETAILS
343 [140221053122304] INFO perfrun.perfcollector <> - pmu caps: raw,format,events
343 [140221053122304] INFO perfrun.perfcollector <> - pmu added: uncore_imc, idx: 0
343 [140221053122304] INFO perfrun.perfcollector <> - dir found: /sys/bus/event_source/devices/uncore_cbox_10
343 [140221053122304] INFO perfrun.perfcollector <> - format: event: config:0-7, mask:0-7
343 [140221053122304] INFO perfrun.perfcollector <> - format: filter_link: config1:6-8, mask:6-8
343 [140221053122304] INFO perfrun.perfcollector <> - format: filter_c6: config1:61, mask:61
344 [140221053122304] INFO perfrun.perfcollector <> - format: edge: config:18, mask:18
344 [140221053122304] INFO perfrun.perfcollector <> - format: filter_isoc: config1:63, mask:63
344 [140221053122304] INFO perfrun.perfcollector <> - format: filter_tid: config1:0-5, mask:0-5
344 [140221053122304] INFO perfrun.perfcollector <> - format: filter_nid: config1:32-47, mask:32-47
344 [140221053122304] INFO perfrun.perfcollector <> - format: filter_nc: config1:62, mask:62
344 [140221053122304] INFO perfrun.perfcollector <> - format: umask: config:8-15, mask:8-15
344 [140221053122304] INFO perfrun.perfcollector <> - format: tid_en: config:19, mask:19
344 [140221053122304] INFO perfrun.perfcollector <> - format: thresh: config:24-31, mask:24-31
344 [140221053122304] INFO perfrun.perfcollector <> - format: filter_state: config1:17-23, mask:17-23
344 [140221053122304] INFO perfrun.perfcollector <> - format: filter_opc: config1:52-60, mask:52-60
344 [140221053122304] INFO perfrun.perfcollector <> - hwInfo: PERF_CBOX_PMU_DETAILS
344 [140221053122304] INFO perfrun.perfcollector <> - pmu caps: raw,format
344 [140221053122304] INFO perfrun.perfcollector <> - pmu added: uncore_cbox, idx: 10
344 [140221053122304] INFO perfrun.perfcollector <> - dir found: /sys/bus/event_source/devices/uncore_pcu
344 [140221053122304] INFO perfrun.perfcollector <> - format: filter_band2: config1:16-23, mask:16-23
344 [140221053122304] INFO perfrun.perfcollector <> - format: event: config:0-7, mask:0-7
344 [140221053122304] INFO perfrun.perfcollector <> - format: filter_band0: config1:0-7, mask:0-7
344 [140221053122304] INFO perfrun.perfcollector <> - format: edge: config:18, mask:18
344 [140221053122304] INFO perfrun.perfcollector <> - format: occ_invert: config:30, mask:30
344 [140221053122304] INFO perfrun.perfcollector <> - format: occ_edge: config:14-51, mask:14-51
344 [140221053122304] INFO perfrun.perfcollector <> - format: filter_band3: config1:24-31, mask:24-31
344 [140221053122304] INFO perfrun.perfcollector <> - format: filter_band1: config1:8-15, mask:8-15
345 [140221053122304] INFO perfrun.perfcollector <> - format: inv: config:23, mask:23
345 [140221053122304] INFO perfrun.perfcollector <> - format: thresh: config:24-28, mask:24-28
345 [140221053122304] INFO perfrun.perfcollector <> - format: occ_sel: config:14-15, mask:14-15
345 [140221053122304] INFO perfrun.perfcollector <> - hwInfo: not set, pmuFam: uncore_pcu
345 [140221053122304] INFO perfrun.perfcollector <> - pmu caps: raw,format
345 [140221053122304] INFO perfrun.perfcollector <> - pmu added: uncore_pcu, idx: 0
345 [140221053122304] INFO perfrun.perfcollector <> - dir found: /sys/bus/event_source/devices/uncore_r3qpi_1
345 [140221053122304] INFO perfrun.perfcollector <> - format: event: config:0-7, mask:0-7
345 [140221053122304] INFO perfrun.perfcollector <> - format: edge: config:18, mask:18
345 [140221053122304] INFO perfrun.perfcollector <> - format: inv: config:23, mask:23
345 [140221053122304] INFO perfrun.perfcollector <> - format: umask: config:8-15, mask:8-15
345 [140221053122304] INFO perfrun.perfcollector <> - format: thresh: config:24-31, mask:24-31
345 [140221053122304] INFO perfrun.perfcollector <> - hwInfo: not set, pmuFam: uncore_r3qpi
345 [140221053122304] INFO perfrun.perfcollector <> - pmu caps: raw,format
345 [140221053122304] INFO perfrun.perfcollector <> - pmu added: uncore_r3qpi, idx: 1
345 [140221053122304] INFO perfrun.perfcollector <> - dir found: /sys/bus/event_source/devices/msr
345 [140221053122304] INFO perfrun.perfcollector <> - format: event: config:0-63, mask:0-63
345 [140221053122304] INFO perfrun.perfcollector <> - hwInfo: not set, pmuFam: msr
345 [140221053122304] INFO perfrun.perfcollector <> - pmu caps: raw,format,events
345 [140221053122304] INFO perfrun.perfcollector <> - pmu added: msr, idx: 0
345 [140221053122304] INFO perfrun.perfcollector <> - dir found: /sys/bus/event_source/devices/uncore_cbox_3
345 [140221053122304] INFO perfrun.perfcollector <> - format: event: config:0-7, mask:0-7
345 [140221053122304] INFO perfrun.perfcollector <> - format: filter_link: config1:6-8, mask:6-8
345 [140221053122304] INFO perfrun.perfcollector <> - format: filter_c6: config1:61, mask:61
345 [140221053122304] INFO perfrun.perfcollector <> - format: edge: config:18, mask:18
346 [140221053122304] INFO perfrun.perfcollector <> - format: filter_isoc: config1:63, mask:63
346 [140221053122304] INFO perfrun.perfcollector <> - format: filter_tid: config1:0-5, mask:0-5
346 [140221053122304] INFO perfrun.perfcollector <> - format: filter_nid: config1:32-47, mask:32-47
346 [140221053122304] INFO perfrun.perfcollector <> - format: filter_nc: config1:62, mask:62
346 [140221053122304] INFO perfrun.perfcollector <> - format: umask: config:8-15, mask:8-15
346 [140221053122304] INFO perfrun.perfcollector <> - format: tid_en: config:19, mask:19
346 [140221053122304] INFO perfrun.perfcollector <> - format: thresh: config:24-31, mask:24-31
346 [140221053122304] INFO perfrun.perfcollector <> - format: filter_state: config1:17-23, mask:17-23
346 [140221053122304] INFO perfrun.perfcollector <> - format: filter_opc: config1:52-60, mask:52-60
346 [140221053122304] INFO perfrun.perfcollector <> - hwInfo: PERF_CBOX_PMU_DETAILS
346 [140221053122304] INFO perfrun.perfcollector <> - pmu caps: raw,format
346 [140221053122304] INFO perfrun.perfcollector <> - pmu added: uncore_cbox, idx: 3
346 [140221053122304] INFO perfrun.perfcollector <> - dir found: /sys/bus/event_source/devices/intel_pt
346 [140221053122304] INFO perfrun.perfcollector <> - format: ptw: config:12, mask:12
346 [140221053122304] INFO perfrun.perfcollector <> - format: event: config:31, mask:31
346 [140221053122304] INFO perfrun.perfcollector <> - format: cyc_thresh: config:19-22, mask:19-22
346 [140221053122304] INFO perfrun.perfcollector <> - format: pt: config:0, mask:0
346 [140221053122304] INFO perfrun.perfcollector <> - format: notnt: config:55, mask:55
346 [140221053122304] INFO perfrun.perfcollector <> - format: branch: config:13, mask:13
346 [140221053122304] INFO perfrun.perfcollector <> - format: tsc: config:10, mask:10
346 [140221053122304] INFO perfrun.perfcollector <> - format: pwr_evt: config:4, mask:4
347 [140221053122304] INFO perfrun.perfcollector <> - format: fup_on_ptw: config:5, mask:5
347 [140221053122304] INFO perfrun.perfcollector <> - format: cyc: config:1, mask:1
347 [140221053122304] INFO perfrun.perfcollector <> - format: noretcomp: config:11, mask:11
347 [140221053122304] INFO perfrun.perfcollector <> - format: mtc: config:9, mask:9
347 [140221053122304] INFO perfrun.perfcollector <> - format: psb_period: config:24-27, mask:24-27
347 [140221053122304] INFO perfrun.perfcollector <> - format: mtc_period: config:14-17, mask:14-17
347 [140221053122304] INFO perfrun.perfcollector <> - hwInfo: not set, pmuFam: intel_pt
347 [140221053122304] INFO perfrun.perfcollector <> - pmu caps: raw,format
347 [140221053122304] INFO perfrun.perfcollector <> - pmu added: intel_pt, idx: 0
347 [140221053122304] INFO perfrun.perfcollector <> - dir found: /sys/bus/event_source/devices/uncore_ha_1
347 [140221053122304] INFO perfrun.perfcollector <> - format: event: config:0-7, mask:0-7
347 [140221053122304] INFO perfrun.perfcollector <> - format: edge: config:18, mask:18
347 [140221053122304] INFO perfrun.perfcollector <> - format: inv: config:23, mask:23
347 [140221053122304] INFO perfrun.perfcollector <> - format: umask: config:8-15, mask:8-15
347 [140221053122304] INFO perfrun.perfcollector <> - format: thresh: config:24-31, mask:24-31
347 [140221053122304] INFO perfrun.perfcollector <> - hwInfo: not set, pmuFam: uncore_ha
347 [140221053122304] INFO perfrun.perfcollector <> - pmu caps: raw,format
347 [140221053122304] INFO perfrun.perfcollector <> - pmu added: uncore_ha, idx: 1
347 [140221053122304] INFO perfrun.perfcollector <> - dir found: /sys/bus/event_source/devices/uncore_cbox_1
347 [140221053122304] INFO perfrun.perfcollector <> - format: event: config:0-7, mask:0-7
347 [140221053122304] INFO perfrun.perfcollector <> - format: filter_link: config1:6-8, mask:6-8
347 [140221053122304] INFO perfrun.perfcollector <> - format: filter_c6: config1:61, mask:61
347 [140221053122304] INFO perfrun.perfcollector <> - format: edge: config:18, mask:18
348 [140221053122304] INFO perfrun.perfcollector <> - format: filter_isoc: config1:63, mask:63
348 [140221053122304] INFO perfrun.perfcollector <> - format: filter_tid: config1:0-5, mask:0-5
348 [140221053122304] INFO perfrun.perfcollector <> - format: filter_nid: config1:32-47, mask:32-47
348 [140221053122304] INFO perfrun.perfcollector <> - format: filter_nc: config1:62, mask:62
348 [140221053122304] INFO perfrun.perfcollector <> - format: umask: config:8-15, mask:8-15
348 [140221053122304] INFO perfrun.perfcollector <> - format: tid_en: config:19, mask:19
348 [140221053122304] INFO perfrun.perfcollector <> - format: thresh: config:24-31, mask:24-31
348 [140221053122304] INFO perfrun.perfcollector <> - format: filter_state: config1:17-23, mask:17-23
348 [140221053122304] INFO perfrun.perfcollector <> - format: filter_opc: config1:52-60, mask:52-60
348 [140221053122304] INFO perfrun.perfcollector <> - hwInfo: PERF_CBOX_PMU_DETAILS
348 [140221053122304] INFO perfrun.perfcollector <> - pmu caps: raw,format
348 [140221053122304] INFO perfrun.perfcollector <> - pmu added: uncore_cbox, idx: 1
348 [140221053122304] INFO perfrun.perfcollector <> - Perf tool path: /opt/intel/oneapi/vtune/2024.2/bin64/amplxe-perf
348 [140221053122304] INFO perfrun.perfcollector <> - Data directory: /tmp/amplxe-tmp-dragos.boncan/amplxe-res-3375986-47560556594365424/data.0
348 [140221053122304] INFO perfrun.perfcollector <> - Temp directory: /tmp/amplxe-tmp-dragos.boncan
348 [140221053122304] INFO perfrun.perfcollector <> - Perf sync path: /opt/intel/oneapi/vtune/2024.2/bin64/amplxe-perf-sync
348 [140221053122304] INFO perfrun.perfcollector <> - Hypervisor = None
348 [140221053122304] INFO perfrun.perfcollector <> - Counting mode is requested
348 [140221053122304] WARN perfrun.launcher <> - Messenger::say: Only user space will be profiled due to credentials lack. Consider changing /proc/sys/kernel/perf_event_paranoid file for enabling kernel space profiling.
348 [140221053122304] INFO perfrun.perfcollector <> - Sample after multiplier: 1
348 [140221053122304] INFO perfrun.sdk <> - runCmd: /opt/intel/oneapi/vtune/2024.2/bin64/sep -dry-run -sam 1 -ec CPU_CLK_UNHALTED.THREAD,CPU_CLK_UNHALTED.REF_TSC:sample:sa=2400000,INST_RETIRED.ANY:sample:sa=2400000,CPU_CLK_UNHALTED.REF_XCLK,CPU_CLK_UNHALTED.ONE_THREAD_ACTIVE,FP_ARITH_INST_RETIRED.SCALAR_SINGLE,FP_ARITH_INST_RETIRED.128B_PACKED_SINGLE,FP_ARITH_INST_RETIRED.256B_PACKED_SINGLE,FP_ARITH_INST_RETIRED.SCALAR_DOUBLE,FP_ARITH_INST_RETIRED.128B_PACKED_DOUBLE,FP_ARITH_INST_RETIRED.256B_PACKED_DOUBLE,INST_RETIRED.X87,UOPS_RETIRED.RETIRE_SLOTS:sample:sa=2000003,UOPS_EXECUTED.THREAD -experimental
349 [140221053122304] INFO perfrun.sdk <> - runCmd started PID 3375990
382 [140221053122304] INFO perfrun.perfcollector <> - SepDryRun RC = true
382 [140221053122304] INFO perfrun.perfcollector <> - Loading SEP event configuration
382 [140221053122304] INFO perfrun.perfcollector <> - pmu: cpu
382 [140221053122304] INFO perfrun.perfcollector <> - group_id: 0
382 [140221053122304] INFO perfrun.perfcollector <> - event_id: 2: INST_RETIRED.ANY
382 [140221053122304] INFO perfrun.perfcollector <> - event_id: 0: CPU_CLK_UNHALTED.THREAD
382 [140221053122304] INFO perfrun.perfcollector <> - event_id: 1: CPU_CLK_UNHALTED.REF_TSC
383 [140221053122304] INFO perfrun.perfcollector <> - event_id: 3: CPU_CLK_UNHALTED.REF_XCLK
383 [140221053122304] INFO perfrun.perfcollector <> - event_id: 4: CPU_CLK_UNHALTED.ONE_THREAD_ACTIVE
383 [140221053122304] INFO perfrun.perfcollector <> - event_id: 5: FP_ARITH_INST_RETIRED.SCALAR_SINGLE
383 [140221053122304] INFO perfrun.perfcollector <> - event_id: 6: FP_ARITH_INST_RETIRED.128B_PACKED_SINGLE
383 [140221053122304] INFO perfrun.perfcollector <> - event_id: 3: cccr: addr: 186, value: 53013c
383 [140221053122304] INFO perfrun.perfcollector <> - event_id: 4: cccr: addr: 187, value: 53023c
383 [140221053122304] INFO perfrun.perfcollector <> - event_id: 5: cccr: addr: 188, value: 5302c7
383 [140221053122304] INFO perfrun.perfcollector <> - event_id: 6: cccr: addr: 189, value: 5308c7
383 [140221053122304] INFO perfrun.perfcollector <> - event_id: 2: data: addr: 309, value: ffffffffffdb6100
383 [140221053122304] INFO perfrun.perfcollector <> - event_id: 0: data: addr: 30a, value: ffffffffffe17b7d
383 [140221053122304] INFO perfrun.perfcollector <> - event_id: 1: data: addr: 30b, value: ffffffffffdb6100
383 [140221053122304] INFO perfrun.perfcollector <> - event_id: 3: data: addr: c1, value: fffffffffffe795d
383 [140221053122304] INFO perfrun.perfcollector <> - event_id: 4: data: addr: c2, value: fffffffffffe795d
383 [140221053122304] INFO perfrun.perfcollector <> - event_id: 5: data: addr: c3, value: ffffffffffe17b7d
383 [140221053122304] INFO perfrun.perfcollector <> - event_id: 6: data: addr: c4, value: ffffffffffe17b7d
383 [140221053122304] INFO perfrun.perfcollector <> - group_id: 1
383 [140221053122304] INFO perfrun.perfcollector <> - event_id: 2: INST_RETIRED.ANY
383 [140221053122304] INFO perfrun.perfcollector <> - event_id: 0: CPU_CLK_UNHALTED.THREAD
383 [140221053122304] INFO perfrun.perfcollector <> - event_id: 1: CPU_CLK_UNHALTED.REF_TSC
383 [140221053122304] INFO perfrun.perfcollector <> - event_id: 7: FP_ARITH_INST_RETIRED.256B_PACKED_SINGLE
383 [140221053122304] INFO perfrun.perfcollector <> - event_id: 8: FP_ARITH_INST_RETIRED.SCALAR_DOUBLE
383 [140221053122304] INFO perfrun.perfcollector <> - event_id: 9: FP_ARITH_INST_RETIRED.128B_PACKED_DOUBLE
383 [140221053122304] INFO perfrun.perfcollector <> - event_id: 10: FP_ARITH_INST_RETIRED.256B_PACKED_DOUBLE
383 [140221053122304] INFO perfrun.perfcollector <> - event_id: 7: cccr: addr: 186, value: 5320c7
383 [140221053122304] INFO perfrun.perfcollector <> - event_id: 8: cccr: addr: 187, value: 5301c7
383 [140221053122304] INFO perfrun.perfcollector <> - event_id: 9: cccr: addr: 188, value: 5304c7
383 [140221053122304] INFO perfrun.perfcollector <> - event_id: 10: cccr: addr: 189, value: 5310c7
383 [140221053122304] INFO perfrun.perfcollector <> - event_id: 2: data: addr: 309, value: ffffffffffdb6100
383 [140221053122304] INFO perfrun.perfcollector <> - event_id: 0: data: addr: 30a, value: ffffffffffe17b7d
383 [140221053122304] INFO perfrun.perfcollector <> - event_id: 1: data: addr: 30b, value: ffffffffffdb6100
383 [140221053122304] INFO perfrun.perfcollector <> - event_id: 7: data: addr: c1, value: ffffffffffe17b7d
383 [140221053122304] INFO perfrun.perfcollector <> - event_id: 8: data: addr: c2, value: ffffffffffe17b7d
383 [140221053122304] INFO perfrun.perfcollector <> - event_id: 9: data: addr: c3, value: ffffffffffe17b7d
383 [140221053122304] INFO perfrun.perfcollector <> - event_id: 10: data: addr: c4, value: ffffffffffe17b7d
383 [140221053122304] INFO perfrun.perfcollector <> - group_id: 2
383 [140221053122304] INFO perfrun.perfcollector <> - event_id: 2: INST_RETIRED.ANY
383 [140221053122304] INFO perfrun.perfcollector <> - event_id: 0: CPU_CLK_UNHALTED.THREAD
383 [140221053122304] INFO perfrun.perfcollector <> - event_id: 1: CPU_CLK_UNHALTED.REF_TSC
383 [140221053122304] INFO perfrun.perfcollector <> - event_id: 11: INST_RETIRED.X87
383 [140221053122304] INFO perfrun.perfcollector <> - event_id: 12: UOPS_RETIRED.RETIRE_SLOTS
383 [140221053122304] INFO perfrun.perfcollector <> - event_id: 13: UOPS_EXECUTED.THREAD
383 [140221053122304] INFO perfrun.perfcollector <> - event_id: 11: cccr: addr: 186, value: 5302c0
383 [140221053122304] INFO perfrun.perfcollector <> - event_id: 12: cccr: addr: 187, value: 5302c2
383 [140221053122304] INFO perfrun.perfcollector <> - event_id: 13: cccr: addr: 188, value: 5301b1
383 [140221053122304] INFO perfrun.perfcollector <> - event_id: 2: data: addr: 309, value: ffffffffffdb6100
383 [140221053122304] INFO perfrun.perfcollector <> - event_id: 0: data: addr: 30a, value: ffffffffffe17b7d
383 [140221053122304] INFO perfrun.perfcollector <> - event_id: 1: data: addr: 30b, value: ffffffffffdb6100
383 [140221053122304] INFO perfrun.perfcollector <> - event_id: 11: data: addr: c1, value: ffffffffffe17b7d
383 [140221053122304] INFO perfrun.perfcollector <> - event_id: 12: data: addr: c2, value: ffffffffffe17b7d
383 [140221053122304] INFO perfrun.perfcollector <> - event_id: 13: data: addr: c3, value: ffffffffffe17b7d
383 [140221053122304] INFO perfrun.perfcollector <> - Converting events to Perf format
383 [140221053122304] INFO perfrun.perfcollector <> - event: 0: CPU_CLK_UNHALTED.THREAD
383 [140221053122304] INFO perfrun.perfcollector <> - cccr: addr: ffffffff, value: 0
383 [140221053122304] INFO perfrun.perfcollector <> - data: addr: 30a, value: ffffffffffe17b7d
383 [140221053122304] INFO perfrun.perfcollector <> - pmu config: cpu
383 [140221053122304] INFO perfrun.perfcollector <> - config: any: 0
383 [140221053122304] INFO perfrun.perfcollector <> - config: cmask: 0
383 [140221053122304] INFO perfrun.perfcollector <> - config: edge: 0
383 [140221053122304] INFO perfrun.perfcollector <> - config: event: 3c
383 [140221053122304] INFO perfrun.perfcollector <> - config: in_tx: 0
383 [140221053122304] INFO perfrun.perfcollector <> - config: in_tx_cp: 0
383 [140221053122304] INFO perfrun.perfcollector <> - config: inv: 0
383 [140221053122304] INFO perfrun.perfcollector <> - config1: ldlat: 0
383 [140221053122304] INFO perfrun.perfcollector <> - config1: offcore_rsp: 0
383 [140221053122304] INFO perfrun.perfcollector <> - config: pc: 0
383 [140221053122304] INFO perfrun.perfcollector <> - config: umask: 0
383 [140221053122304] INFO perfrun.perfcollector <> - format: cpu/event=0x3c,name='CPU_CLK_UNHALTED.THREAD'/D
383 [140221053122304] INFO perfrun.perfcollector <> - event: 1: CPU_CLK_UNHALTED.REF_TSC
384 [140221053122304] INFO perfrun.perfcollector <> - cccr: addr: ffffffff, value: 0
384 [140221053122304] INFO perfrun.perfcollector <> - data: addr: 30b, value: ffffffffffdb6100
384 [140221053122304] INFO perfrun.perfcollector <> - pmu config: cpu
384 [140221053122304] INFO perfrun.perfcollector <> - config: any: 0
384 [140221053122304] INFO perfrun.perfcollector <> - config: cmask: 0
384 [140221053122304] INFO perfrun.perfcollector <> - config: edge: 0
384 [140221053122304] INFO perfrun.perfcollector <> - config: event: 0
384 [140221053122304] INFO perfrun.perfcollector <> - config: in_tx: 0
384 [140221053122304] INFO perfrun.perfcollector <> - config: in_tx_cp: 0
384 [140221053122304] INFO perfrun.perfcollector <> - config: inv: 0
384 [140221053122304] INFO perfrun.perfcollector <> - config1: ldlat: 0
384 [140221053122304] INFO perfrun.perfcollector <> - config1: offcore_rsp: 0
384 [140221053122304] INFO perfrun.perfcollector <> - config: pc: 0
384 [140221053122304] INFO perfrun.perfcollector <> - config: umask: 3
384 [140221053122304] INFO perfrun.perfcollector <> - format: cpu/umask=0x3,name='CPU_CLK_UNHALTED.REF_TSC'/D
384 [140221053122304] INFO perfrun.perfcollector <> - event: 2: INST_RETIRED.ANY
384 [140221053122304] INFO perfrun.perfcollector <> - cccr: addr: ffffffff, value: 0
384 [140221053122304] INFO perfrun.perfcollector <> - data: addr: 309, value: ffffffffffdb6100
384 [140221053122304] INFO perfrun.perfcollector <> - pmu config: cpu
384 [140221053122304] INFO perfrun.perfcollector <> - config: any: 0
384 [140221053122304] INFO perfrun.perfcollector <> - config: cmask: 0
384 [140221053122304] INFO perfrun.perfcollector <> - config: edge: 0
384 [140221053122304] INFO perfrun.perfcollector <> - config: event: c0
384 [140221053122304] INFO perfrun.perfcollector <> - config: in_tx: 0
384 [140221053122304] INFO perfrun.perfcollector <> - config: in_tx_cp: 0
384 [140221053122304] INFO perfrun.perfcollector <> - config: inv: 0
384 [140221053122304] INFO perfrun.perfcollector <> - config1: ldlat: 0
384 [140221053122304] INFO perfrun.perfcollector <> - config1: offcore_rsp: 0
384 [140221053122304] INFO perfrun.perfcollector <> - config: pc: 0
384 [140221053122304] INFO perfrun.perfcollector <> - config: umask: 0
384 [140221053122304] INFO perfrun.perfcollector <> - format: cpu/event=0xc0,name='INST_RETIRED.ANY'/D
384 [140221053122304] INFO perfrun.perfcollector <> - event: 3: CPU_CLK_UNHALTED.REF_XCLK
384 [140221053122304] INFO perfrun.perfcollector <> - cccr: addr: 186, value: 53013c
384 [140221053122304] INFO perfrun.perfcollector <> - data: addr: c1, value: fffffffffffe795d
384 [140221053122304] INFO perfrun.perfcollector <> - pmu config: cpu
384 [140221053122304] INFO perfrun.perfcollector <> - config: any: 0
384 [140221053122304] INFO perfrun.perfcollector <> - config: cmask: 0
384 [140221053122304] INFO perfrun.perfcollector <> - config: edge: 0
384 [140221053122304] INFO perfrun.perfcollector <> - config: event: 3c
384 [140221053122304] INFO perfrun.perfcollector <> - config: in_tx: 0
384 [140221053122304] INFO perfrun.perfcollector <> - config: in_tx_cp: 0
384 [140221053122304] INFO perfrun.perfcollector <> - config: inv: 0
384 [140221053122304] INFO perfrun.perfcollector <> - config1: ldlat: 0
384 [140221053122304] INFO perfrun.perfcollector <> - config1: offcore_rsp: 0
384 [140221053122304] INFO perfrun.perfcollector <> - config: pc: 0
384 [140221053122304] INFO perfrun.perfcollector <> - config: umask: 1
384 [140221053122304] INFO perfrun.perfcollector <> - format: cpu/event=0x3c,umask=0x1,name='CPU_CLK_UNHALTED.REF_XCLK'/
384 [140221053122304] INFO perfrun.perfcollector <> - event: 4: CPU_CLK_UNHALTED.ONE_THREAD_ACTIVE
384 [140221053122304] INFO perfrun.perfcollector <> - cccr: addr: 187, value: 53023c
384 [140221053122304] INFO perfrun.perfcollector <> - data: addr: c2, value: fffffffffffe795d
384 [140221053122304] INFO perfrun.perfcollector <> - pmu config: cpu
384 [140221053122304] INFO perfrun.perfcollector <> - config: any: 0
384 [140221053122304] INFO perfrun.perfcollector <> - config: cmask: 0
384 [140221053122304] INFO perfrun.perfcollector <> - config: edge: 0
384 [140221053122304] INFO perfrun.perfcollector <> - config: event: 3c
384 [140221053122304] INFO perfrun.perfcollector <> - config: in_tx: 0
384 [140221053122304] INFO perfrun.perfcollector <> - config: in_tx_cp: 0
384 [140221053122304] INFO perfrun.perfcollector <> - config: inv: 0
384 [140221053122304] INFO perfrun.perfcollector <> - config1: ldlat: 0
384 [140221053122304] INFO perfrun.perfcollector <> - config1: offcore_rsp: 0
384 [140221053122304] INFO perfrun.perfcollector <> - config: pc: 0
384 [140221053122304] INFO perfrun.perfcollector <> - config: umask: 2
384 [140221053122304] INFO perfrun.perfcollector <> - format: cpu/event=0x3c,umask=0x2,name='CPU_CLK_UNHALTED.ONE_THREAD_ACTIVE'/
384 [140221053122304] INFO perfrun.perfcollector <> - event: 5: FP_ARITH_INST_RETIRED.SCALAR_SINGLE
384 [140221053122304] INFO perfrun.perfcollector <> - cccr: addr: 188, value: 5302c7
384 [140221053122304] INFO perfrun.perfcollector <> - data: addr: c3, value: ffffffffffe17b7d
384 [140221053122304] INFO perfrun.perfcollector <> - pmu config: cpu
384 [140221053122304] INFO perfrun.perfcollector <> - config: any: 0
384 [140221053122304] INFO perfrun.perfcollector <> - config: cmask: 0
384 [140221053122304] INFO perfrun.perfcollector <> - config: edge: 0
384 [140221053122304] INFO perfrun.perfcollector <> - config: event: c7
384 [140221053122304] INFO perfrun.perfcollector <> - config: in_tx: 0
384 [140221053122304] INFO perfrun.perfcollector <> - config: in_tx_cp: 0
384 [140221053122304] INFO perfrun.perfcollector <> - config: inv: 0
384 [140221053122304] INFO perfrun.perfcollector <> - config1: ldlat: 0
384 [140221053122304] INFO perfrun.perfcollector <> - config1: offcore_rsp: 0
384 [140221053122304] INFO perfrun.perfcollector <> - config: pc: 0
384 [140221053122304] INFO perfrun.perfcollector <> - config: umask: 2
384 [140221053122304] INFO perfrun.perfcollector <> - format: cpu/event=0xc7,umask=0x2,name='FP_ARITH_INST_RETIRED.SCALAR_SINGLE'/
384 [140221053122304] INFO perfrun.perfcollector <> - event: 6: FP_ARITH_INST_RETIRED.128B_PACKED_SINGLE
384 [140221053122304] INFO perfrun.perfcollector <> - cccr: addr: 189, value: 5308c7
384 [140221053122304] INFO perfrun.perfcollector <> - data: addr: c4, value: ffffffffffe17b7d
384 [140221053122304] INFO perfrun.perfcollector <> - pmu config: cpu
384 [140221053122304] INFO perfrun.perfcollector <> - config: any: 0
384 [140221053122304] INFO perfrun.perfcollector <> - config: cmask: 0
384 [140221053122304] INFO perfrun.perfcollector <> - config: edge: 0
384 [140221053122304] INFO perfrun.perfcollector <> - config: event: c7
384 [140221053122304] INFO perfrun.perfcollector <> - config: in_tx: 0
384 [140221053122304] INFO perfrun.perfcollector <> - config: in_tx_cp: 0
384 [140221053122304] INFO perfrun.perfcollector <> - config: inv: 0
384 [140221053122304] INFO perfrun.perfcollector <> - config1: ldlat: 0
384 [140221053122304] INFO perfrun.perfcollector <> - config1: offcore_rsp: 0
384 [140221053122304] INFO perfrun.perfcollector <> - config: pc: 0
384 [140221053122304] INFO perfrun.perfcollector <> - config: umask: 8
384 [140221053122304] INFO perfrun.perfcollector <> - format: cpu/event=0xc7,umask=0x8,name='FP_ARITH_INST_RETIRED.128B_PACKED_SINGLE'/
384 [140221053122304] INFO perfrun.perfcollector <> - event: 7: FP_ARITH_INST_RETIRED.256B_PACKED_SINGLE
384 [140221053122304] INFO perfrun.perfcollector <> - cccr: addr: 186, value: 5320c7
384 [140221053122304] INFO perfrun.perfcollector <> - data: addr: c1, value: ffffffffffe17b7d
384 [140221053122304] INFO perfrun.perfcollector <> - pmu config: cpu
384 [140221053122304] INFO perfrun.perfcollector <> - config: any: 0
384 [140221053122304] INFO perfrun.perfcollector <> - config: cmask: 0
384 [140221053122304] INFO perfrun.perfcollector <> - config: edge: 0
384 [140221053122304] INFO perfrun.perfcollector <> - config: event: c7
384 [140221053122304] INFO perfrun.perfcollector <> - config: in_tx: 0
384 [140221053122304] INFO perfrun.perfcollector <> - config: in_tx_cp: 0
384 [140221053122304] INFO perfrun.perfcollector <> - config: inv: 0
384 [140221053122304] INFO perfrun.perfcollector <> - config1: ldlat: 0
384 [140221053122304] INFO perfrun.perfcollector <> - config1: offcore_rsp: 0
384 [140221053122304] INFO perfrun.perfcollector <> - config: pc: 0
384 [140221053122304] INFO perfrun.perfcollector <> - config: umask: 20
384 [140221053122304] INFO perfrun.perfcollector <> - format: cpu/event=0xc7,umask=0x20,name='FP_ARITH_INST_RETIRED.256B_PACKED_SINGLE'/
384 [140221053122304] INFO perfrun.perfcollector <> - event: 8: FP_ARITH_INST_RETIRED.SCALAR_DOUBLE
384 [140221053122304] INFO perfrun.perfcollector <> - cccr: addr: 187, value: 5301c7
384 [140221053122304] INFO perfrun.perfcollector <> - data: addr: c2, value: ffffffffffe17b7d
384 [140221053122304] INFO perfrun.perfcollector <> - pmu config: cpu
384 [140221053122304] INFO perfrun.perfcollector <> - config: any: 0
384 [140221053122304] INFO perfrun.perfcollector <> - config: cmask: 0
384 [140221053122304] INFO perfrun.perfcollector <> - config: edge: 0
384 [140221053122304] INFO perfrun.perfcollector <> - config: event: c7
384 [140221053122304] INFO perfrun.perfcollector <> - config: in_tx: 0
384 [140221053122304] INFO perfrun.perfcollector <> - config: in_tx_cp: 0
384 [140221053122304] INFO perfrun.perfcollector <> - config: inv: 0
384 [140221053122304] INFO perfrun.perfcollector <> - config1: ldlat: 0
384 [140221053122304] INFO perfrun.perfcollector <> - config1: offcore_rsp: 0
384 [140221053122304] INFO perfrun.perfcollector <> - config: pc: 0
384 [140221053122304] INFO perfrun.perfcollector <> - config: umask: 1
384 [140221053122304] INFO perfrun.perfcollector <> - format: cpu/event=0xc7,umask=0x1,name='FP_ARITH_INST_RETIRED.SCALAR_DOUBLE'/
385 [140221053122304] INFO perfrun.perfcollector <> - event: 9: FP_ARITH_INST_RETIRED.128B_PACKED_DOUBLE
385 [140221053122304] INFO perfrun.perfcollector <> - cccr: addr: 188, value: 5304c7
385 [140221053122304] INFO perfrun.perfcollector <> - data: addr: c3, value: ffffffffffe17b7d
385 [140221053122304] INFO perfrun.perfcollector <> - pmu config: cpu
385 [140221053122304] INFO perfrun.perfcollector <> - config: any: 0
385 [140221053122304] INFO perfrun.perfcollector <> - config: cmask: 0
385 [140221053122304] INFO perfrun.perfcollector <> - config: edge: 0
385 [140221053122304] INFO perfrun.perfcollector <> - config: event: c7
385 [140221053122304] INFO perfrun.perfcollector <> - config: in_tx: 0
385 [140221053122304] INFO perfrun.perfcollector <> - config: in_tx_cp: 0
385 [140221053122304] INFO perfrun.perfcollector <> - config: inv: 0
385 [140221053122304] INFO perfrun.perfcollector <> - config1: ldlat: 0
385 [140221053122304] INFO perfrun.perfcollector <> - config1: offcore_rsp: 0
385 [140221053122304] INFO perfrun.perfcollector <> - config: pc: 0
385 [140221053122304] INFO perfrun.perfcollector <> - config: umask: 4
385 [140221053122304] INFO perfrun.perfcollector <> - format: cpu/event=0xc7,umask=0x4,name='FP_ARITH_INST_RETIRED.128B_PACKED_DOUBLE'/
385 [140221053122304] INFO perfrun.perfcollector <> - event: 10: FP_ARITH_INST_RETIRED.256B_PACKED_DOUBLE
385 [140221053122304] INFO perfrun.perfcollector <> - cccr: addr: 189, value: 5310c7
385 [140221053122304] INFO perfrun.perfcollector <> - data: addr: c4, value: ffffffffffe17b7d
385 [140221053122304] INFO perfrun.perfcollector <> - pmu config: cpu
385 [140221053122304] INFO perfrun.perfcollector <> - config: any: 0
385 [140221053122304] INFO perfrun.perfcollector <> - config: cmask: 0
385 [140221053122304] INFO perfrun.perfcollector <> - config: edge: 0
385 [140221053122304] INFO perfrun.perfcollector <> - config: event: c7
385 [140221053122304] INFO perfrun.perfcollector <> - config: in_tx: 0
385 [140221053122304] INFO perfrun.perfcollector <> - config: in_tx_cp: 0
385 [140221053122304] INFO perfrun.perfcollector <> - config: inv: 0
385 [140221053122304] INFO perfrun.perfcollector <> - config1: ldlat: 0
385 [140221053122304] INFO perfrun.perfcollector <> - config1: offcore_rsp: 0
385 [140221053122304] INFO perfrun.perfcollector <> - config: pc: 0
385 [140221053122304] INFO perfrun.perfcollector <> - config: umask: 10
385 [140221053122304] INFO perfrun.perfcollector <> - format: cpu/event=0xc7,umask=0x10,name='FP_ARITH_INST_RETIRED.256B_PACKED_DOUBLE'/
385 [140221053122304] INFO perfrun.perfcollector <> - event: 11: INST_RETIRED.X87
385 [140221053122304] INFO perfrun.perfcollector <> - cccr: addr: 186, value: 5302c0
385 [140221053122304] INFO perfrun.perfcollector <> - data: addr: c1, value: ffffffffffe17b7d
385 [140221053122304] INFO perfrun.perfcollector <> - pmu config: cpu
385 [140221053122304] INFO perfrun.perfcollector <> - config: any: 0
385 [140221053122304] INFO perfrun.perfcollector <> - config: cmask: 0
385 [140221053122304] INFO perfrun.perfcollector <> - config: edge: 0
385 [140221053122304] INFO perfrun.perfcollector <> - config: event: c0
385 [140221053122304] INFO perfrun.perfcollector <> - config: in_tx: 0
385 [140221053122304] INFO perfrun.perfcollector <> - config: in_tx_cp: 0
385 [140221053122304] INFO perfrun.perfcollector <> - config: inv: 0
385 [140221053122304] INFO perfrun.perfcollector <> - config1: ldlat: 0
385 [140221053122304] INFO perfrun.perfcollector <> - config1: offcore_rsp: 0
385 [140221053122304] INFO perfrun.perfcollector <> - config: pc: 0
385 [140221053122304] INFO perfrun.perfcollector <> - config: umask: 2
385 [140221053122304] INFO perfrun.perfcollector <> - format: cpu/event=0xc0,umask=0x2,name='INST_RETIRED.X87'/
385 [140221053122304] INFO perfrun.perfcollector <> - event: 12: UOPS_RETIRED.RETIRE_SLOTS
385 [140221053122304] INFO perfrun.perfcollector <> - cccr: addr: 187, value: 5302c2
385 [140221053122304] INFO perfrun.perfcollector <> - data: addr: c2, value: ffffffffffe17b7d
385 [140221053122304] INFO perfrun.perfcollector <> - pmu config: cpu
385 [140221053122304] INFO perfrun.perfcollector <> - config: any: 0
385 [140221053122304] INFO perfrun.perfcollector <> - config: cmask: 0
385 [140221053122304] INFO perfrun.perfcollector <> - config: edge: 0
385 [140221053122304] INFO perfrun.perfcollector <> - config: event: c2
385 [140221053122304] INFO perfrun.perfcollector <> - config: in_tx: 0
385 [140221053122304] INFO perfrun.perfcollector <> - config: in_tx_cp: 0
385 [140221053122304] INFO perfrun.perfcollector <> - config: inv: 0
385 [140221053122304] INFO perfrun.perfcollector <> - config1: ldlat: 0
385 [140221053122304] INFO perfrun.perfcollector <> - config1: offcore_rsp: 0
385 [140221053122304] INFO perfrun.perfcollector <> - config: pc: 0
385 [140221053122304] INFO perfrun.perfcollector <> - config: umask: 2
385 [140221053122304] INFO perfrun.perfcollector <> - format: cpu/event=0xc2,umask=0x2,name='UOPS_RETIRED.RETIRE_SLOTS'/
385 [140221053122304] INFO perfrun.perfcollector <> - event: 13: UOPS_EXECUTED.THREAD
385 [140221053122304] INFO perfrun.perfcollector <> - cccr: addr: 188, value: 5301b1
385 [140221053122304] INFO perfrun.perfcollector <> - data: addr: c3, value: ffffffffffe17b7d
385 [140221053122304] INFO perfrun.perfcollector <> - pmu config: cpu
385 [140221053122304] INFO perfrun.perfcollector <> - config: any: 0
385 [140221053122304] INFO perfrun.perfcollector <> - config: cmask: 0
385 [140221053122304] INFO perfrun.perfcollector <> - config: edge: 0
385 [140221053122304] INFO perfrun.perfcollector <> - config: event: b1
385 [140221053122304] INFO perfrun.perfcollector <> - config: in_tx: 0
385 [140221053122304] INFO perfrun.perfcollector <> - config: in_tx_cp: 0
385 [140221053122304] INFO perfrun.perfcollector <> - config: inv: 0
385 [140221053122304] INFO perfrun.perfcollector <> - config1: ldlat: 0
385 [140221053122304] INFO perfrun.perfcollector <> - config1: offcore_rsp: 0
385 [140221053122304] INFO perfrun.perfcollector <> - config: pc: 0
385 [140221053122304] INFO perfrun.perfcollector <> - config: umask: 1
385 [140221053122304] INFO perfrun.perfcollector <> - format: cpu/event=0xb1,umask=0x1,name='UOPS_EXECUTED.THREAD'/
385 [140221053122304] INFO perfrun.perfcollector <> - event: cpu/event=0x3c,name='CPU_CLK_UNHALTED.THREAD'/Du, added for counting
385 [140221053122304] INFO perfrun.perfcollector <> - event: cpu/umask=0x3,name='CPU_CLK_UNHALTED.REF_TSC'/Du, added for counting
385 [140221053122304] INFO perfrun.perfcollector <> - event: cpu/event=0xc0,name='INST_RETIRED.ANY'/Du, added for counting
385 [140221053122304] INFO perfrun.perfcollector <> - event: cpu/event=0x3c,umask=0x1,name='CPU_CLK_UNHALTED.REF_XCLK'/u, added for counting
385 [140221053122304] INFO perfrun.perfcollector <> - event: cpu/event=0x3c,umask=0x2,name='CPU_CLK_UNHALTED.ONE_THREAD_ACTIVE'/u, added for counting
385 [140221053122304] INFO perfrun.perfcollector <> - event: cpu/event=0xc7,umask=0x2,name='FP_ARITH_INST_RETIRED.SCALAR_SINGLE'/u, added for counting
385 [140221053122304] INFO perfrun.perfcollector <> - event: cpu/event=0xc7,umask=0x8,name='FP_ARITH_INST_RETIRED.128B_PACKED_SINGLE'/u, added for counting
385 [140221053122304] INFO perfrun.perfcollector <> - event: cpu/event=0xc7,umask=0x20,name='FP_ARITH_INST_RETIRED.256B_PACKED_SINGLE'/u, added for counting
385 [140221053122304] INFO perfrun.perfcollector <> - event: cpu/event=0xc7,umask=0x1,name='FP_ARITH_INST_RETIRED.SCALAR_DOUBLE'/u, added for counting
385 [140221053122304] INFO perfrun.perfcollector <> - event: cpu/event=0xc7,umask=0x4,name='FP_ARITH_INST_RETIRED.128B_PACKED_DOUBLE'/u, added for counting
385 [140221053122304] INFO perfrun.perfcollector <> - event: cpu/event=0xc7,umask=0x10,name='FP_ARITH_INST_RETIRED.256B_PACKED_DOUBLE'/u, added for counting
385 [140221053122304] INFO perfrun.perfcollector <> - event: cpu/event=0xc0,umask=0x2,name='INST_RETIRED.X87'/u, added for counting
385 [140221053122304] INFO perfrun.perfcollector <> - event: cpu/event=0xc2,umask=0x2,name='UOPS_RETIRED.RETIRE_SLOTS'/u, added for counting
385 [140221053122304] INFO perfrun.perfcollector <> - event: cpu/event=0xb1,umask=0x1,name='UOPS_EXECUTED.THREAD'/u, added for counting
385 [140221053122304] INFO perfrun.perfcollector <> - attaching to pid: 4294967295, m_mode: 10, mode: 3
386 [140220904367872] INFO perfrun.perfcollector <> - Perf stat trace pipe capacity: read = 1048576, write = 1048576
389 [140220904367872] INFO perfrun.sdk <> - runCmd: /opt/intel/oneapi/vtune/2024.2/bin64/amplxe-perf stat -v --log-fd 12 --scale -x ; -e cpu/event=0x3c,name='CPU_CLK_UNHALTED.THREAD'/Du,cpu/umask=0x3,name='CPU_CLK_UNHALTED.REF_TSC'/Du,cpu/event=0xc0,name='INST_RETIRED.ANY'/Du,cpu/event=0x3c,umask=0x1,name='CPU_CLK_UNHALTED.REF_XCLK'/u,cpu/event=0x3c,umask=0x2,name='CPU_CLK_UNHALTED.ONE_THREAD_ACTIVE'/u,cpu/event=0xc7,umask=0x2,name='FP_ARITH_INST_RETIRED.SCALAR_SINGLE'/u,cpu/event=0xc7,umask=0x8,name='FP_ARITH_INST_RETIRED.128B_PACKED_SINGLE'/u,cpu/event=0xc7,umask=0x20,name='FP_ARITH_INST_RETIRED.256B_PACKED_SINGLE'/u,cpu/event=0xc7,umask=0x1,name='FP_ARITH_INST_RETIRED.SCALAR_DOUBLE'/u,cpu/event=0xc7,umask=0x4,name='FP_ARITH_INST_RETIRED.128B_PACKED_DOUBLE'/u,cpu/event=0xc7,umask=0x10,name='FP_ARITH_INST_RETIRED.256B_PACKED_DOUBLE'/u,cpu/event=0xc0,umask=0x2,name='INST_RETIRED.X87'/u,cpu/event=0xc2,umask=0x2,name='UOPS_RETIRED.RETIRE_SLOTS'/u,cpu/event=0xb1,umask=0x1,name='UOPS_EXECUTED.THREAD'/u /opt/intel/oneapi/vtune/2024.2/bin64/amplxe-perf-sync dryrun sys
389 [140220904367872] INFO perfrun.sdk <> - runCmd started PID 3375993
510 [140220904367872] INFO perfrun.perfcollector <> - Monitor: runCmd RC = true
510 [140221053122304] INFO perfrun.launcher <> - plugin [aoclprofile] was disabled because it doesn't support the given collection type.
510 [140221053122304] INFO perfrun.tpss <> - initialize tpss controller
510 [140221053122304] INFO perfrun.tpss <> - configure collection mode: value = cpu:counters:nostack
511 [140221053122304] INFO perfrun.tpss <> - configure collection mode: value = cpu:stack
511 [140221053122304] INFO perfrun.tpss <> - default obj-size-min=1024
511 [140221053122304] INFO perfrun.tpss <> - default hash-table-size=0
511 [140221053122304] INFO perfrun.launcher <> - plugin [media] was disabled because it doesn't support the given collection type.
511 [140221053122304] INFO perfrun.launcher <> - plugin [] was disabled because it doesn't support the given collection type.
511 [140221053122304] INFO perfrun.launcher <> - plugin [] was disabled because it doesn't support the given collection type.
511 [140221053122304] INFO perfrun.launcher <> - plugin [parallelfs] was disabled because it doesn't support the given collection type.
511 [140221053122304] INFO perfrun.launcher <> - plugin [power] was disabled because it doesn't support the given collection type.
511 [140221053122304] INFO perfrun.launcher <> - plugin [] was disabled because it doesn't support the given collection type.
511 [140221053122304] INFO perfrun.launcher <> - plugin [ipmwatch] was disabled because it doesn't support the given collection type.
511 [140221053122304] INFO perfrun.launcher <> - plugin [os_counters] was disabled because it doesn't support the given collection type.
511 [140221053122304] INFO perfrun.launcher <> - plugin [l0_metrics] was disabled because it doesn't support the given collection type.
511 [140221180337024] INFO perfrun.launcher <> - set environment variable: LD_LIBRARY_PATH = /opt/intel/oneapi/vtune/2024.2/lib32/runtime:/opt/intel/oneapi/vtune/2024.2/lib64/runtime:/usr/lib64/openmpi/lib:/usr/local/cuda-11.4/lib64
511 [140221180337024] INFO perfrun.launcher <> - set environment variable: INTEL_LIBITTNOTIFY32 = /opt/intel/oneapi/vtune/2024.2/lib32/runtime/libittnotify_collector.so
511 [140221180337024] INFO perfrun.launcher <> - set environment variable: INTEL_LIBITTNOTIFY64 = /opt/intel/oneapi/vtune/2024.2/lib64/runtime/libittnotify_collector.so
511 [140221180337024] INFO perfrun.launcher <> - set environment variable: INTEL_ITTNOTIFY_GROUPS = 
511 [140221180337024] INFO perfrun.launcher <> - set environment variable: INTEL_JIT_PROFILER32 = /opt/intel/oneapi/vtune/2024.2/lib32/runtime/libittnotify_collector.so
511 [140221180337024] INFO perfrun.launcher <> - set environment variable: INTEL_JIT_PROFILER64 = /opt/intel/oneapi/vtune/2024.2/lib64/runtime/libittnotify_collector.so
511 [140221180337024] INFO perfrun.launcher <> - set environment variable: CCL_ITT_LEVEL = 1
511 [140221180337024] INFO perfrun.launcher <> - set environment variable: ENABLE_JITPROFILING = 1
511 [140221180337024] INFO perfrun.launcher <> - set environment variable: CL_CONFIG_USE_VTUNE = True
511 [140221180337024] INFO perfrun.launcher <> - set environment variable: KMP_FORKJOIN_FRAMES = 0
512 [140221180337024] INFO perfrun.launcher <> - set environment variable: KMP_FORKJOIN_FRAMES_MODE = 0
512 [140221180337024] INFO perfrun.launcher <> - set environment variable: INTEL_MRTE_DATA_DIR = /tmp/amplxe-tmp-dragos.boncan/amplxe-res-3375986-47560556594365424/data.0
512 [140221180337024] INFO perfrun.launcher <> - set environment variable: INTEL_MRTE_HOST_NAME = xl270-wn161.grid.pub.ro
512 [140221180337024] INFO perfrun.launcher <> - set environment variable: JAVA_TOOL_OPTIONS = -agentlib:amplxe_samplingmrte_javaprof_1.0 -Dsun.boot.library.path=/opt/intel/oneapi/vtune/2024.2/lib32/runtime:/opt/intel/oneapi/vtune/2024.2/lib64/runtime
512 [140221180337024] INFO perfrun.launcher <> - set environment variable: LD_LIBRARY_PATH = /opt/intel/oneapi/vtune/2024.2/lib32/runtime:/opt/intel/oneapi/vtune/2024.2/lib64/runtime:/usr/lib64/openmpi/lib:/usr/local/cuda-11.4/lib64
512 [140221180337024] INFO perfrun.launcher <> - set environment variable: CORECLR_ENABLE_PROFILING = 1
512 [140221180337024] INFO perfrun.launcher <> - set environment variable: CORECLR_PROFILER = {AA5E4821-E3B1-479c-B7FF-5AD047D22CED}
512 [140221180337024] INFO perfrun.launcher <> - set environment variable: CORECLR_PROFILER_PATH = /opt/intel/oneapi/vtune/2024.2/lib64/libamplxe_samplingmrte_clrprof_1.0.so
512 [140221180337024] INFO perfrun.launcher <> - set environment variable: INTEL_MRTE_PROFILER_MODE = mixed
512 [140221180337024] INFO perfrun.launcher <> - RpcServer: run RPC server to handle requests
513 [140221180337024] INFO perfrun.launcher <> - Launcher: command line to start before modification = mpirun -np 2 --oversubscribe ./Canny_mpi_pthreads/Canny_mpi_pthreads images/input/1_earth_8k.jpg images/output/output_vtune.png 15 45 9 1.5 4
513 [140221180337024] INFO perfrun.launcher <> - Launcher: command line to start after modification = /opt/intel/oneapi/vtune/2024.2/bin64/pin -error_file /tmp/amplxe-tmp-dragos.boncan/amplxe-res-3375986-47560556594365424/data.0/pinerr.tpsslog -detach_reattach -follow_execv -tool_load_option deepbind -t64 /opt/intel/oneapi/vtune/2024.2/lib64/libtpsstool.so -t /opt/intel/oneapi/vtune/2024.2/lib32/libtpsstool.so -server_name tpss_ipc.3375986 -prd_dir /opt/intel/oneapi/vtune/2024.2 -- mpirun -np 2 --oversubscribe ./Canny_mpi_pthreads/Canny_mpi_pthreads images/input/1_earth_8k.jpg images/output/output_vtune.png 15 45 9 1.5 4
513 [140221180337024] INFO perfrun.launcher <> - ProcessCreator object was created
514 [140221180337024] INFO perfrun.launcher <> - Launcher: the process was started in suspend mode
526 [140221053122304] WARN perfrun.system <> - Could not do anything with /sys/kernel/debug/kvm: boost::filesystem::status: Permission denied [system:13]: "/sys/kernel/debug/kvm", at file: vcs/perfrun1/plugins/system/src/trace_writer.cpp:787
526 [140221053122304] WARN perfrun.system <> - Folder "/var/run/libvirt/qemu/"doesn't exist, at file: vcs/perfrun1/plugins/system/src/trace_writer.cpp:800
537 [140221053122304] WARN perfrun.sdk <> - Failed to find xl binary on any of the system paths: /bin, /sbin, /usr/bin, /usr/sbin., at file: vcs/perfrun1/sdk/src/utils.cpp:204
537 [140221053122304] WARN perfrun.system <> - Could not start ContainerMapping collector, at file: vcs/perfrun1/plugins/system/src/controller.cpp:448
543 [140221053122304] INFO perfrun.vdso <> - Helper runtool '/opt/intel/oneapi/vtune/2024.2/bin32/amplxe-runss -dump-vdso -r /tmp/amplxe-tmp-dragos.boncan/amplxe-res-3375986-47560556594365424 --tmp-dir /tmp/amplxe-tmp-dragos.boncan' returned 1
756 [140221053122304] INFO perfrun.vdso <> - Helper runtool '/opt/intel/oneapi/vtune/2024.2/bin64/amplxe-runss -dump-vdso -r /tmp/amplxe-tmp-dragos.boncan/amplxe-res-3375986-47560556594365424 --tmp-dir /tmp/amplxe-tmp-dragos.boncan' returned 0
756 [140221053122304] INFO perfrun.itt <> - start itt controller for pid #3375996
757 [140221053122304] INFO perfrun.perfcollector <> - attaching to pid: 3375996, m_mode: 10, mode: 11
758 [140220808816384] INFO perfrun.perfcollector <> - Perf stat trace pipe capacity: read = 1048576, write = 1048576
761 [140220808816384] INFO perfrun.sdk <> - runCmd: /opt/intel/oneapi/vtune/2024.2/bin64/amplxe-perf stat -v --log-fd 23 --control=fd:24,27 --scale -x ; -p 3375996 -e cpu/event=0x3c,name='CPU_CLK_UNHALTED.THREAD'/Du,cpu/umask=0x3,name='CPU_CLK_UNHALTED.REF_TSC'/Du,cpu/event=0xc0,name='INST_RETIRED.ANY'/Du,cpu/event=0x3c,umask=0x1,name='CPU_CLK_UNHALTED.REF_XCLK'/u,cpu/event=0x3c,umask=0x2,name='CPU_CLK_UNHALTED.ONE_THREAD_ACTIVE'/u,cpu/event=0xc7,umask=0x2,name='FP_ARITH_INST_RETIRED.SCALAR_SINGLE'/u,cpu/event=0xc7,umask=0x8,name='FP_ARITH_INST_RETIRED.128B_PACKED_SINGLE'/u,cpu/event=0xc7,umask=0x20,name='FP_ARITH_INST_RETIRED.256B_PACKED_SINGLE'/u,cpu/event=0xc7,umask=0x1,name='FP_ARITH_INST_RETIRED.SCALAR_DOUBLE'/u,cpu/event=0xc7,umask=0x4,name='FP_ARITH_INST_RETIRED.128B_PACKED_DOUBLE'/u,cpu/event=0xc7,umask=0x10,name='FP_ARITH_INST_RETIRED.256B_PACKED_DOUBLE'/u,cpu/event=0xc0,umask=0x2,name='INST_RETIRED.X87'/u,cpu/event=0xc2,umask=0x2,name='UOPS_RETIRED.RETIRE_SLOTS'/u,cpu/event=0xb1,umask=0x1,name='UOPS_EXECUTED.THREAD'/u /opt/intel/oneapi/vtune/2024.2/bin64/amplxe-perf-sync sync sys
762 [140220808816384] INFO perfrun.sdk <> - runCmd started PID 3376004
870 [140221053122304] INFO perfrun.tpss <> - start tpss controller for pid #3375996
921 [140221180337024] INFO perfrun.launcher <> - Launcher: all plugins were started
921 [140221180337024] INFO perfrun.launcher <> - DirectoryMonitor object was created
921 [140221180337024] INFO perfrun.launcher <> - DirectoryMonitor: a callback was added
921 [140221180337024] INFO perfrun.launcher <> - DirectoryMonitor was started with pingTime = 1000
921 [140221180337024] INFO perfrun.launcher <> - DeadlineTimer is going to be constructed
921 [140221180337024] INFO perfrun.launcher <> - DeadlineTimer: a callback was added
930 [140221180337024] INFO perfrun.launcher <> - Launcher: resume the profiled application and  wait its termination or stop command
5819 [140221180337024] INFO perfrun.launcher <> - Launcher: the profiled application was terminated  with exit code = 0
5832 [140221053122304] INFO perfrun.itt <> - detach itt controller
5833 [140221053122304] INFO perfrun.itt <> - detach itt controller done
5835 [140220808816384] INFO perfrun.perfcollector <> - Monitor: runCmd RC = true
5835 [140221053122304] INFO perfrun.perfcollector <> - Monitor: state = 3, error = 1
5835 [140221053122304] INFO perfrun.tpss <> - stop tpss controller
5836 [140221053122304] INFO perfrun.sdk <> - De-allocating TMU: /tmp/amplxe-tmp-dragos.boncan/amplxe-res-3375986-47560556594365424/data.0/systemcollector-3375986-xl270-wn161.grid.pub.ro.sc
5836 [140221053122304] INFO perfrun.system <> - closed the system trace file: /tmp/amplxe-tmp-dragos.boncan/amplxe-res-3375986-47560556594365424/data.0/systemcollector-3375986-xl270-wn161.grid.pub.ro.sc
5836 [140221180337024] INFO perfrun.launcher <> - Launcher: all plugins were stopped.
5836 [140221180337024] INFO perfrun.launcher <> - DeadlineTimer is going to be destroyed
5836 [140221180337024] INFO perfrun.launcher <> - DeadlineTimer was destroyed
5836 [140221180337024] INFO perfrun.launcher <> - DirectoryMonitor object was destroyed
5836 [140221180337024] WARN perfrun.launcher <> - Stop command is ignored because it is received when collection is already stopped, at file: vcs/perfrun1/launcher/src/command_handler.cpp:226
5887 [140221180337024] INFO perfrun.launcher <> - Application exit code: 0
5887 [140221180337024] INFO perfrun.launcher <> - Exit code: 0
