3 [139746078260096] INFO perfrun.launcher <> - Launcher main begin
5 [139746078260096] INFO perfrun.launcher <> - MessageCatalogInit finished
5 [139746078260096] INFO perfrun.launcher <> - Launcher instance created
5 [139746078260096] INFO perfrun.launcher <> - argc = 7; cmdline = /opt/intel/oneapi/vtune/2024.2/bin64/amplxe-runss --ui-output-format xml --ui-output-fd 6 --option-file /export/home/acs/stud/d/dragos.boncan/cannycore/profiling/vtune_results/hybrid_mpi_pthread_P1_T2/config/runss.options 
144 [139746078260096] INFO perfrun.perfcollector <> - SEP tool path: /opt/intel/oneapi/vtune/2024.2/bin64/sep
157 [139746078260096] INFO perfrun.launcher <> - create msngr2::ICliToolContext
158 [139746078260096] INFO perfrun.launcher <> - create file finder object
158 [139746078260096] INFO perfrun.launcher <> - create a result directory: pattern = /export/home/acs/stud/d/dragos.boncan/cannycore/profiling/vtune_results/hybrid_mpi_pthread_P1_T2 pid = 4294967295
162 [139746078260096] INFO perfrun.sdk <> - checked that the directory /export/home/acs/stud/d/dragos.boncan/cannycore/profiling/vtune_results/hybrid_mpi_pthread_P1_T2 is a local directory
163 [139746078260096] INFO perfrun.sdk <> - the directory /export/home/acs/stud/d/dragos.boncan/cannycore/profiling/vtune_results/hybrid_mpi_pthread_P1_T2 is located on a share or its FS ID is unknown 12805120
163 [139746078260096] INFO perfrun.sdk <> - checked that the directory /tmp/amplxe-tmp-dragos.boncan is a local directory
163 [139746078260096] INFO perfrun.sdk <> - the directory /tmp/amplxe-tmp-dragos.boncan is a local directory with FS type ID 61267
164 [139746078260096] INFO perfrun.launcher <> - Create a local result directory /tmp/amplxe-tmp-dragos.boncan/amplxe-res-3375677-47560436483386424 due to the user result path /export/home/acs/stud/d/dragos.boncan/cannycore/profiling/vtune_results/hybrid_mpi_pthread_P1_T2 is located on a share
164 [139746078260096] INFO perfrun.launcher <> - create data directory = /tmp/amplxe-tmp-dragos.boncan/amplxe-res-3375677-47560436483386424/data.0
165 [139746078260096] INFO perfrun.launcher <> - create data directory = /export/home/acs/stud/d/dragos.boncan/cannycore/profiling/vtune_results/hybrid_mpi_pthread_P1_T2/data.0
166 [139746078260096] INFO perfrun.launcher <> - Creating the master collection flag
453 [139746078260096] INFO perfrun.launcher <> - Done creating the master collection flag
476 [139745951045376] INFO perfrun.launcher <> - plugin [remoteplug] was disabled because it doesn't support the given collection type.
477 [139745951045376] INFO perfrun.sdk <> - Allocating TMU :/tmp/amplxe-tmp-dragos.boncan/amplxe-res-3375677-47560436483386424/data.0/systemcollector-3375677-xl270-wn161.grid.pub.ro.sc
477 [139745951045376] INFO perfrun.system <> - Tpss based collection
478 [139745951045376] INFO perfrun.launcher <> - plugin [ptracecollector] was disabled because it doesn't support the given collection type.
478 [139745951045376] INFO perfrun.launcher <> - plugin [gpu] was disabled because it doesn't support the given collection type.
478 [139745951045376] INFO perfrun.launcher <> - plugin [] was disabled because it doesn't support the given collection type.
478 [139745951045376] INFO perfrun.launcher <> - plugin [] was disabled because it doesn't support the given collection type.
478 [139745951045376] INFO perfrun.launcher <> - plugin [] was disabled because it doesn't support the given collection type.
478 [139745951045376] INFO perfrun.mrte <> - system-wide mode is 0
478 [139745951045376] INFO perfrun.mrte <> - Getting  mrte profiling environment ...
496 [139745951045376] INFO perfrun.mrte <> - INTEL_MRTE_DATA_DIR=/tmp/amplxe-tmp-dragos.boncan/amplxe-res-3375677-47560436483386424/data.0
496 [139745951045376] INFO perfrun.mrte <> - INTEL_MRTE_HOST_NAME=xl270-wn161.grid.pub.ro
496 [139745951045376] INFO perfrun.mrte <> - JAVA_TOOL_OPTIONS=-agentlib:amplxe_samplingmrte_javaprof_1.0 -Dsun.boot.library.path=/opt/intel/oneapi/vtune/2024.2/lib32/runtime:/opt/intel/oneapi/vtune/2024.2/lib64/runtime
496 [139745951045376] INFO perfrun.mrte <> - LD_LIBRARY_PATH=/opt/intel/oneapi/vtune/2024.2/lib32/runtime:/opt/intel/oneapi/vtune/2024.2/lib64/runtime:/usr/lib64/openmpi/lib:/usr/local/cuda-11.4/lib64
496 [139745951045376] INFO perfrun.mrte <> - CORECLR_ENABLE_PROFILING=1
496 [139745951045376] INFO perfrun.mrte <> - CORECLR_PROFILER={AA5E4821-E3B1-479c-B7FF-5AD047D22CED}
496 [139745951045376] INFO perfrun.mrte <> - CORECLR_PROFILER_PATH=/opt/intel/oneapi/vtune/2024.2/lib64/libamplxe_samplingmrte_clrprof_1.0.so
496 [139745951045376] INFO perfrun.mrte <> - INTEL_MRTE_PROFILER_MODE=mixed
496 [139745951045376] INFO perfrun.mrte <> - Data directory: /tmp/amplxe-tmp-dragos.boncan/amplxe-res-3375677-47560436483386424/data.0
496 [139745951045376] INFO perfrun.mrte <> - Mrte plugin is initialized
496 [139745951045376] INFO perfrun.launcher <> - plugin [emon] was disabled because it doesn't support the given collection type.
496 [139745951045376] INFO perfrun.launcher <> - plugin [cuscol] was disabled because it doesn't support the given collection type.
496 [139745951045376] INFO perfrun.launcher <> - plugin [stdsrc] was disabled because it doesn't support the given collection type.
496 [139745951045376] INFO perfrun.launcher <> - plugin [sep] was disabled because it doesn't support the given collection type.
496 [139745951045376] INFO perfrun.launcher <> - plugin [vtsspp] was disabled because it doesn't support the given collection type.
496 [139745951045376] INFO perfrun.perfcollector <> - Platform type: 108
496 [139745951045376] INFO perfrun.sdk <> - Reading value (2) from file: /proc/sys/kernel/perf_event_paranoid
496 [139745951045376] INFO perfrun.perfcollector <> - checking access to: /opt/intel/oneapi/vtune/2024.2/bin64/amplxe-perf-priv
497 [139745951045376] INFO perfrun.perfcollector <> - dir found: /sys/bus/event_source/devices/software
497 [139745951045376] INFO perfrun.perfcollector <> - format: pmu format subdir doesn't exist
497 [139745951045376] INFO perfrun.perfcollector <> - hwInfo: not set, pmuFam: software
497 [139745951045376] INFO perfrun.perfcollector <> - pmu added: software, idx: 0
497 [139745951045376] INFO perfrun.perfcollector <> - dir found: /sys/bus/event_source/devices/uncore_imc_5
497 [139745951045376] INFO perfrun.perfcollector <> - format: event: config:0-7, mask:0-7
497 [139745951045376] INFO perfrun.perfcollector <> - format: edge: config:18, mask:18
497 [139745951045376] INFO perfrun.perfcollector <> - format: inv: config:23, mask:23
497 [139745951045376] INFO perfrun.perfcollector <> - format: umask: config:8-15, mask:8-15
497 [139745951045376] INFO perfrun.perfcollector <> - format: thresh: config:24-31, mask:24-31
497 [139745951045376] INFO perfrun.perfcollector <> - hwInfo: PERF_IMC_PMU_DETAILS
497 [139745951045376] INFO perfrun.perfcollector <> - pmu caps: raw,format,events
497 [139745951045376] INFO perfrun.perfcollector <> - pmu added: uncore_imc, idx: 5
497 [139745951045376] INFO perfrun.perfcollector <> - dir found: /sys/bus/event_source/devices/uncore_sbox_2
497 [139745951045376] INFO perfrun.perfcollector <> - format: event: config:0-7, mask:0-7
497 [139745951045376] INFO perfrun.perfcollector <> - format: edge: config:18, mask:18
497 [139745951045376] INFO perfrun.perfcollector <> - format: inv: config:23, mask:23
497 [139745951045376] INFO perfrun.perfcollector <> - format: umask: config:8-15, mask:8-15
497 [139745951045376] INFO perfrun.perfcollector <> - format: tid_en: config:19, mask:19
497 [139745951045376] INFO perfrun.perfcollector <> - format: thresh: config:24-31, mask:24-31
497 [139745951045376] INFO perfrun.perfcollector <> - hwInfo: not set, pmuFam: uncore_sbox
497 [139745951045376] INFO perfrun.perfcollector <> - pmu caps: raw,format
497 [139745951045376] INFO perfrun.perfcollector <> - pmu added: uncore_sbox, idx: 2
497 [139745951045376] INFO perfrun.perfcollector <> - dir found: /sys/bus/event_source/devices/uncore_cbox_8
498 [139745951045376] INFO perfrun.perfcollector <> - format: event: config:0-7, mask:0-7
498 [139745951045376] INFO perfrun.perfcollector <> - format: filter_link: config1:6-8, mask:6-8
498 [139745951045376] INFO perfrun.perfcollector <> - format: filter_c6: config1:61, mask:61
498 [139745951045376] INFO perfrun.perfcollector <> - format: edge: config:18, mask:18
498 [139745951045376] INFO perfrun.perfcollector <> - format: filter_isoc: config1:63, mask:63
498 [139745951045376] INFO perfrun.perfcollector <> - format: filter_tid: config1:0-5, mask:0-5
498 [139745951045376] INFO perfrun.perfcollector <> - format: filter_nid: config1:32-47, mask:32-47
498 [139745951045376] INFO perfrun.perfcollector <> - format: filter_nc: config1:62, mask:62
498 [139745951045376] INFO perfrun.perfcollector <> - format: umask: config:8-15, mask:8-15
498 [139745951045376] INFO perfrun.perfcollector <> - format: tid_en: config:19, mask:19
498 [139745951045376] INFO perfrun.perfcollector <> - format: thresh: config:24-31, mask:24-31
498 [139745951045376] INFO perfrun.perfcollector <> - format: filter_state: config1:17-23, mask:17-23
498 [139745951045376] INFO perfrun.perfcollector <> - format: filter_opc: config1:52-60, mask:52-60
498 [139745951045376] INFO perfrun.perfcollector <> - hwInfo: PERF_CBOX_PMU_DETAILS
498 [139745951045376] INFO perfrun.perfcollector <> - pmu caps: raw,format
498 [139745951045376] INFO perfrun.perfcollector <> - pmu added: uncore_cbox, idx: 8
498 [139745951045376] INFO perfrun.perfcollector <> - dir found: /sys/bus/event_source/devices/uncore_cbox_13
498 [139745951045376] INFO perfrun.perfcollector <> - format: event: config:0-7, mask:0-7
498 [139745951045376] INFO perfrun.perfcollector <> - format: filter_link: config1:6-8, mask:6-8
498 [139745951045376] INFO perfrun.perfcollector <> - format: filter_c6: config1:61, mask:61
499 [139745951045376] INFO perfrun.perfcollector <> - format: edge: config:18, mask:18
499 [139745951045376] INFO perfrun.perfcollector <> - format: filter_isoc: config1:63, mask:63
499 [139745951045376] INFO perfrun.perfcollector <> - format: filter_tid: config1:0-5, mask:0-5
499 [139745951045376] INFO perfrun.perfcollector <> - format: filter_nid: config1:32-47, mask:32-47
499 [139745951045376] INFO perfrun.perfcollector <> - format: filter_nc: config1:62, mask:62
499 [139745951045376] INFO perfrun.perfcollector <> - format: umask: config:8-15, mask:8-15
499 [139745951045376] INFO perfrun.perfcollector <> - format: tid_en: config:19, mask:19
499 [139745951045376] INFO perfrun.perfcollector <> - format: thresh: config:24-31, mask:24-31
499 [139745951045376] INFO perfrun.perfcollector <> - format: filter_state: config1:17-23, mask:17-23
499 [139745951045376] INFO perfrun.perfcollector <> - format: filter_opc: config1:52-60, mask:52-60
499 [139745951045376] INFO perfrun.perfcollector <> - hwInfo: PERF_CBOX_PMU_DETAILS
499 [139745951045376] INFO perfrun.perfcollector <> - pmu caps: raw,format
499 [139745951045376] INFO perfrun.perfcollector <> - pmu added: uncore_cbox, idx: 13
499 [139745951045376] INFO perfrun.perfcollector <> - dir found: /sys/bus/event_source/devices/uncore_r2pcie
499 [139745951045376] INFO perfrun.perfcollector <> - format: event: config:0-7, mask:0-7
499 [139745951045376] INFO perfrun.perfcollector <> - format: edge: config:18, mask:18
499 [139745951045376] INFO perfrun.perfcollector <> - format: inv: config:23, mask:23
499 [139745951045376] INFO perfrun.perfcollector <> - format: umask: config:8-15, mask:8-15
499 [139745951045376] INFO perfrun.perfcollector <> - format: thresh: config:24-31, mask:24-31
500 [139745951045376] INFO perfrun.perfcollector <> - hwInfo: not set, pmuFam: uncore_r2pcie
500 [139745951045376] INFO perfrun.perfcollector <> - pmu caps: raw,format
500 [139745951045376] INFO perfrun.perfcollector <> - pmu added: uncore_r2pcie, idx: 0
500 [139745951045376] INFO perfrun.perfcollector <> - dir found: /sys/bus/event_source/devices/uncore_sbox_0
500 [139745951045376] INFO perfrun.perfcollector <> - format: event: config:0-7, mask:0-7
500 [139745951045376] INFO perfrun.perfcollector <> - format: edge: config:18, mask:18
500 [139745951045376] INFO perfrun.perfcollector <> - format: inv: config:23, mask:23
500 [139745951045376] INFO perfrun.perfcollector <> - format: umask: config:8-15, mask:8-15
500 [139745951045376] INFO perfrun.perfcollector <> - format: tid_en: config:19, mask:19
500 [139745951045376] INFO perfrun.perfcollector <> - format: thresh: config:24-31, mask:24-31
500 [139745951045376] INFO perfrun.perfcollector <> - hwInfo: not set, pmuFam: uncore_sbox
500 [139745951045376] INFO perfrun.perfcollector <> - pmu caps: raw,format
500 [139745951045376] INFO perfrun.perfcollector <> - pmu added: uncore_sbox, idx: 0
500 [139745951045376] INFO perfrun.perfcollector <> - dir found: /sys/bus/event_source/devices/uncore_cbox_6
500 [139745951045376] INFO perfrun.perfcollector <> - format: event: config:0-7, mask:0-7
500 [139745951045376] INFO perfrun.perfcollector <> - format: filter_link: config1:6-8, mask:6-8
500 [139745951045376] INFO perfrun.perfcollector <> - format: filter_c6: config1:61, mask:61
500 [139745951045376] INFO perfrun.perfcollector <> - format: edge: config:18, mask:18
500 [139745951045376] INFO perfrun.perfcollector <> - format: filter_isoc: config1:63, mask:63
500 [139745951045376] INFO perfrun.perfcollector <> - format: filter_tid: config1:0-5, mask:0-5
500 [139745951045376] INFO perfrun.perfcollector <> - format: filter_nid: config1:32-47, mask:32-47
500 [139745951045376] INFO perfrun.perfcollector <> - format: filter_nc: config1:62, mask:62
501 [139745951045376] INFO perfrun.perfcollector <> - format: umask: config:8-15, mask:8-15
501 [139745951045376] INFO perfrun.perfcollector <> - format: tid_en: config:19, mask:19
501 [139745951045376] INFO perfrun.perfcollector <> - format: thresh: config:24-31, mask:24-31
501 [139745951045376] INFO perfrun.perfcollector <> - format: filter_state: config1:17-23, mask:17-23
501 [139745951045376] INFO perfrun.perfcollector <> - format: filter_opc: config1:52-60, mask:52-60
501 [139745951045376] INFO perfrun.perfcollector <> - hwInfo: PERF_CBOX_PMU_DETAILS
501 [139745951045376] INFO perfrun.perfcollector <> - pmu caps: raw,format
501 [139745951045376] INFO perfrun.perfcollector <> - pmu added: uncore_cbox, idx: 6
501 [139745951045376] INFO perfrun.perfcollector <> - dir found: /sys/bus/event_source/devices/uncore_imc_1
501 [139745951045376] INFO perfrun.perfcollector <> - format: event: config:0-7, mask:0-7
501 [139745951045376] INFO perfrun.perfcollector <> - format: edge: config:18, mask:18
501 [139745951045376] INFO perfrun.perfcollector <> - format: inv: config:23, mask:23
501 [139745951045376] INFO perfrun.perfcollector <> - format: umask: config:8-15, mask:8-15
501 [139745951045376] INFO perfrun.perfcollector <> - format: thresh: config:24-31, mask:24-31
501 [139745951045376] INFO perfrun.perfcollector <> - hwInfo: PERF_IMC_PMU_DETAILS
501 [139745951045376] INFO perfrun.perfcollector <> - pmu caps: raw,format,events
501 [139745951045376] INFO perfrun.perfcollector <> - pmu added: uncore_imc, idx: 1
501 [139745951045376] INFO perfrun.perfcollector <> - dir found: /sys/bus/event_source/devices/power
501 [139745951045376] INFO perfrun.perfcollector <> - format: event: config:0-7, mask:0-7
501 [139745951045376] INFO perfrun.perfcollector <> - hwInfo: not set, pmuFam: power
501 [139745951045376] INFO perfrun.perfcollector <> - pmu caps: raw,format,events
501 [139745951045376] INFO perfrun.perfcollector <> - pmu added: power, idx: 0
501 [139745951045376] INFO perfrun.perfcollector <> - dir found: /sys/bus/event_source/devices/uncore_cbox_11
501 [139745951045376] INFO perfrun.perfcollector <> - format: event: config:0-7, mask:0-7
501 [139745951045376] INFO perfrun.perfcollector <> - format: filter_link: config1:6-8, mask:6-8
501 [139745951045376] INFO perfrun.perfcollector <> - format: filter_c6: config1:61, mask:61
502 [139745951045376] INFO perfrun.perfcollector <> - format: edge: config:18, mask:18
502 [139745951045376] INFO perfrun.perfcollector <> - format: filter_isoc: config1:63, mask:63
502 [139745951045376] INFO perfrun.perfcollector <> - format: filter_tid: config1:0-5, mask:0-5
502 [139745951045376] INFO perfrun.perfcollector <> - format: filter_nid: config1:32-47, mask:32-47
502 [139745951045376] INFO perfrun.perfcollector <> - format: filter_nc: config1:62, mask:62
502 [139745951045376] INFO perfrun.perfcollector <> - format: umask: config:8-15, mask:8-15
502 [139745951045376] INFO perfrun.perfcollector <> - format: tid_en: config:19, mask:19
502 [139745951045376] INFO perfrun.perfcollector <> - format: thresh: config:24-31, mask:24-31
502 [139745951045376] INFO perfrun.perfcollector <> - format: filter_state: config1:17-23, mask:17-23
502 [139745951045376] INFO perfrun.perfcollector <> - format: filter_opc: config1:52-60, mask:52-60
502 [139745951045376] INFO perfrun.perfcollector <> - hwInfo: PERF_CBOX_PMU_DETAILS
502 [139745951045376] INFO perfrun.perfcollector <> - pmu caps: raw,format
502 [139745951045376] INFO perfrun.perfcollector <> - pmu added: uncore_cbox, idx: 11
502 [139745951045376] INFO perfrun.perfcollector <> - dir found: /sys/bus/event_source/devices/uncore_cbox_4
502 [139745951045376] INFO perfrun.perfcollector <> - format: event: config:0-7, mask:0-7
502 [139745951045376] INFO perfrun.perfcollector <> - format: filter_link: config1:6-8, mask:6-8
502 [139745951045376] INFO perfrun.perfcollector <> - format: filter_c6: config1:61, mask:61
502 [139745951045376] INFO perfrun.perfcollector <> - format: edge: config:18, mask:18
502 [139745951045376] INFO perfrun.perfcollector <> - format: filter_isoc: config1:63, mask:63
502 [139745951045376] INFO perfrun.perfcollector <> - format: filter_tid: config1:0-5, mask:0-5
502 [139745951045376] INFO perfrun.perfcollector <> - format: filter_nid: config1:32-47, mask:32-47
502 [139745951045376] INFO perfrun.perfcollector <> - format: filter_nc: config1:62, mask:62
503 [139745951045376] INFO perfrun.perfcollector <> - format: umask: config:8-15, mask:8-15
503 [139745951045376] INFO perfrun.perfcollector <> - format: tid_en: config:19, mask:19
503 [139745951045376] INFO perfrun.perfcollector <> - format: thresh: config:24-31, mask:24-31
503 [139745951045376] INFO perfrun.perfcollector <> - format: filter_state: config1:17-23, mask:17-23
503 [139745951045376] INFO perfrun.perfcollector <> - format: filter_opc: config1:52-60, mask:52-60
503 [139745951045376] INFO perfrun.perfcollector <> - hwInfo: PERF_CBOX_PMU_DETAILS
503 [139745951045376] INFO perfrun.perfcollector <> - pmu caps: raw,format
503 [139745951045376] INFO perfrun.perfcollector <> - pmu added: uncore_cbox, idx: 4
503 [139745951045376] INFO perfrun.perfcollector <> - dir found: /sys/bus/event_source/devices/uprobe
503 [139745951045376] INFO perfrun.perfcollector <> - format: retprobe: config:0, mask:0
503 [139745951045376] INFO perfrun.perfcollector <> - hwInfo: not set, pmuFam: uprobe
503 [139745951045376] INFO perfrun.perfcollector <> - pmu caps: raw,format
503 [139745951045376] INFO perfrun.perfcollector <> - pmu added: uprobe, idx: 0
503 [139745951045376] INFO perfrun.perfcollector <> - dir found: /sys/bus/event_source/devices/cpu
503 [139745951045376] INFO perfrun.perfcollector <> - format: event: config:0-7, mask:0-7
503 [139745951045376] INFO perfrun.perfcollector <> - format: pc: config:19, mask:19
503 [139745951045376] INFO perfrun.perfcollector <> - format: in_tx: config:32, mask:32
503 [139745951045376] INFO perfrun.perfcollector <> - format: edge: config:18, mask:18
503 [139745951045376] INFO perfrun.perfcollector <> - format: any: config:21, mask:21
503 [139745951045376] INFO perfrun.perfcollector <> - format: offcore_rsp: config1:0-63, mask:0-63
503 [139745951045376] INFO perfrun.perfcollector <> - format: in_tx_cp: config:33, mask:33
503 [139745951045376] INFO perfrun.perfcollector <> - format: ldlat: config1:0-15, mask:0-15
503 [139745951045376] INFO perfrun.perfcollector <> - format: inv: config:23, mask:23
504 [139745951045376] INFO perfrun.perfcollector <> - format: umask: config:8-15, mask:8-15
504 [139745951045376] INFO perfrun.perfcollector <> - format: cmask: config:24-31, mask:24-31
504 [139745951045376] INFO perfrun.perfcollector <> - hwInfo: PERF_CPU_PMU_DETAILS
504 [139745951045376] INFO perfrun.perfcollector <> - pmu caps: raw,format,events,ldlat,offcore_rsp
504 [139745951045376] INFO perfrun.perfcollector <> - pmu added: cpu, idx: 0
504 [139745951045376] INFO perfrun.perfcollector <> - dir found: /sys/bus/event_source/devices/uncore_r3qpi_0
504 [139745951045376] INFO perfrun.perfcollector <> - format: event: config:0-7, mask:0-7
504 [139745951045376] INFO perfrun.perfcollector <> - format: edge: config:18, mask:18
504 [139745951045376] INFO perfrun.perfcollector <> - format: inv: config:23, mask:23
504 [139745951045376] INFO perfrun.perfcollector <> - format: umask: config:8-15, mask:8-15
504 [139745951045376] INFO perfrun.perfcollector <> - format: thresh: config:24-31, mask:24-31
504 [139745951045376] INFO perfrun.perfcollector <> - hwInfo: not set, pmuFam: uncore_r3qpi
504 [139745951045376] INFO perfrun.perfcollector <> - pmu caps: raw,format
504 [139745951045376] INFO perfrun.perfcollector <> - pmu added: uncore_r3qpi, idx: 0
504 [139745951045376] INFO perfrun.perfcollector <> - dir found: /sys/bus/event_source/devices/cstate_core
504 [139745951045376] INFO perfrun.perfcollector <> - format: event: config:0-63, mask:0-63
504 [139745951045376] INFO perfrun.perfcollector <> - hwInfo: not set, pmuFam: cstate_core
504 [139745951045376] INFO perfrun.perfcollector <> - pmu caps: raw,format,events
504 [139745951045376] INFO perfrun.perfcollector <> - pmu added: cstate_core, idx: 0
504 [139745951045376] INFO perfrun.perfcollector <> - dir found: /sys/bus/event_source/devices/uncore_cbox_2
504 [139745951045376] INFO perfrun.perfcollector <> - format: event: config:0-7, mask:0-7
504 [139745951045376] INFO perfrun.perfcollector <> - format: filter_link: config1:6-8, mask:6-8
504 [139745951045376] INFO perfrun.perfcollector <> - format: filter_c6: config1:61, mask:61
504 [139745951045376] INFO perfrun.perfcollector <> - format: edge: config:18, mask:18
504 [139745951045376] INFO perfrun.perfcollector <> - format: filter_isoc: config1:63, mask:63
505 [139745951045376] INFO perfrun.perfcollector <> - format: filter_tid: config1:0-5, mask:0-5
505 [139745951045376] INFO perfrun.perfcollector <> - format: filter_nid: config1:32-47, mask:32-47
505 [139745951045376] INFO perfrun.perfcollector <> - format: filter_nc: config1:62, mask:62
505 [139745951045376] INFO perfrun.perfcollector <> - format: umask: config:8-15, mask:8-15
505 [139745951045376] INFO perfrun.perfcollector <> - format: tid_en: config:19, mask:19
505 [139745951045376] INFO perfrun.perfcollector <> - format: thresh: config:24-31, mask:24-31
505 [139745951045376] INFO perfrun.perfcollector <> - format: filter_state: config1:17-23, mask:17-23
505 [139745951045376] INFO perfrun.perfcollector <> - format: filter_opc: config1:52-60, mask:52-60
505 [139745951045376] INFO perfrun.perfcollector <> - hwInfo: PERF_CBOX_PMU_DETAILS
505 [139745951045376] INFO perfrun.perfcollector <> - pmu caps: raw,format
505 [139745951045376] INFO perfrun.perfcollector <> - pmu added: uncore_cbox, idx: 2
505 [139745951045376] INFO perfrun.perfcollector <> - dir found: /sys/bus/event_source/devices/breakpoint
505 [139745951045376] INFO perfrun.perfcollector <> - format: pmu format subdir doesn't exist
505 [139745951045376] INFO perfrun.perfcollector <> - hwInfo: not set, pmuFam: breakpoint
505 [139745951045376] INFO perfrun.perfcollector <> - pmu added: breakpoint, idx: 0
505 [139745951045376] INFO perfrun.perfcollector <> - dir found: /sys/bus/event_source/devices/uncore_ha_0
505 [139745951045376] INFO perfrun.perfcollector <> - format: event: config:0-7, mask:0-7
505 [139745951045376] INFO perfrun.perfcollector <> - format: edge: config:18, mask:18
505 [139745951045376] INFO perfrun.perfcollector <> - format: inv: config:23, mask:23
505 [139745951045376] INFO perfrun.perfcollector <> - format: umask: config:8-15, mask:8-15
505 [139745951045376] INFO perfrun.perfcollector <> - format: thresh: config:24-31, mask:24-31
505 [139745951045376] INFO perfrun.perfcollector <> - hwInfo: not set, pmuFam: uncore_ha
505 [139745951045376] INFO perfrun.perfcollector <> - pmu caps: raw,format
505 [139745951045376] INFO perfrun.perfcollector <> - pmu added: uncore_ha, idx: 0
505 [139745951045376] INFO perfrun.perfcollector <> - dir found: /sys/bus/event_source/devices/uncore_cbox_0
505 [139745951045376] INFO perfrun.perfcollector <> - format: event: config:0-7, mask:0-7
506 [139745951045376] INFO perfrun.perfcollector <> - format: filter_link: config1:6-8, mask:6-8
506 [139745951045376] INFO perfrun.perfcollector <> - format: filter_c6: config1:61, mask:61
506 [139745951045376] INFO perfrun.perfcollector <> - format: edge: config:18, mask:18
506 [139745951045376] INFO perfrun.perfcollector <> - format: filter_isoc: config1:63, mask:63
506 [139745951045376] INFO perfrun.perfcollector <> - format: filter_tid: config1:0-5, mask:0-5
506 [139745951045376] INFO perfrun.perfcollector <> - format: filter_nid: config1:32-47, mask:32-47
506 [139745951045376] INFO perfrun.perfcollector <> - format: filter_nc: config1:62, mask:62
506 [139745951045376] INFO perfrun.perfcollector <> - format: umask: config:8-15, mask:8-15
506 [139745951045376] INFO perfrun.perfcollector <> - format: tid_en: config:19, mask:19
506 [139745951045376] INFO perfrun.perfcollector <> - format: thresh: config:24-31, mask:24-31
506 [139745951045376] INFO perfrun.perfcollector <> - format: filter_state: config1:17-23, mask:17-23
506 [139745951045376] INFO perfrun.perfcollector <> - format: filter_opc: config1:52-60, mask:52-60
506 [139745951045376] INFO perfrun.perfcollector <> - hwInfo: PERF_CBOX_PMU_DETAILS
506 [139745951045376] INFO perfrun.perfcollector <> - pmu caps: raw,format
506 [139745951045376] INFO perfrun.perfcollector <> - pmu added: uncore_cbox, idx: 0
506 [139745951045376] INFO perfrun.perfcollector <> - dir found: /sys/bus/event_source/devices/tracepoint
506 [139745951045376] INFO perfrun.perfcollector <> - format: pmu format subdir doesn't exist
506 [139745951045376] INFO perfrun.perfcollector <> - hwInfo: not set, pmuFam: tracepoint
506 [139745951045376] INFO perfrun.perfcollector <> - pmu added: tracepoint, idx: 0
506 [139745951045376] INFO perfrun.perfcollector <> - dir found: /sys/bus/event_source/devices/uncore_sbox_3
506 [139745951045376] INFO perfrun.perfcollector <> - format: event: config:0-7, mask:0-7
506 [139745951045376] INFO perfrun.perfcollector <> - format: edge: config:18, mask:18
506 [139745951045376] INFO perfrun.perfcollector <> - format: inv: config:23, mask:23
506 [139745951045376] INFO perfrun.perfcollector <> - format: umask: config:8-15, mask:8-15
507 [139745951045376] INFO perfrun.perfcollector <> - format: tid_en: config:19, mask:19
507 [139745951045376] INFO perfrun.perfcollector <> - format: thresh: config:24-31, mask:24-31
507 [139745951045376] INFO perfrun.perfcollector <> - hwInfo: not set, pmuFam: uncore_sbox
507 [139745951045376] INFO perfrun.perfcollector <> - pmu caps: raw,format
507 [139745951045376] INFO perfrun.perfcollector <> - pmu added: uncore_sbox, idx: 3
507 [139745951045376] INFO perfrun.perfcollector <> - dir found: /sys/bus/event_source/devices/uncore_cbox_9
507 [139745951045376] INFO perfrun.perfcollector <> - format: event: config:0-7, mask:0-7
507 [139745951045376] INFO perfrun.perfcollector <> - format: filter_link: config1:6-8, mask:6-8
507 [139745951045376] INFO perfrun.perfcollector <> - format: filter_c6: config1:61, mask:61
507 [139745951045376] INFO perfrun.perfcollector <> - format: edge: config:18, mask:18
507 [139745951045376] INFO perfrun.perfcollector <> - format: filter_isoc: config1:63, mask:63
507 [139745951045376] INFO perfrun.perfcollector <> - format: filter_tid: config1:0-5, mask:0-5
507 [139745951045376] INFO perfrun.perfcollector <> - format: filter_nid: config1:32-47, mask:32-47
507 [139745951045376] INFO perfrun.perfcollector <> - format: filter_nc: config1:62, mask:62
507 [139745951045376] INFO perfrun.perfcollector <> - format: umask: config:8-15, mask:8-15
507 [139745951045376] INFO perfrun.perfcollector <> - format: tid_en: config:19, mask:19
507 [139745951045376] INFO perfrun.perfcollector <> - format: thresh: config:24-31, mask:24-31
507 [139745951045376] INFO perfrun.perfcollector <> - format: filter_state: config1:17-23, mask:17-23
507 [139745951045376] INFO perfrun.perfcollector <> - format: filter_opc: config1:52-60, mask:52-60
507 [139745951045376] INFO perfrun.perfcollector <> - hwInfo: PERF_CBOX_PMU_DETAILS
507 [139745951045376] INFO perfrun.perfcollector <> - pmu caps: raw,format
507 [139745951045376] INFO perfrun.perfcollector <> - pmu added: uncore_cbox, idx: 9
507 [139745951045376] INFO perfrun.perfcollector <> - dir found: /sys/bus/event_source/devices/cstate_pkg
508 [139745951045376] INFO perfrun.perfcollector <> - format: event: config:0-63, mask:0-63
508 [139745951045376] INFO perfrun.perfcollector <> - hwInfo: not set, pmuFam: cstate_pkg
508 [139745951045376] INFO perfrun.perfcollector <> - pmu caps: raw,format,events
508 [139745951045376] INFO perfrun.perfcollector <> - pmu added: cstate_pkg, idx: 0
508 [139745951045376] INFO perfrun.perfcollector <> - dir found: /sys/bus/event_source/devices/uncore_imc_4
508 [139745951045376] INFO perfrun.perfcollector <> - format: event: config:0-7, mask:0-7
508 [139745951045376] INFO perfrun.perfcollector <> - format: edge: config:18, mask:18
508 [139745951045376] INFO perfrun.perfcollector <> - format: inv: config:23, mask:23
508 [139745951045376] INFO perfrun.perfcollector <> - format: umask: config:8-15, mask:8-15
508 [139745951045376] INFO perfrun.perfcollector <> - format: thresh: config:24-31, mask:24-31
508 [139745951045376] INFO perfrun.perfcollector <> - hwInfo: PERF_IMC_PMU_DETAILS
508 [139745951045376] INFO perfrun.perfcollector <> - pmu caps: raw,format,events
508 [139745951045376] INFO perfrun.perfcollector <> - pmu added: uncore_imc, idx: 4
508 [139745951045376] INFO perfrun.perfcollector <> - dir found: /sys/bus/event_source/devices/uncore_ubox
508 [139745951045376] INFO perfrun.perfcollector <> - format: event: config:0-7, mask:0-7
508 [139745951045376] INFO perfrun.perfcollector <> - format: edge: config:18, mask:18
508 [139745951045376] INFO perfrun.perfcollector <> - format: inv: config:23, mask:23
508 [139745951045376] INFO perfrun.perfcollector <> - format: umask: config:8-15, mask:8-15
508 [139745951045376] INFO perfrun.perfcollector <> - format: thresh: config:24-28, mask:24-28
508 [139745951045376] INFO perfrun.perfcollector <> - hwInfo: not set, pmuFam: uncore_ubox
508 [139745951045376] INFO perfrun.perfcollector <> - pmu caps: raw,format
508 [139745951045376] INFO perfrun.perfcollector <> - pmu added: uncore_ubox, idx: 0
508 [139745951045376] INFO perfrun.perfcollector <> - dir found: /sys/bus/event_source/devices/uncore_sbox_1
508 [139745951045376] INFO perfrun.perfcollector <> - format: event: config:0-7, mask:0-7
508 [139745951045376] INFO perfrun.perfcollector <> - format: edge: config:18, mask:18
508 [139745951045376] INFO perfrun.perfcollector <> - format: inv: config:23, mask:23
509 [139745951045376] INFO perfrun.perfcollector <> - format: umask: config:8-15, mask:8-15
509 [139745951045376] INFO perfrun.perfcollector <> - format: tid_en: config:19, mask:19
509 [139745951045376] INFO perfrun.perfcollector <> - format: thresh: config:24-31, mask:24-31
509 [139745951045376] INFO perfrun.perfcollector <> - hwInfo: not set, pmuFam: uncore_sbox
509 [139745951045376] INFO perfrun.perfcollector <> - pmu caps: raw,format
509 [139745951045376] INFO perfrun.perfcollector <> - pmu added: uncore_sbox, idx: 1
509 [139745951045376] INFO perfrun.perfcollector <> - dir found: /sys/bus/event_source/devices/uncore_cbox_7
509 [139745951045376] INFO perfrun.perfcollector <> - format: event: config:0-7, mask:0-7
509 [139745951045376] INFO perfrun.perfcollector <> - format: filter_link: config1:6-8, mask:6-8
509 [139745951045376] INFO perfrun.perfcollector <> - format: filter_c6: config1:61, mask:61
509 [139745951045376] INFO perfrun.perfcollector <> - format: edge: config:18, mask:18
509 [139745951045376] INFO perfrun.perfcollector <> - format: filter_isoc: config1:63, mask:63
509 [139745951045376] INFO perfrun.perfcollector <> - format: filter_tid: config1:0-5, mask:0-5
509 [139745951045376] INFO perfrun.perfcollector <> - format: filter_nid: config1:32-47, mask:32-47
509 [139745951045376] INFO perfrun.perfcollector <> - format: filter_nc: config1:62, mask:62
509 [139745951045376] INFO perfrun.perfcollector <> - format: umask: config:8-15, mask:8-15
509 [139745951045376] INFO perfrun.perfcollector <> - format: tid_en: config:19, mask:19
509 [139745951045376] INFO perfrun.perfcollector <> - format: thresh: config:24-31, mask:24-31
509 [139745951045376] INFO perfrun.perfcollector <> - format: filter_state: config1:17-23, mask:17-23
509 [139745951045376] INFO perfrun.perfcollector <> - format: filter_opc: config1:52-60, mask:52-60
509 [139745951045376] INFO perfrun.perfcollector <> - hwInfo: PERF_CBOX_PMU_DETAILS
509 [139745951045376] INFO perfrun.perfcollector <> - pmu caps: raw,format
509 [139745951045376] INFO perfrun.perfcollector <> - pmu added: uncore_cbox, idx: 7
509 [139745951045376] INFO perfrun.perfcollector <> - dir found: /sys/bus/event_source/devices/uncore_cbox_12
510 [139745951045376] INFO perfrun.perfcollector <> - format: event: config:0-7, mask:0-7
510 [139745951045376] INFO perfrun.perfcollector <> - format: filter_link: config1:6-8, mask:6-8
510 [139745951045376] INFO perfrun.perfcollector <> - format: filter_c6: config1:61, mask:61
510 [139745951045376] INFO perfrun.perfcollector <> - format: edge: config:18, mask:18
510 [139745951045376] INFO perfrun.perfcollector <> - format: filter_isoc: config1:63, mask:63
510 [139745951045376] INFO perfrun.perfcollector <> - format: filter_tid: config1:0-5, mask:0-5
510 [139745951045376] INFO perfrun.perfcollector <> - format: filter_nid: config1:32-47, mask:32-47
510 [139745951045376] INFO perfrun.perfcollector <> - format: filter_nc: config1:62, mask:62
510 [139745951045376] INFO perfrun.perfcollector <> - format: umask: config:8-15, mask:8-15
510 [139745951045376] INFO perfrun.perfcollector <> - format: tid_en: config:19, mask:19
510 [139745951045376] INFO perfrun.perfcollector <> - format: thresh: config:24-31, mask:24-31
510 [139745951045376] INFO perfrun.perfcollector <> - format: filter_state: config1:17-23, mask:17-23
510 [139745951045376] INFO perfrun.perfcollector <> - format: filter_opc: config1:52-60, mask:52-60
510 [139745951045376] INFO perfrun.perfcollector <> - hwInfo: PERF_CBOX_PMU_DETAILS
510 [139745951045376] INFO perfrun.perfcollector <> - pmu caps: raw,format
510 [139745951045376] INFO perfrun.perfcollector <> - pmu added: uncore_cbox, idx: 12
510 [139745951045376] INFO perfrun.perfcollector <> - dir found: /sys/bus/event_source/devices/kprobe
510 [139745951045376] INFO perfrun.perfcollector <> - format: retprobe: config:0, mask:0
510 [139745951045376] INFO perfrun.perfcollector <> - hwInfo: not set, pmuFam: kprobe
510 [139745951045376] INFO perfrun.perfcollector <> - pmu caps: raw,format
510 [139745951045376] INFO perfrun.perfcollector <> - pmu added: kprobe, idx: 0
510 [139745951045376] INFO perfrun.perfcollector <> - dir found: /sys/bus/event_source/devices/uncore_cbox_5
510 [139745951045376] INFO perfrun.perfcollector <> - format: event: config:0-7, mask:0-7
511 [139745951045376] INFO perfrun.perfcollector <> - format: filter_link: config1:6-8, mask:6-8
511 [139745951045376] INFO perfrun.perfcollector <> - format: filter_c6: config1:61, mask:61
511 [139745951045376] INFO perfrun.perfcollector <> - format: edge: config:18, mask:18
511 [139745951045376] INFO perfrun.perfcollector <> - format: filter_isoc: config1:63, mask:63
511 [139745951045376] INFO perfrun.perfcollector <> - format: filter_tid: config1:0-5, mask:0-5
511 [139745951045376] INFO perfrun.perfcollector <> - format: filter_nid: config1:32-47, mask:32-47
511 [139745951045376] INFO perfrun.perfcollector <> - format: filter_nc: config1:62, mask:62
511 [139745951045376] INFO perfrun.perfcollector <> - format: umask: config:8-15, mask:8-15
511 [139745951045376] INFO perfrun.perfcollector <> - format: tid_en: config:19, mask:19
511 [139745951045376] INFO perfrun.perfcollector <> - format: thresh: config:24-31, mask:24-31
511 [139745951045376] INFO perfrun.perfcollector <> - format: filter_state: config1:17-23, mask:17-23
511 [139745951045376] INFO perfrun.perfcollector <> - format: filter_opc: config1:52-60, mask:52-60
511 [139745951045376] INFO perfrun.perfcollector <> - hwInfo: PERF_CBOX_PMU_DETAILS
511 [139745951045376] INFO perfrun.perfcollector <> - pmu caps: raw,format
511 [139745951045376] INFO perfrun.perfcollector <> - pmu added: uncore_cbox, idx: 5
511 [139745951045376] INFO perfrun.perfcollector <> - dir found: /sys/bus/event_source/devices/uncore_imc_0
511 [139745951045376] INFO perfrun.perfcollector <> - format: event: config:0-7, mask:0-7
511 [139745951045376] INFO perfrun.perfcollector <> - format: edge: config:18, mask:18
511 [139745951045376] INFO perfrun.perfcollector <> - format: inv: config:23, mask:23
511 [139745951045376] INFO perfrun.perfcollector <> - format: umask: config:8-15, mask:8-15
511 [139745951045376] INFO perfrun.perfcollector <> - format: thresh: config:24-31, mask:24-31
511 [139745951045376] INFO perfrun.perfcollector <> - hwInfo: PERF_IMC_PMU_DETAILS
511 [139745951045376] INFO perfrun.perfcollector <> - pmu caps: raw,format,events
511 [139745951045376] INFO perfrun.perfcollector <> - pmu added: uncore_imc, idx: 0
512 [139745951045376] INFO perfrun.perfcollector <> - dir found: /sys/bus/event_source/devices/uncore_cbox_10
512 [139745951045376] INFO perfrun.perfcollector <> - format: event: config:0-7, mask:0-7
512 [139745951045376] INFO perfrun.perfcollector <> - format: filter_link: config1:6-8, mask:6-8
512 [139745951045376] INFO perfrun.perfcollector <> - format: filter_c6: config1:61, mask:61
512 [139745951045376] INFO perfrun.perfcollector <> - format: edge: config:18, mask:18
512 [139745951045376] INFO perfrun.perfcollector <> - format: filter_isoc: config1:63, mask:63
512 [139745951045376] INFO perfrun.perfcollector <> - format: filter_tid: config1:0-5, mask:0-5
512 [139745951045376] INFO perfrun.perfcollector <> - format: filter_nid: config1:32-47, mask:32-47
512 [139745951045376] INFO perfrun.perfcollector <> - format: filter_nc: config1:62, mask:62
512 [139745951045376] INFO perfrun.perfcollector <> - format: umask: config:8-15, mask:8-15
512 [139745951045376] INFO perfrun.perfcollector <> - format: tid_en: config:19, mask:19
512 [139745951045376] INFO perfrun.perfcollector <> - format: thresh: config:24-31, mask:24-31
512 [139745951045376] INFO perfrun.perfcollector <> - format: filter_state: config1:17-23, mask:17-23
512 [139745951045376] INFO perfrun.perfcollector <> - format: filter_opc: config1:52-60, mask:52-60
512 [139745951045376] INFO perfrun.perfcollector <> - hwInfo: PERF_CBOX_PMU_DETAILS
512 [139745951045376] INFO perfrun.perfcollector <> - pmu caps: raw,format
512 [139745951045376] INFO perfrun.perfcollector <> - pmu added: uncore_cbox, idx: 10
512 [139745951045376] INFO perfrun.perfcollector <> - dir found: /sys/bus/event_source/devices/uncore_pcu
512 [139745951045376] INFO perfrun.perfcollector <> - format: filter_band2: config1:16-23, mask:16-23
512 [139745951045376] INFO perfrun.perfcollector <> - format: event: config:0-7, mask:0-7
512 [139745951045376] INFO perfrun.perfcollector <> - format: filter_band0: config1:0-7, mask:0-7
513 [139745951045376] INFO perfrun.perfcollector <> - format: edge: config:18, mask:18
513 [139745951045376] INFO perfrun.perfcollector <> - format: occ_invert: config:30, mask:30
513 [139745951045376] INFO perfrun.perfcollector <> - format: occ_edge: config:14-51, mask:14-51
513 [139745951045376] INFO perfrun.perfcollector <> - format: filter_band3: config1:24-31, mask:24-31
513 [139745951045376] INFO perfrun.perfcollector <> - format: filter_band1: config1:8-15, mask:8-15
513 [139745951045376] INFO perfrun.perfcollector <> - format: inv: config:23, mask:23
513 [139745951045376] INFO perfrun.perfcollector <> - format: thresh: config:24-28, mask:24-28
513 [139745951045376] INFO perfrun.perfcollector <> - format: occ_sel: config:14-15, mask:14-15
513 [139745951045376] INFO perfrun.perfcollector <> - hwInfo: not set, pmuFam: uncore_pcu
513 [139745951045376] INFO perfrun.perfcollector <> - pmu caps: raw,format
513 [139745951045376] INFO perfrun.perfcollector <> - pmu added: uncore_pcu, idx: 0
513 [139745951045376] INFO perfrun.perfcollector <> - dir found: /sys/bus/event_source/devices/uncore_r3qpi_1
513 [139745951045376] INFO perfrun.perfcollector <> - format: event: config:0-7, mask:0-7
513 [139745951045376] INFO perfrun.perfcollector <> - format: edge: config:18, mask:18
513 [139745951045376] INFO perfrun.perfcollector <> - format: inv: config:23, mask:23
513 [139745951045376] INFO perfrun.perfcollector <> - format: umask: config:8-15, mask:8-15
513 [139745951045376] INFO perfrun.perfcollector <> - format: thresh: config:24-31, mask:24-31
513 [139745951045376] INFO perfrun.perfcollector <> - hwInfo: not set, pmuFam: uncore_r3qpi
513 [139745951045376] INFO perfrun.perfcollector <> - pmu caps: raw,format
513 [139745951045376] INFO perfrun.perfcollector <> - pmu added: uncore_r3qpi, idx: 1
513 [139745951045376] INFO perfrun.perfcollector <> - dir found: /sys/bus/event_source/devices/msr
513 [139745951045376] INFO perfrun.perfcollector <> - format: event: config:0-63, mask:0-63
513 [139745951045376] INFO perfrun.perfcollector <> - hwInfo: not set, pmuFam: msr
513 [139745951045376] INFO perfrun.perfcollector <> - pmu caps: raw,format,events
513 [139745951045376] INFO perfrun.perfcollector <> - pmu added: msr, idx: 0
514 [139745951045376] INFO perfrun.perfcollector <> - dir found: /sys/bus/event_source/devices/uncore_cbox_3
514 [139745951045376] INFO perfrun.perfcollector <> - format: event: config:0-7, mask:0-7
514 [139745951045376] INFO perfrun.perfcollector <> - format: filter_link: config1:6-8, mask:6-8
514 [139745951045376] INFO perfrun.perfcollector <> - format: filter_c6: config1:61, mask:61
514 [139745951045376] INFO perfrun.perfcollector <> - format: edge: config:18, mask:18
514 [139745951045376] INFO perfrun.perfcollector <> - format: filter_isoc: config1:63, mask:63
514 [139745951045376] INFO perfrun.perfcollector <> - format: filter_tid: config1:0-5, mask:0-5
514 [139745951045376] INFO perfrun.perfcollector <> - format: filter_nid: config1:32-47, mask:32-47
514 [139745951045376] INFO perfrun.perfcollector <> - format: filter_nc: config1:62, mask:62
514 [139745951045376] INFO perfrun.perfcollector <> - format: umask: config:8-15, mask:8-15
514 [139745951045376] INFO perfrun.perfcollector <> - format: tid_en: config:19, mask:19
514 [139745951045376] INFO perfrun.perfcollector <> - format: thresh: config:24-31, mask:24-31
514 [139745951045376] INFO perfrun.perfcollector <> - format: filter_state: config1:17-23, mask:17-23
514 [139745951045376] INFO perfrun.perfcollector <> - format: filter_opc: config1:52-60, mask:52-60
514 [139745951045376] INFO perfrun.perfcollector <> - hwInfo: PERF_CBOX_PMU_DETAILS
514 [139745951045376] INFO perfrun.perfcollector <> - pmu caps: raw,format
514 [139745951045376] INFO perfrun.perfcollector <> - pmu added: uncore_cbox, idx: 3
514 [139745951045376] INFO perfrun.perfcollector <> - dir found: /sys/bus/event_source/devices/intel_pt
514 [139745951045376] INFO perfrun.perfcollector <> - format: ptw: config:12, mask:12
514 [139745951045376] INFO perfrun.perfcollector <> - format: event: config:31, mask:31
514 [139745951045376] INFO perfrun.perfcollector <> - format: cyc_thresh: config:19-22, mask:19-22
514 [139745951045376] INFO perfrun.perfcollector <> - format: pt: config:0, mask:0
515 [139745951045376] INFO perfrun.perfcollector <> - format: notnt: config:55, mask:55
515 [139745951045376] INFO perfrun.perfcollector <> - format: branch: config:13, mask:13
515 [139745951045376] INFO perfrun.perfcollector <> - format: tsc: config:10, mask:10
515 [139745951045376] INFO perfrun.perfcollector <> - format: pwr_evt: config:4, mask:4
515 [139745951045376] INFO perfrun.perfcollector <> - format: fup_on_ptw: config:5, mask:5
515 [139745951045376] INFO perfrun.perfcollector <> - format: cyc: config:1, mask:1
515 [139745951045376] INFO perfrun.perfcollector <> - format: noretcomp: config:11, mask:11
515 [139745951045376] INFO perfrun.perfcollector <> - format: mtc: config:9, mask:9
515 [139745951045376] INFO perfrun.perfcollector <> - format: psb_period: config:24-27, mask:24-27
515 [139745951045376] INFO perfrun.perfcollector <> - format: mtc_period: config:14-17, mask:14-17
515 [139745951045376] INFO perfrun.perfcollector <> - hwInfo: not set, pmuFam: intel_pt
515 [139745951045376] INFO perfrun.perfcollector <> - pmu caps: raw,format
515 [139745951045376] INFO perfrun.perfcollector <> - pmu added: intel_pt, idx: 0
515 [139745951045376] INFO perfrun.perfcollector <> - dir found: /sys/bus/event_source/devices/uncore_ha_1
515 [139745951045376] INFO perfrun.perfcollector <> - format: event: config:0-7, mask:0-7
515 [139745951045376] INFO perfrun.perfcollector <> - format: edge: config:18, mask:18
515 [139745951045376] INFO perfrun.perfcollector <> - format: inv: config:23, mask:23
515 [139745951045376] INFO perfrun.perfcollector <> - format: umask: config:8-15, mask:8-15
515 [139745951045376] INFO perfrun.perfcollector <> - format: thresh: config:24-31, mask:24-31
515 [139745951045376] INFO perfrun.perfcollector <> - hwInfo: not set, pmuFam: uncore_ha
515 [139745951045376] INFO perfrun.perfcollector <> - pmu caps: raw,format
515 [139745951045376] INFO perfrun.perfcollector <> - pmu added: uncore_ha, idx: 1
515 [139745951045376] INFO perfrun.perfcollector <> - dir found: /sys/bus/event_source/devices/uncore_cbox_1
516 [139745951045376] INFO perfrun.perfcollector <> - format: event: config:0-7, mask:0-7
516 [139745951045376] INFO perfrun.perfcollector <> - format: filter_link: config1:6-8, mask:6-8
516 [139745951045376] INFO perfrun.perfcollector <> - format: filter_c6: config1:61, mask:61
516 [139745951045376] INFO perfrun.perfcollector <> - format: edge: config:18, mask:18
516 [139745951045376] INFO perfrun.perfcollector <> - format: filter_isoc: config1:63, mask:63
516 [139745951045376] INFO perfrun.perfcollector <> - format: filter_tid: config1:0-5, mask:0-5
516 [139745951045376] INFO perfrun.perfcollector <> - format: filter_nid: config1:32-47, mask:32-47
516 [139745951045376] INFO perfrun.perfcollector <> - format: filter_nc: config1:62, mask:62
516 [139745951045376] INFO perfrun.perfcollector <> - format: umask: config:8-15, mask:8-15
516 [139745951045376] INFO perfrun.perfcollector <> - format: tid_en: config:19, mask:19
516 [139745951045376] INFO perfrun.perfcollector <> - format: thresh: config:24-31, mask:24-31
516 [139745951045376] INFO perfrun.perfcollector <> - format: filter_state: config1:17-23, mask:17-23
516 [139745951045376] INFO perfrun.perfcollector <> - format: filter_opc: config1:52-60, mask:52-60
516 [139745951045376] INFO perfrun.perfcollector <> - hwInfo: PERF_CBOX_PMU_DETAILS
516 [139745951045376] INFO perfrun.perfcollector <> - pmu caps: raw,format
516 [139745951045376] INFO perfrun.perfcollector <> - pmu added: uncore_cbox, idx: 1
516 [139745951045376] INFO perfrun.perfcollector <> - Perf tool path: /opt/intel/oneapi/vtune/2024.2/bin64/amplxe-perf
516 [139745951045376] INFO perfrun.perfcollector <> - Data directory: /tmp/amplxe-tmp-dragos.boncan/amplxe-res-3375677-47560436483386424/data.0
516 [139745951045376] INFO perfrun.perfcollector <> - Temp directory: /tmp/amplxe-tmp-dragos.boncan
516 [139745951045376] INFO perfrun.perfcollector <> - Perf sync path: /opt/intel/oneapi/vtune/2024.2/bin64/amplxe-perf-sync
516 [139745951045376] INFO perfrun.perfcollector <> - Hypervisor = None
516 [139745951045376] INFO perfrun.perfcollector <> - Counting mode is requested
516 [139745951045376] WARN perfrun.launcher <> - Messenger::say: Only user space will be profiled due to credentials lack. Consider changing /proc/sys/kernel/perf_event_paranoid file for enabling kernel space profiling.
516 [139745951045376] INFO perfrun.perfcollector <> - Sample after multiplier: 1
517 [139745951045376] INFO perfrun.sdk <> - runCmd: /opt/intel/oneapi/vtune/2024.2/bin64/sep -dry-run -sam 1 -ec CPU_CLK_UNHALTED.THREAD,CPU_CLK_UNHALTED.REF_TSC:sample:sa=2400000,INST_RETIRED.ANY:sample:sa=2400000,CPU_CLK_UNHALTED.REF_XCLK,CPU_CLK_UNHALTED.ONE_THREAD_ACTIVE,FP_ARITH_INST_RETIRED.SCALAR_SINGLE,FP_ARITH_INST_RETIRED.128B_PACKED_SINGLE,FP_ARITH_INST_RETIRED.256B_PACKED_SINGLE,FP_ARITH_INST_RETIRED.SCALAR_DOUBLE,FP_ARITH_INST_RETIRED.128B_PACKED_DOUBLE,FP_ARITH_INST_RETIRED.256B_PACKED_DOUBLE,INST_RETIRED.X87,UOPS_RETIRED.RETIRE_SLOTS:sample:sa=2000003,UOPS_EXECUTED.THREAD -experimental
517 [139745951045376] INFO perfrun.sdk <> - runCmd started PID 3375681
551 [139745951045376] INFO perfrun.perfcollector <> - SepDryRun RC = true
551 [139745951045376] INFO perfrun.perfcollector <> - Loading SEP event configuration
551 [139745951045376] INFO perfrun.perfcollector <> - pmu: cpu
551 [139745951045376] INFO perfrun.perfcollector <> - group_id: 0
551 [139745951045376] INFO perfrun.perfcollector <> - event_id: 2: INST_RETIRED.ANY
551 [139745951045376] INFO perfrun.perfcollector <> - event_id: 0: CPU_CLK_UNHALTED.THREAD
551 [139745951045376] INFO perfrun.perfcollector <> - event_id: 1: CPU_CLK_UNHALTED.REF_TSC
551 [139745951045376] INFO perfrun.perfcollector <> - event_id: 3: CPU_CLK_UNHALTED.REF_XCLK
551 [139745951045376] INFO perfrun.perfcollector <> - event_id: 4: CPU_CLK_UNHALTED.ONE_THREAD_ACTIVE
551 [139745951045376] INFO perfrun.perfcollector <> - event_id: 5: FP_ARITH_INST_RETIRED.SCALAR_SINGLE
551 [139745951045376] INFO perfrun.perfcollector <> - event_id: 6: FP_ARITH_INST_RETIRED.128B_PACKED_SINGLE
551 [139745951045376] INFO perfrun.perfcollector <> - event_id: 3: cccr: addr: 186, value: 53013c
551 [139745951045376] INFO perfrun.perfcollector <> - event_id: 4: cccr: addr: 187, value: 53023c
551 [139745951045376] INFO perfrun.perfcollector <> - event_id: 5: cccr: addr: 188, value: 5302c7
551 [139745951045376] INFO perfrun.perfcollector <> - event_id: 6: cccr: addr: 189, value: 5308c7
551 [139745951045376] INFO perfrun.perfcollector <> - event_id: 2: data: addr: 309, value: ffffffffffdb6100
551 [139745951045376] INFO perfrun.perfcollector <> - event_id: 0: data: addr: 30a, value: ffffffffffe17b7d
551 [139745951045376] INFO perfrun.perfcollector <> - event_id: 1: data: addr: 30b, value: ffffffffffdb6100
551 [139745951045376] INFO perfrun.perfcollector <> - event_id: 3: data: addr: c1, value: fffffffffffe795d
551 [139745951045376] INFO perfrun.perfcollector <> - event_id: 4: data: addr: c2, value: fffffffffffe795d
551 [139745951045376] INFO perfrun.perfcollector <> - event_id: 5: data: addr: c3, value: ffffffffffe17b7d
551 [139745951045376] INFO perfrun.perfcollector <> - event_id: 6: data: addr: c4, value: ffffffffffe17b7d
551 [139745951045376] INFO perfrun.perfcollector <> - group_id: 1
551 [139745951045376] INFO perfrun.perfcollector <> - event_id: 2: INST_RETIRED.ANY
551 [139745951045376] INFO perfrun.perfcollector <> - event_id: 0: CPU_CLK_UNHALTED.THREAD
551 [139745951045376] INFO perfrun.perfcollector <> - event_id: 1: CPU_CLK_UNHALTED.REF_TSC
551 [139745951045376] INFO perfrun.perfcollector <> - event_id: 7: FP_ARITH_INST_RETIRED.256B_PACKED_SINGLE
551 [139745951045376] INFO perfrun.perfcollector <> - event_id: 8: FP_ARITH_INST_RETIRED.SCALAR_DOUBLE
551 [139745951045376] INFO perfrun.perfcollector <> - event_id: 9: FP_ARITH_INST_RETIRED.128B_PACKED_DOUBLE
551 [139745951045376] INFO perfrun.perfcollector <> - event_id: 10: FP_ARITH_INST_RETIRED.256B_PACKED_DOUBLE
551 [139745951045376] INFO perfrun.perfcollector <> - event_id: 7: cccr: addr: 186, value: 5320c7
551 [139745951045376] INFO perfrun.perfcollector <> - event_id: 8: cccr: addr: 187, value: 5301c7
551 [139745951045376] INFO perfrun.perfcollector <> - event_id: 9: cccr: addr: 188, value: 5304c7
551 [139745951045376] INFO perfrun.perfcollector <> - event_id: 10: cccr: addr: 189, value: 5310c7
551 [139745951045376] INFO perfrun.perfcollector <> - event_id: 2: data: addr: 309, value: ffffffffffdb6100
551 [139745951045376] INFO perfrun.perfcollector <> - event_id: 0: data: addr: 30a, value: ffffffffffe17b7d
551 [139745951045376] INFO perfrun.perfcollector <> - event_id: 1: data: addr: 30b, value: ffffffffffdb6100
551 [139745951045376] INFO perfrun.perfcollector <> - event_id: 7: data: addr: c1, value: ffffffffffe17b7d
551 [139745951045376] INFO perfrun.perfcollector <> - event_id: 8: data: addr: c2, value: ffffffffffe17b7d
551 [139745951045376] INFO perfrun.perfcollector <> - event_id: 9: data: addr: c3, value: ffffffffffe17b7d
551 [139745951045376] INFO perfrun.perfcollector <> - event_id: 10: data: addr: c4, value: ffffffffffe17b7d
551 [139745951045376] INFO perfrun.perfcollector <> - group_id: 2
551 [139745951045376] INFO perfrun.perfcollector <> - event_id: 2: INST_RETIRED.ANY
551 [139745951045376] INFO perfrun.perfcollector <> - event_id: 0: CPU_CLK_UNHALTED.THREAD
551 [139745951045376] INFO perfrun.perfcollector <> - event_id: 1: CPU_CLK_UNHALTED.REF_TSC
552 [139745951045376] INFO perfrun.perfcollector <> - event_id: 11: INST_RETIRED.X87
552 [139745951045376] INFO perfrun.perfcollector <> - event_id: 12: UOPS_RETIRED.RETIRE_SLOTS
552 [139745951045376] INFO perfrun.perfcollector <> - event_id: 13: UOPS_EXECUTED.THREAD
552 [139745951045376] INFO perfrun.perfcollector <> - event_id: 11: cccr: addr: 186, value: 5302c0
552 [139745951045376] INFO perfrun.perfcollector <> - event_id: 12: cccr: addr: 187, value: 5302c2
552 [139745951045376] INFO perfrun.perfcollector <> - event_id: 13: cccr: addr: 188, value: 5301b1
552 [139745951045376] INFO perfrun.perfcollector <> - event_id: 2: data: addr: 309, value: ffffffffffdb6100
552 [139745951045376] INFO perfrun.perfcollector <> - event_id: 0: data: addr: 30a, value: ffffffffffe17b7d
552 [139745951045376] INFO perfrun.perfcollector <> - event_id: 1: data: addr: 30b, value: ffffffffffdb6100
552 [139745951045376] INFO perfrun.perfcollector <> - event_id: 11: data: addr: c1, value: ffffffffffe17b7d
552 [139745951045376] INFO perfrun.perfcollector <> - event_id: 12: data: addr: c2, value: ffffffffffe17b7d
552 [139745951045376] INFO perfrun.perfcollector <> - event_id: 13: data: addr: c3, value: ffffffffffe17b7d
552 [139745951045376] INFO perfrun.perfcollector <> - Converting events to Perf format
552 [139745951045376] INFO perfrun.perfcollector <> - event: 0: CPU_CLK_UNHALTED.THREAD
552 [139745951045376] INFO perfrun.perfcollector <> - cccr: addr: ffffffff, value: 0
552 [139745951045376] INFO perfrun.perfcollector <> - data: addr: 30a, value: ffffffffffe17b7d
552 [139745951045376] INFO perfrun.perfcollector <> - pmu config: cpu
552 [139745951045376] INFO perfrun.perfcollector <> - config: any: 0
552 [139745951045376] INFO perfrun.perfcollector <> - config: cmask: 0
552 [139745951045376] INFO perfrun.perfcollector <> - config: edge: 0
552 [139745951045376] INFO perfrun.perfcollector <> - config: event: 3c
552 [139745951045376] INFO perfrun.perfcollector <> - config: in_tx: 0
552 [139745951045376] INFO perfrun.perfcollector <> - config: in_tx_cp: 0
552 [139745951045376] INFO perfrun.perfcollector <> - config: inv: 0
552 [139745951045376] INFO perfrun.perfcollector <> - config1: ldlat: 0
552 [139745951045376] INFO perfrun.perfcollector <> - config1: offcore_rsp: 0
552 [139745951045376] INFO perfrun.perfcollector <> - config: pc: 0
552 [139745951045376] INFO perfrun.perfcollector <> - config: umask: 0
552 [139745951045376] INFO perfrun.perfcollector <> - format: cpu/event=0x3c,name='CPU_CLK_UNHALTED.THREAD'/D
552 [139745951045376] INFO perfrun.perfcollector <> - event: 1: CPU_CLK_UNHALTED.REF_TSC
552 [139745951045376] INFO perfrun.perfcollector <> - cccr: addr: ffffffff, value: 0
552 [139745951045376] INFO perfrun.perfcollector <> - data: addr: 30b, value: ffffffffffdb6100
552 [139745951045376] INFO perfrun.perfcollector <> - pmu config: cpu
552 [139745951045376] INFO perfrun.perfcollector <> - config: any: 0
552 [139745951045376] INFO perfrun.perfcollector <> - config: cmask: 0
552 [139745951045376] INFO perfrun.perfcollector <> - config: edge: 0
552 [139745951045376] INFO perfrun.perfcollector <> - config: event: 0
552 [139745951045376] INFO perfrun.perfcollector <> - config: in_tx: 0
552 [139745951045376] INFO perfrun.perfcollector <> - config: in_tx_cp: 0
552 [139745951045376] INFO perfrun.perfcollector <> - config: inv: 0
552 [139745951045376] INFO perfrun.perfcollector <> - config1: ldlat: 0
552 [139745951045376] INFO perfrun.perfcollector <> - config1: offcore_rsp: 0
552 [139745951045376] INFO perfrun.perfcollector <> - config: pc: 0
552 [139745951045376] INFO perfrun.perfcollector <> - config: umask: 3
552 [139745951045376] INFO perfrun.perfcollector <> - format: cpu/umask=0x3,name='CPU_CLK_UNHALTED.REF_TSC'/D
552 [139745951045376] INFO perfrun.perfcollector <> - event: 2: INST_RETIRED.ANY
552 [139745951045376] INFO perfrun.perfcollector <> - cccr: addr: ffffffff, value: 0
552 [139745951045376] INFO perfrun.perfcollector <> - data: addr: 309, value: ffffffffffdb6100
552 [139745951045376] INFO perfrun.perfcollector <> - pmu config: cpu
552 [139745951045376] INFO perfrun.perfcollector <> - config: any: 0
552 [139745951045376] INFO perfrun.perfcollector <> - config: cmask: 0
552 [139745951045376] INFO perfrun.perfcollector <> - config: edge: 0
552 [139745951045376] INFO perfrun.perfcollector <> - config: event: c0
552 [139745951045376] INFO perfrun.perfcollector <> - config: in_tx: 0
552 [139745951045376] INFO perfrun.perfcollector <> - config: in_tx_cp: 0
552 [139745951045376] INFO perfrun.perfcollector <> - config: inv: 0
552 [139745951045376] INFO perfrun.perfcollector <> - config1: ldlat: 0
552 [139745951045376] INFO perfrun.perfcollector <> - config1: offcore_rsp: 0
552 [139745951045376] INFO perfrun.perfcollector <> - config: pc: 0
552 [139745951045376] INFO perfrun.perfcollector <> - config: umask: 0
552 [139745951045376] INFO perfrun.perfcollector <> - format: cpu/event=0xc0,name='INST_RETIRED.ANY'/D
552 [139745951045376] INFO perfrun.perfcollector <> - event: 3: CPU_CLK_UNHALTED.REF_XCLK
552 [139745951045376] INFO perfrun.perfcollector <> - cccr: addr: 186, value: 53013c
552 [139745951045376] INFO perfrun.perfcollector <> - data: addr: c1, value: fffffffffffe795d
552 [139745951045376] INFO perfrun.perfcollector <> - pmu config: cpu
552 [139745951045376] INFO perfrun.perfcollector <> - config: any: 0
552 [139745951045376] INFO perfrun.perfcollector <> - config: cmask: 0
552 [139745951045376] INFO perfrun.perfcollector <> - config: edge: 0
552 [139745951045376] INFO perfrun.perfcollector <> - config: event: 3c
552 [139745951045376] INFO perfrun.perfcollector <> - config: in_tx: 0
552 [139745951045376] INFO perfrun.perfcollector <> - config: in_tx_cp: 0
552 [139745951045376] INFO perfrun.perfcollector <> - config: inv: 0
552 [139745951045376] INFO perfrun.perfcollector <> - config1: ldlat: 0
552 [139745951045376] INFO perfrun.perfcollector <> - config1: offcore_rsp: 0
552 [139745951045376] INFO perfrun.perfcollector <> - config: pc: 0
552 [139745951045376] INFO perfrun.perfcollector <> - config: umask: 1
552 [139745951045376] INFO perfrun.perfcollector <> - format: cpu/event=0x3c,umask=0x1,name='CPU_CLK_UNHALTED.REF_XCLK'/
552 [139745951045376] INFO perfrun.perfcollector <> - event: 4: CPU_CLK_UNHALTED.ONE_THREAD_ACTIVE
552 [139745951045376] INFO perfrun.perfcollector <> - cccr: addr: 187, value: 53023c
552 [139745951045376] INFO perfrun.perfcollector <> - data: addr: c2, value: fffffffffffe795d
552 [139745951045376] INFO perfrun.perfcollector <> - pmu config: cpu
552 [139745951045376] INFO perfrun.perfcollector <> - config: any: 0
552 [139745951045376] INFO perfrun.perfcollector <> - config: cmask: 0
552 [139745951045376] INFO perfrun.perfcollector <> - config: edge: 0
552 [139745951045376] INFO perfrun.perfcollector <> - config: event: 3c
552 [139745951045376] INFO perfrun.perfcollector <> - config: in_tx: 0
552 [139745951045376] INFO perfrun.perfcollector <> - config: in_tx_cp: 0
552 [139745951045376] INFO perfrun.perfcollector <> - config: inv: 0
552 [139745951045376] INFO perfrun.perfcollector <> - config1: ldlat: 0
552 [139745951045376] INFO perfrun.perfcollector <> - config1: offcore_rsp: 0
552 [139745951045376] INFO perfrun.perfcollector <> - config: pc: 0
552 [139745951045376] INFO perfrun.perfcollector <> - config: umask: 2
552 [139745951045376] INFO perfrun.perfcollector <> - format: cpu/event=0x3c,umask=0x2,name='CPU_CLK_UNHALTED.ONE_THREAD_ACTIVE'/
552 [139745951045376] INFO perfrun.perfcollector <> - event: 5: FP_ARITH_INST_RETIRED.SCALAR_SINGLE
552 [139745951045376] INFO perfrun.perfcollector <> - cccr: addr: 188, value: 5302c7
552 [139745951045376] INFO perfrun.perfcollector <> - data: addr: c3, value: ffffffffffe17b7d
552 [139745951045376] INFO perfrun.perfcollector <> - pmu config: cpu
552 [139745951045376] INFO perfrun.perfcollector <> - config: any: 0
552 [139745951045376] INFO perfrun.perfcollector <> - config: cmask: 0
552 [139745951045376] INFO perfrun.perfcollector <> - config: edge: 0
552 [139745951045376] INFO perfrun.perfcollector <> - config: event: c7
552 [139745951045376] INFO perfrun.perfcollector <> - config: in_tx: 0
552 [139745951045376] INFO perfrun.perfcollector <> - config: in_tx_cp: 0
552 [139745951045376] INFO perfrun.perfcollector <> - config: inv: 0
552 [139745951045376] INFO perfrun.perfcollector <> - config1: ldlat: 0
552 [139745951045376] INFO perfrun.perfcollector <> - config1: offcore_rsp: 0
552 [139745951045376] INFO perfrun.perfcollector <> - config: pc: 0
552 [139745951045376] INFO perfrun.perfcollector <> - config: umask: 2
552 [139745951045376] INFO perfrun.perfcollector <> - format: cpu/event=0xc7,umask=0x2,name='FP_ARITH_INST_RETIRED.SCALAR_SINGLE'/
552 [139745951045376] INFO perfrun.perfcollector <> - event: 6: FP_ARITH_INST_RETIRED.128B_PACKED_SINGLE
553 [139745951045376] INFO perfrun.perfcollector <> - cccr: addr: 189, value: 5308c7
553 [139745951045376] INFO perfrun.perfcollector <> - data: addr: c4, value: ffffffffffe17b7d
553 [139745951045376] INFO perfrun.perfcollector <> - pmu config: cpu
553 [139745951045376] INFO perfrun.perfcollector <> - config: any: 0
553 [139745951045376] INFO perfrun.perfcollector <> - config: cmask: 0
553 [139745951045376] INFO perfrun.perfcollector <> - config: edge: 0
553 [139745951045376] INFO perfrun.perfcollector <> - config: event: c7
553 [139745951045376] INFO perfrun.perfcollector <> - config: in_tx: 0
553 [139745951045376] INFO perfrun.perfcollector <> - config: in_tx_cp: 0
553 [139745951045376] INFO perfrun.perfcollector <> - config: inv: 0
553 [139745951045376] INFO perfrun.perfcollector <> - config1: ldlat: 0
553 [139745951045376] INFO perfrun.perfcollector <> - config1: offcore_rsp: 0
553 [139745951045376] INFO perfrun.perfcollector <> - config: pc: 0
553 [139745951045376] INFO perfrun.perfcollector <> - config: umask: 8
553 [139745951045376] INFO perfrun.perfcollector <> - format: cpu/event=0xc7,umask=0x8,name='FP_ARITH_INST_RETIRED.128B_PACKED_SINGLE'/
553 [139745951045376] INFO perfrun.perfcollector <> - event: 7: FP_ARITH_INST_RETIRED.256B_PACKED_SINGLE
553 [139745951045376] INFO perfrun.perfcollector <> - cccr: addr: 186, value: 5320c7
553 [139745951045376] INFO perfrun.perfcollector <> - data: addr: c1, value: ffffffffffe17b7d
553 [139745951045376] INFO perfrun.perfcollector <> - pmu config: cpu
553 [139745951045376] INFO perfrun.perfcollector <> - config: any: 0
553 [139745951045376] INFO perfrun.perfcollector <> - config: cmask: 0
553 [139745951045376] INFO perfrun.perfcollector <> - config: edge: 0
553 [139745951045376] INFO perfrun.perfcollector <> - config: event: c7
553 [139745951045376] INFO perfrun.perfcollector <> - config: in_tx: 0
553 [139745951045376] INFO perfrun.perfcollector <> - config: in_tx_cp: 0
553 [139745951045376] INFO perfrun.perfcollector <> - config: inv: 0
553 [139745951045376] INFO perfrun.perfcollector <> - config1: ldlat: 0
553 [139745951045376] INFO perfrun.perfcollector <> - config1: offcore_rsp: 0
553 [139745951045376] INFO perfrun.perfcollector <> - config: pc: 0
553 [139745951045376] INFO perfrun.perfcollector <> - config: umask: 20
553 [139745951045376] INFO perfrun.perfcollector <> - format: cpu/event=0xc7,umask=0x20,name='FP_ARITH_INST_RETIRED.256B_PACKED_SINGLE'/
553 [139745951045376] INFO perfrun.perfcollector <> - event: 8: FP_ARITH_INST_RETIRED.SCALAR_DOUBLE
553 [139745951045376] INFO perfrun.perfcollector <> - cccr: addr: 187, value: 5301c7
553 [139745951045376] INFO perfrun.perfcollector <> - data: addr: c2, value: ffffffffffe17b7d
553 [139745951045376] INFO perfrun.perfcollector <> - pmu config: cpu
553 [139745951045376] INFO perfrun.perfcollector <> - config: any: 0
553 [139745951045376] INFO perfrun.perfcollector <> - config: cmask: 0
553 [139745951045376] INFO perfrun.perfcollector <> - config: edge: 0
553 [139745951045376] INFO perfrun.perfcollector <> - config: event: c7
553 [139745951045376] INFO perfrun.perfcollector <> - config: in_tx: 0
553 [139745951045376] INFO perfrun.perfcollector <> - config: in_tx_cp: 0
553 [139745951045376] INFO perfrun.perfcollector <> - config: inv: 0
553 [139745951045376] INFO perfrun.perfcollector <> - config1: ldlat: 0
553 [139745951045376] INFO perfrun.perfcollector <> - config1: offcore_rsp: 0
553 [139745951045376] INFO perfrun.perfcollector <> - config: pc: 0
553 [139745951045376] INFO perfrun.perfcollector <> - config: umask: 1
553 [139745951045376] INFO perfrun.perfcollector <> - format: cpu/event=0xc7,umask=0x1,name='FP_ARITH_INST_RETIRED.SCALAR_DOUBLE'/
553 [139745951045376] INFO perfrun.perfcollector <> - event: 9: FP_ARITH_INST_RETIRED.128B_PACKED_DOUBLE
553 [139745951045376] INFO perfrun.perfcollector <> - cccr: addr: 188, value: 5304c7
553 [139745951045376] INFO perfrun.perfcollector <> - data: addr: c3, value: ffffffffffe17b7d
553 [139745951045376] INFO perfrun.perfcollector <> - pmu config: cpu
553 [139745951045376] INFO perfrun.perfcollector <> - config: any: 0
553 [139745951045376] INFO perfrun.perfcollector <> - config: cmask: 0
553 [139745951045376] INFO perfrun.perfcollector <> - config: edge: 0
553 [139745951045376] INFO perfrun.perfcollector <> - config: event: c7
553 [139745951045376] INFO perfrun.perfcollector <> - config: in_tx: 0
553 [139745951045376] INFO perfrun.perfcollector <> - config: in_tx_cp: 0
553 [139745951045376] INFO perfrun.perfcollector <> - config: inv: 0
553 [139745951045376] INFO perfrun.perfcollector <> - config1: ldlat: 0
553 [139745951045376] INFO perfrun.perfcollector <> - config1: offcore_rsp: 0
553 [139745951045376] INFO perfrun.perfcollector <> - config: pc: 0
553 [139745951045376] INFO perfrun.perfcollector <> - config: umask: 4
553 [139745951045376] INFO perfrun.perfcollector <> - format: cpu/event=0xc7,umask=0x4,name='FP_ARITH_INST_RETIRED.128B_PACKED_DOUBLE'/
553 [139745951045376] INFO perfrun.perfcollector <> - event: 10: FP_ARITH_INST_RETIRED.256B_PACKED_DOUBLE
553 [139745951045376] INFO perfrun.perfcollector <> - cccr: addr: 189, value: 5310c7
553 [139745951045376] INFO perfrun.perfcollector <> - data: addr: c4, value: ffffffffffe17b7d
553 [139745951045376] INFO perfrun.perfcollector <> - pmu config: cpu
553 [139745951045376] INFO perfrun.perfcollector <> - config: any: 0
553 [139745951045376] INFO perfrun.perfcollector <> - config: cmask: 0
553 [139745951045376] INFO perfrun.perfcollector <> - config: edge: 0
553 [139745951045376] INFO perfrun.perfcollector <> - config: event: c7
553 [139745951045376] INFO perfrun.perfcollector <> - config: in_tx: 0
553 [139745951045376] INFO perfrun.perfcollector <> - config: in_tx_cp: 0
553 [139745951045376] INFO perfrun.perfcollector <> - config: inv: 0
553 [139745951045376] INFO perfrun.perfcollector <> - config1: ldlat: 0
553 [139745951045376] INFO perfrun.perfcollector <> - config1: offcore_rsp: 0
553 [139745951045376] INFO perfrun.perfcollector <> - config: pc: 0
553 [139745951045376] INFO perfrun.perfcollector <> - config: umask: 10
553 [139745951045376] INFO perfrun.perfcollector <> - format: cpu/event=0xc7,umask=0x10,name='FP_ARITH_INST_RETIRED.256B_PACKED_DOUBLE'/
553 [139745951045376] INFO perfrun.perfcollector <> - event: 11: INST_RETIRED.X87
553 [139745951045376] INFO perfrun.perfcollector <> - cccr: addr: 186, value: 5302c0
553 [139745951045376] INFO perfrun.perfcollector <> - data: addr: c1, value: ffffffffffe17b7d
553 [139745951045376] INFO perfrun.perfcollector <> - pmu config: cpu
553 [139745951045376] INFO perfrun.perfcollector <> - config: any: 0
553 [139745951045376] INFO perfrun.perfcollector <> - config: cmask: 0
553 [139745951045376] INFO perfrun.perfcollector <> - config: edge: 0
553 [139745951045376] INFO perfrun.perfcollector <> - config: event: c0
553 [139745951045376] INFO perfrun.perfcollector <> - config: in_tx: 0
553 [139745951045376] INFO perfrun.perfcollector <> - config: in_tx_cp: 0
553 [139745951045376] INFO perfrun.perfcollector <> - config: inv: 0
553 [139745951045376] INFO perfrun.perfcollector <> - config1: ldlat: 0
553 [139745951045376] INFO perfrun.perfcollector <> - config1: offcore_rsp: 0
553 [139745951045376] INFO perfrun.perfcollector <> - config: pc: 0
553 [139745951045376] INFO perfrun.perfcollector <> - config: umask: 2
553 [139745951045376] INFO perfrun.perfcollector <> - format: cpu/event=0xc0,umask=0x2,name='INST_RETIRED.X87'/
553 [139745951045376] INFO perfrun.perfcollector <> - event: 12: UOPS_RETIRED.RETIRE_SLOTS
553 [139745951045376] INFO perfrun.perfcollector <> - cccr: addr: 187, value: 5302c2
553 [139745951045376] INFO perfrun.perfcollector <> - data: addr: c2, value: ffffffffffe17b7d
553 [139745951045376] INFO perfrun.perfcollector <> - pmu config: cpu
553 [139745951045376] INFO perfrun.perfcollector <> - config: any: 0
553 [139745951045376] INFO perfrun.perfcollector <> - config: cmask: 0
553 [139745951045376] INFO perfrun.perfcollector <> - config: edge: 0
553 [139745951045376] INFO perfrun.perfcollector <> - config: event: c2
553 [139745951045376] INFO perfrun.perfcollector <> - config: in_tx: 0
553 [139745951045376] INFO perfrun.perfcollector <> - config: in_tx_cp: 0
553 [139745951045376] INFO perfrun.perfcollector <> - config: inv: 0
553 [139745951045376] INFO perfrun.perfcollector <> - config1: ldlat: 0
553 [139745951045376] INFO perfrun.perfcollector <> - config1: offcore_rsp: 0
553 [139745951045376] INFO perfrun.perfcollector <> - config: pc: 0
553 [139745951045376] INFO perfrun.perfcollector <> - config: umask: 2
553 [139745951045376] INFO perfrun.perfcollector <> - format: cpu/event=0xc2,umask=0x2,name='UOPS_RETIRED.RETIRE_SLOTS'/
553 [139745951045376] INFO perfrun.perfcollector <> - event: 13: UOPS_EXECUTED.THREAD
553 [139745951045376] INFO perfrun.perfcollector <> - cccr: addr: 188, value: 5301b1
553 [139745951045376] INFO perfrun.perfcollector <> - data: addr: c3, value: ffffffffffe17b7d
553 [139745951045376] INFO perfrun.perfcollector <> - pmu config: cpu
553 [139745951045376] INFO perfrun.perfcollector <> - config: any: 0
553 [139745951045376] INFO perfrun.perfcollector <> - config: cmask: 0
553 [139745951045376] INFO perfrun.perfcollector <> - config: edge: 0
553 [139745951045376] INFO perfrun.perfcollector <> - config: event: b1
553 [139745951045376] INFO perfrun.perfcollector <> - config: in_tx: 0
553 [139745951045376] INFO perfrun.perfcollector <> - config: in_tx_cp: 0
553 [139745951045376] INFO perfrun.perfcollector <> - config: inv: 0
553 [139745951045376] INFO perfrun.perfcollector <> - config1: ldlat: 0
553 [139745951045376] INFO perfrun.perfcollector <> - config1: offcore_rsp: 0
553 [139745951045376] INFO perfrun.perfcollector <> - config: pc: 0
553 [139745951045376] INFO perfrun.perfcollector <> - config: umask: 1
553 [139745951045376] INFO perfrun.perfcollector <> - format: cpu/event=0xb1,umask=0x1,name='UOPS_EXECUTED.THREAD'/
553 [139745951045376] INFO perfrun.perfcollector <> - event: cpu/event=0x3c,name='CPU_CLK_UNHALTED.THREAD'/Du, added for counting
553 [139745951045376] INFO perfrun.perfcollector <> - event: cpu/umask=0x3,name='CPU_CLK_UNHALTED.REF_TSC'/Du, added for counting
553 [139745951045376] INFO perfrun.perfcollector <> - event: cpu/event=0xc0,name='INST_RETIRED.ANY'/Du, added for counting
553 [139745951045376] INFO perfrun.perfcollector <> - event: cpu/event=0x3c,umask=0x1,name='CPU_CLK_UNHALTED.REF_XCLK'/u, added for counting
554 [139745951045376] INFO perfrun.perfcollector <> - event: cpu/event=0x3c,umask=0x2,name='CPU_CLK_UNHALTED.ONE_THREAD_ACTIVE'/u, added for counting
554 [139745951045376] INFO perfrun.perfcollector <> - event: cpu/event=0xc7,umask=0x2,name='FP_ARITH_INST_RETIRED.SCALAR_SINGLE'/u, added for counting
554 [139745951045376] INFO perfrun.perfcollector <> - event: cpu/event=0xc7,umask=0x8,name='FP_ARITH_INST_RETIRED.128B_PACKED_SINGLE'/u, added for counting
554 [139745951045376] INFO perfrun.perfcollector <> - event: cpu/event=0xc7,umask=0x20,name='FP_ARITH_INST_RETIRED.256B_PACKED_SINGLE'/u, added for counting
554 [139745951045376] INFO perfrun.perfcollector <> - event: cpu/event=0xc7,umask=0x1,name='FP_ARITH_INST_RETIRED.SCALAR_DOUBLE'/u, added for counting
554 [139745951045376] INFO perfrun.perfcollector <> - event: cpu/event=0xc7,umask=0x4,name='FP_ARITH_INST_RETIRED.128B_PACKED_DOUBLE'/u, added for counting
554 [139745951045376] INFO perfrun.perfcollector <> - event: cpu/event=0xc7,umask=0x10,name='FP_ARITH_INST_RETIRED.256B_PACKED_DOUBLE'/u, added for counting
554 [139745951045376] INFO perfrun.perfcollector <> - event: cpu/event=0xc0,umask=0x2,name='INST_RETIRED.X87'/u, added for counting
554 [139745951045376] INFO perfrun.perfcollector <> - event: cpu/event=0xc2,umask=0x2,name='UOPS_RETIRED.RETIRE_SLOTS'/u, added for counting
554 [139745951045376] INFO perfrun.perfcollector <> - event: cpu/event=0xb1,umask=0x1,name='UOPS_EXECUTED.THREAD'/u, added for counting
554 [139745951045376] INFO perfrun.perfcollector <> - attaching to pid: 4294967295, m_mode: 10, mode: 3
554 [139745802778368] INFO perfrun.perfcollector <> - Perf stat trace pipe capacity: read = 1048576, write = 1048576
557 [139745802778368] INFO perfrun.sdk <> - runCmd: /opt/intel/oneapi/vtune/2024.2/bin64/amplxe-perf stat -v --log-fd 12 --scale -x ; -e cpu/event=0x3c,name='CPU_CLK_UNHALTED.THREAD'/Du,cpu/umask=0x3,name='CPU_CLK_UNHALTED.REF_TSC'/Du,cpu/event=0xc0,name='INST_RETIRED.ANY'/Du,cpu/event=0x3c,umask=0x1,name='CPU_CLK_UNHALTED.REF_XCLK'/u,cpu/event=0x3c,umask=0x2,name='CPU_CLK_UNHALTED.ONE_THREAD_ACTIVE'/u,cpu/event=0xc7,umask=0x2,name='FP_ARITH_INST_RETIRED.SCALAR_SINGLE'/u,cpu/event=0xc7,umask=0x8,name='FP_ARITH_INST_RETIRED.128B_PACKED_SINGLE'/u,cpu/event=0xc7,umask=0x20,name='FP_ARITH_INST_RETIRED.256B_PACKED_SINGLE'/u,cpu/event=0xc7,umask=0x1,name='FP_ARITH_INST_RETIRED.SCALAR_DOUBLE'/u,cpu/event=0xc7,umask=0x4,name='FP_ARITH_INST_RETIRED.128B_PACKED_DOUBLE'/u,cpu/event=0xc7,umask=0x10,name='FP_ARITH_INST_RETIRED.256B_PACKED_DOUBLE'/u,cpu/event=0xc0,umask=0x2,name='INST_RETIRED.X87'/u,cpu/event=0xc2,umask=0x2,name='UOPS_RETIRED.RETIRE_SLOTS'/u,cpu/event=0xb1,umask=0x1,name='UOPS_EXECUTED.THREAD'/u /opt/intel/oneapi/vtune/2024.2/bin64/amplxe-perf-sync dryrun sys
558 [139745802778368] INFO perfrun.sdk <> - runCmd started PID 3375684
677 [139745802778368] INFO perfrun.perfcollector <> - Monitor: runCmd RC = true
677 [139745951045376] INFO perfrun.launcher <> - plugin [aoclprofile] was disabled because it doesn't support the given collection type.
677 [139745951045376] INFO perfrun.tpss <> - initialize tpss controller
677 [139745951045376] INFO perfrun.tpss <> - configure collection mode: value = cpu:counters:nostack
677 [139745951045376] INFO perfrun.tpss <> - configure collection mode: value = cpu:stack
678 [139745951045376] INFO perfrun.tpss <> - default obj-size-min=1024
678 [139745951045376] INFO perfrun.tpss <> - default hash-table-size=0
678 [139745951045376] INFO perfrun.launcher <> - plugin [media] was disabled because it doesn't support the given collection type.
678 [139745951045376] INFO perfrun.launcher <> - plugin [] was disabled because it doesn't support the given collection type.
678 [139745951045376] INFO perfrun.launcher <> - plugin [] was disabled because it doesn't support the given collection type.
678 [139745951045376] INFO perfrun.launcher <> - plugin [parallelfs] was disabled because it doesn't support the given collection type.
678 [139745951045376] INFO perfrun.launcher <> - plugin [power] was disabled because it doesn't support the given collection type.
678 [139745951045376] INFO perfrun.launcher <> - plugin [] was disabled because it doesn't support the given collection type.
678 [139745951045376] INFO perfrun.launcher <> - plugin [ipmwatch] was disabled because it doesn't support the given collection type.
678 [139745951045376] INFO perfrun.launcher <> - plugin [os_counters] was disabled because it doesn't support the given collection type.
678 [139745951045376] INFO perfrun.launcher <> - plugin [l0_metrics] was disabled because it doesn't support the given collection type.
678 [139746078260096] INFO perfrun.launcher <> - set environment variable: LD_LIBRARY_PATH = /opt/intel/oneapi/vtune/2024.2/lib32/runtime:/opt/intel/oneapi/vtune/2024.2/lib64/runtime:/usr/lib64/openmpi/lib:/usr/local/cuda-11.4/lib64
678 [139746078260096] INFO perfrun.launcher <> - set environment variable: INTEL_LIBITTNOTIFY32 = /opt/intel/oneapi/vtune/2024.2/lib32/runtime/libittnotify_collector.so
678 [139746078260096] INFO perfrun.launcher <> - set environment variable: INTEL_LIBITTNOTIFY64 = /opt/intel/oneapi/vtune/2024.2/lib64/runtime/libittnotify_collector.so
678 [139746078260096] INFO perfrun.launcher <> - set environment variable: INTEL_ITTNOTIFY_GROUPS = 
678 [139746078260096] INFO perfrun.launcher <> - set environment variable: INTEL_JIT_PROFILER32 = /opt/intel/oneapi/vtune/2024.2/lib32/runtime/libittnotify_collector.so
678 [139746078260096] INFO perfrun.launcher <> - set environment variable: INTEL_JIT_PROFILER64 = /opt/intel/oneapi/vtune/2024.2/lib64/runtime/libittnotify_collector.so
678 [139746078260096] INFO perfrun.launcher <> - set environment variable: CCL_ITT_LEVEL = 1
678 [139746078260096] INFO perfrun.launcher <> - set environment variable: ENABLE_JITPROFILING = 1
678 [139746078260096] INFO perfrun.launcher <> - set environment variable: CL_CONFIG_USE_VTUNE = True
678 [139746078260096] INFO perfrun.launcher <> - set environment variable: KMP_FORKJOIN_FRAMES = 0
678 [139746078260096] INFO perfrun.launcher <> - set environment variable: KMP_FORKJOIN_FRAMES_MODE = 0
679 [139746078260096] INFO perfrun.launcher <> - set environment variable: INTEL_MRTE_DATA_DIR = /tmp/amplxe-tmp-dragos.boncan/amplxe-res-3375677-47560436483386424/data.0
679 [139746078260096] INFO perfrun.launcher <> - set environment variable: INTEL_MRTE_HOST_NAME = xl270-wn161.grid.pub.ro
679 [139746078260096] INFO perfrun.launcher <> - set environment variable: JAVA_TOOL_OPTIONS = -agentlib:amplxe_samplingmrte_javaprof_1.0 -Dsun.boot.library.path=/opt/intel/oneapi/vtune/2024.2/lib32/runtime:/opt/intel/oneapi/vtune/2024.2/lib64/runtime
679 [139746078260096] INFO perfrun.launcher <> - set environment variable: LD_LIBRARY_PATH = /opt/intel/oneapi/vtune/2024.2/lib32/runtime:/opt/intel/oneapi/vtune/2024.2/lib64/runtime:/usr/lib64/openmpi/lib:/usr/local/cuda-11.4/lib64
679 [139746078260096] INFO perfrun.launcher <> - set environment variable: CORECLR_ENABLE_PROFILING = 1
679 [139746078260096] INFO perfrun.launcher <> - set environment variable: CORECLR_PROFILER = {AA5E4821-E3B1-479c-B7FF-5AD047D22CED}
679 [139746078260096] INFO perfrun.launcher <> - set environment variable: CORECLR_PROFILER_PATH = /opt/intel/oneapi/vtune/2024.2/lib64/libamplxe_samplingmrte_clrprof_1.0.so
679 [139746078260096] INFO perfrun.launcher <> - set environment variable: INTEL_MRTE_PROFILER_MODE = mixed
679 [139746078260096] INFO perfrun.launcher <> - RpcServer: run RPC server to handle requests
680 [139746078260096] INFO perfrun.launcher <> - Launcher: command line to start before modification = mpirun -np 1 --oversubscribe ./Canny_mpi_pthreads/Canny_mpi_pthreads images/input/1_earth_8k.jpg images/output/output_vtune.png 15 45 9 1.5 2
680 [139746078260096] INFO perfrun.launcher <> - Launcher: command line to start after modification = /opt/intel/oneapi/vtune/2024.2/bin64/pin -error_file /tmp/amplxe-tmp-dragos.boncan/amplxe-res-3375677-47560436483386424/data.0/pinerr.tpsslog -detach_reattach -follow_execv -tool_load_option deepbind -t64 /opt/intel/oneapi/vtune/2024.2/lib64/libtpsstool.so -t /opt/intel/oneapi/vtune/2024.2/lib32/libtpsstool.so -server_name tpss_ipc.3375677 -prd_dir /opt/intel/oneapi/vtune/2024.2 -- mpirun -np 1 --oversubscribe ./Canny_mpi_pthreads/Canny_mpi_pthreads images/input/1_earth_8k.jpg images/output/output_vtune.png 15 45 9 1.5 2
681 [139746078260096] INFO perfrun.launcher <> - ProcessCreator object was created
681 [139746078260096] INFO perfrun.launcher <> - Launcher: the process was started in suspend mode
705 [139745951045376] WARN perfrun.system <> - Could not do anything with /sys/kernel/debug/kvm: boost::filesystem::status: Permission denied [system:13]: "/sys/kernel/debug/kvm", at file: vcs/perfrun1/plugins/system/src/trace_writer.cpp:787
706 [139745951045376] WARN perfrun.system <> - Folder "/var/run/libvirt/qemu/"doesn't exist, at file: vcs/perfrun1/plugins/system/src/trace_writer.cpp:800
717 [139745951045376] WARN perfrun.sdk <> - Failed to find xl binary on any of the system paths: /bin, /sbin, /usr/bin, /usr/sbin., at file: vcs/perfrun1/sdk/src/utils.cpp:204
717 [139745951045376] WARN perfrun.system <> - Could not start ContainerMapping collector, at file: vcs/perfrun1/plugins/system/src/controller.cpp:448
723 [139745951045376] INFO perfrun.vdso <> - Helper runtool '/opt/intel/oneapi/vtune/2024.2/bin32/amplxe-runss -dump-vdso -r /tmp/amplxe-tmp-dragos.boncan/amplxe-res-3375677-47560436483386424 --tmp-dir /tmp/amplxe-tmp-dragos.boncan' returned 1
927 [139745951045376] INFO perfrun.vdso <> - Helper runtool '/opt/intel/oneapi/vtune/2024.2/bin64/amplxe-runss -dump-vdso -r /tmp/amplxe-tmp-dragos.boncan/amplxe-res-3375677-47560436483386424 --tmp-dir /tmp/amplxe-tmp-dragos.boncan' returned 0
927 [139745951045376] INFO perfrun.itt <> - start itt controller for pid #3375687
927 [139745951045376] INFO perfrun.perfcollector <> - attaching to pid: 3375687, m_mode: 10, mode: 11
927 [139745777600256] INFO perfrun.perfcollector <> - Perf stat trace pipe capacity: read = 1048576, write = 1048576
930 [139745777600256] INFO perfrun.sdk <> - runCmd: /opt/intel/oneapi/vtune/2024.2/bin64/amplxe-perf stat -v --log-fd 23 --control=fd:24,27 --scale -x ; -p 3375687 -e cpu/event=0x3c,name='CPU_CLK_UNHALTED.THREAD'/Du,cpu/umask=0x3,name='CPU_CLK_UNHALTED.REF_TSC'/Du,cpu/event=0xc0,name='INST_RETIRED.ANY'/Du,cpu/event=0x3c,umask=0x1,name='CPU_CLK_UNHALTED.REF_XCLK'/u,cpu/event=0x3c,umask=0x2,name='CPU_CLK_UNHALTED.ONE_THREAD_ACTIVE'/u,cpu/event=0xc7,umask=0x2,name='FP_ARITH_INST_RETIRED.SCALAR_SINGLE'/u,cpu/event=0xc7,umask=0x8,name='FP_ARITH_INST_RETIRED.128B_PACKED_SINGLE'/u,cpu/event=0xc7,umask=0x20,name='FP_ARITH_INST_RETIRED.256B_PACKED_SINGLE'/u,cpu/event=0xc7,umask=0x1,name='FP_ARITH_INST_RETIRED.SCALAR_DOUBLE'/u,cpu/event=0xc7,umask=0x4,name='FP_ARITH_INST_RETIRED.128B_PACKED_DOUBLE'/u,cpu/event=0xc7,umask=0x10,name='FP_ARITH_INST_RETIRED.256B_PACKED_DOUBLE'/u,cpu/event=0xc0,umask=0x2,name='INST_RETIRED.X87'/u,cpu/event=0xc2,umask=0x2,name='UOPS_RETIRED.RETIRE_SLOTS'/u,cpu/event=0xb1,umask=0x1,name='UOPS_EXECUTED.THREAD'/u /opt/intel/oneapi/vtune/2024.2/bin64/amplxe-perf-sync sync sys
931 [139745777600256] INFO perfrun.sdk <> - runCmd started PID 3375695
1040 [139745951045376] INFO perfrun.tpss <> - start tpss controller for pid #3375687
1091 [139746078260096] INFO perfrun.launcher <> - Launcher: all plugins were started
1091 [139746078260096] INFO perfrun.launcher <> - DirectoryMonitor object was created
1091 [139746078260096] INFO perfrun.launcher <> - DirectoryMonitor: a callback was added
1091 [139746078260096] INFO perfrun.launcher <> - DirectoryMonitor was started with pingTime = 1000
1091 [139746078260096] INFO perfrun.launcher <> - DeadlineTimer is going to be constructed
1092 [139746078260096] INFO perfrun.launcher <> - DeadlineTimer: a callback was added
1100 [139746078260096] INFO perfrun.launcher <> - Launcher: resume the profiled application and  wait its termination or stop command
6497 [139746078260096] INFO perfrun.launcher <> - Launcher: the profiled application was terminated  with exit code = 0
6506 [139745951045376] INFO perfrun.itt <> - detach itt controller
6506 [139745951045376] INFO perfrun.itt <> - detach itt controller done
6508 [139745777600256] INFO perfrun.perfcollector <> - Monitor: runCmd RC = true
6508 [139745951045376] INFO perfrun.perfcollector <> - Monitor: state = 3, error = 1
6509 [139745951045376] INFO perfrun.tpss <> - stop tpss controller
6509 [139745951045376] INFO perfrun.sdk <> - De-allocating TMU: /tmp/amplxe-tmp-dragos.boncan/amplxe-res-3375677-47560436483386424/data.0/systemcollector-3375677-xl270-wn161.grid.pub.ro.sc
6509 [139745951045376] INFO perfrun.system <> - closed the system trace file: /tmp/amplxe-tmp-dragos.boncan/amplxe-res-3375677-47560436483386424/data.0/systemcollector-3375677-xl270-wn161.grid.pub.ro.sc
6509 [139746078260096] INFO perfrun.launcher <> - Launcher: all plugins were stopped.
6509 [139746078260096] INFO perfrun.launcher <> - DeadlineTimer is going to be destroyed
6510 [139746078260096] INFO perfrun.launcher <> - DeadlineTimer was destroyed
6510 [139746078260096] INFO perfrun.launcher <> - DirectoryMonitor object was destroyed
6510 [139746078260096] WARN perfrun.launcher <> - Stop command is ignored because it is received when collection is already stopped, at file: vcs/perfrun1/launcher/src/command_handler.cpp:226
6541 [139746078260096] INFO perfrun.launcher <> - Application exit code: 0
6541 [139746078260096] INFO perfrun.launcher <> - Exit code: 0
