mpic++ -std=c++11 -O3 -fopenmp -o Canny_hybrid_mpi_openmp/Canny_hybrid_mpi_openmp Canny_hybrid_mpi_openmp/Canny_hybrid_mpi_openmp.cpp Canny_hybrid_mpi_openmp/Image.cpp
mpirun -np 6 --oversubscribe ./Canny_hybrid_mpi_openmp/Canny_hybrid_mpi_openmp images/input/1_earth_8k.jpg images/output/output_canny.png 15 45 9 1.5 2
=== Hybrid MPI+OpenMP Canny Edge Detection ===
MPI processes: 6
OpenMP threads per process: 2
Low threshold: 15
High threshold: 45
Kernel size: 9
Sigma: 1.5

Image loaded: 8192x4096 pixels, 3 channels

Distribution per process:
  Process 0: rows 0-682 (683 rows)
  Process 1: rows 683-1365 (683 rows)
  Process 2: rows 1366-2048 (683 rows)
  Process 3: rows 2049-2731 (683 rows)
  Process 4: rows 2732-3413 (682 rows)
  Process 5: rows 3414-4095 (682 rows)

Image scattered to all processes
Processing started...
Processing completed on all processes

Elapsed time: 1.63409 seconds
Output saved: images/output/output_canny.png

Statistics:
   Total pixels: 33554432
   Edge pixels: 1824517 (5.437484%)
