3 [140077325675392] INFO perfrun.launcher <> - Launcher main begin
5 [140077325675392] INFO perfrun.launcher <> - MessageCatalogInit finished
5 [140077325675392] INFO perfrun.launcher <> - Launcher instance created
5 [140077325675392] INFO perfrun.launcher <> - argc = 6; cmdline = /opt/intel/oneapi/vtune/2024.2/bin64/amplxe-runss -dump-vdso -r /tmp/amplxe-tmp-dragos.boncan/amplxe-res-3375774-47560481694425456 --tmp-dir /tmp/amplxe-tmp-dragos.boncan 
142 [140077325675392] INFO perfrun.perfcollector <> - SEP tool path: /opt/intel/oneapi/vtune/2024.2/bin64/sep
151 [140077325675392] INFO perfrun.launcher <> - create msngr2::ICliToolContext
151 [140077325675392] INFO perfrun.launcher <> - create file finder object
163 [140077198460672] INFO perfrun.launcher <> - plugin [remoteplug] was disabled because it doesn't support the given collection type.
163 [140077198460672] INFO perfrun.launcher <> - plugin [system] was disabled because it doesn't support the given collection type.
163 [140077198460672] INFO perfrun.vdso <> - dumping [vdso] pseudomodule
164 [140077198460672] INFO perfrun.launcher <> - plugin [itt] was disabled because it doesn't support the given collection type.
164 [140077198460672] INFO perfrun.launcher <> - plugin [ptracecollector] was disabled because it doesn't support the given collection type.
164 [140077198460672] INFO perfrun.launcher <> - plugin [gpu] was disabled because it doesn't support the given collection type.
164 [140077198460672] INFO perfrun.launcher <> - plugin [] was disabled because it doesn't support the given collection type.
164 [140077198460672] INFO perfrun.launcher <> - plugin [] was disabled because it doesn't support the given collection type.
164 [140077198460672] INFO perfrun.launcher <> - plugin [] was disabled because it doesn't support the given collection type.
164 [140077198460672] INFO perfrun.launcher <> - plugin [mrte] was disabled because it doesn't support the given collection type.
164 [140077198460672] INFO perfrun.launcher <> - plugin [emon] was disabled because it doesn't support the given collection type.
164 [140077198460672] INFO perfrun.launcher <> - plugin [cuscol] was disabled because it doesn't support the given collection type.
164 [140077198460672] INFO perfrun.launcher <> - plugin [stdsrc] was disabled because it doesn't support the given collection type.
164 [140077198460672] INFO perfrun.launcher <> - plugin [sep] was disabled because it doesn't support the given collection type.
164 [140077198460672] INFO perfrun.launcher <> - plugin [vtsspp] was disabled because it doesn't support the given collection type.
164 [140077198460672] INFO perfrun.launcher <> - plugin [perf] was disabled because it doesn't support the given collection type.
164 [140077198460672] INFO perfrun.launcher <> - plugin [aoclprofile] was disabled because it doesn't support the given collection type.
164 [140077198460672] INFO perfrun.launcher <> - plugin [tpss] was disabled because it doesn't support the given collection type.
164 [140077198460672] INFO perfrun.launcher <> - plugin [media] was disabled because it doesn't support the given collection type.
164 [140077198460672] INFO perfrun.launcher <> - plugin [] was disabled because it doesn't support the given collection type.
164 [140077198460672] INFO perfrun.launcher <> - plugin [] was disabled because it doesn't support the given collection type.
164 [140077198460672] INFO perfrun.launcher <> - plugin [parallelfs] was disabled because it doesn't support the given collection type.
164 [140077198460672] INFO perfrun.launcher <> - plugin [power] was disabled because it doesn't support the given collection type.
164 [140077198460672] INFO perfrun.launcher <> - plugin [] was disabled because it doesn't support the given collection type.
164 [140077198460672] INFO perfrun.launcher <> - plugin [ipmwatch] was disabled because it doesn't support the given collection type.
164 [140077198460672] INFO perfrun.launcher <> - plugin [os_counters] was disabled because it doesn't support the given collection type.
164 [140077198460672] INFO perfrun.launcher <> - plugin [l0_metrics] was disabled because it doesn't support the given collection type.
164 [140077325675392] INFO perfrun.launcher <> - Application exit code: 0
165 [140077325675392] INFO perfrun.launcher <> - Exit code: 0
